mysql> select Salary from employee order by Salary desc limit 1;
+----------+
| Salary   |
+----------+
| 75000.00 |
+----------+
1 row in set (0.00 sec)

mysql> select Salary from employee order by Salary desc limit 5;
+----------+
| Salary   |
+----------+
| 75000.00 |
| 55000.00 |
| 43000.00 |
| 43000.00 |
| 40000.00 |
+----------+
5 rows in set (0.00 sec)

mysql> select Salary from employee order by Salary desc limit n;
ERROR 1327 (42000): Undeclared variable: n
mysql> select Salary from employee order by Salary desc limit 1,1,1;
ERROR 1064 (42000): You have an error in your SQL syntax; check the manual that corresponds to your MySQL server version for the right syntax to use near '1' at line 1
mysql> select Salary from employee order by Salary desc limit 1,2;
+----------+
| Salary   |
+----------+
| 55000.00 |
| 43000.00 |
+----------+
2 rows in set (0.00 sec)

mysql> select Salary from employee order by Salary desc limit 2,2;
+----------+
| Salary   |
+----------+
| 43000.00 |
| 43000.00 |
+----------+
2 rows in set (0.00 sec)

mysql> select Salary from employee order by Salary desc limit 5,1;
+----------+
| Salary   |
+----------+
| 38000.00 |
+----------+
mysql> select Salary from employee order by Salary desc limit 0,3;
+----------+
| Salary   |
+----------+
| 75000.00 |
| 55000.00 |
| 43000.00 |
+----------+
3 rows in set (0.00 sec)

mysql> select now();
+---------------------+
| now()               |
+---------------------+
| 2018-03-27 22:33:18 |
+---------------------+
1 row in set (0.00 sec)

mysql> select year(Mgr_start_date),month(Mgr_start_date),day(Mgr_start_date) from department;
+----------------------+-----------------------+---------------------+
| year(Mgr_start_date) | month(Mgr_start_date) | day(Mgr_start_date) |
+----------------------+-----------------------+---------------------+
|                 1989 |                     2 |                  19 |
|                 1976 |                     3 |                  12 |
|                 1980 |                     5 |                  22 |
+----------------------+-----------------------+---------------------+
3 rows in set (0.00 sec)

mysql> ^C
mysql> select current_time();
+----------------+
| current_time() |
+----------------+
| 22:37:46       |
+----------------+
1 row in set (0.00 sec)

mysql> select current_date();
+----------------+
| current_date() |
+----------------+
| 2018-03-27     |
+----------------+
1 row in set (0.01 sec)

mysql> select sysdate(),sleep(5),sysdate();
+---------------------+----------+---------------------+
| sysdate()           | sleep(5) | sysdate()           |
+---------------------+----------+---------------------+
| 2018-03-27 22:49:21 |        0 | 2018-03-27 22:49:26 |
+---------------------+----------+---------------------+
1 row in set (5.01 sec)

mysql> 
mysql> ^C
mysql> select sysdate(),sleep(5),sysdate();
+---------------------+----------+---------------------+
| sysdate()           | sleep(5) | sysdate()           |
+---------------------+----------+---------------------+
| 2018-03-27 22:50:08 |        0 | 2018-03-27 22:50:13 |
+---------------------+----------+---------------------+
1 row in set (5.00 sec)

mysql> select adddate('21-09-1999',interval 1 day);
+--------------------------------------+
| adddate('21-09-1999',interval 1 day) |
+--------------------------------------+
| NULL                                 |
+--------------------------------------+
1 row in set, 1 warning (0.00 sec)

mysql> select adddate('1999-09-21',interval 1 day);
+--------------------------------------+
| adddate('1999-09-21',interval 1 day) |
+--------------------------------------+
| 1999-09-22                           |
+--------------------------------------+
1 row in set (0.00 sec)

mysql> select adddate('1999-09-21',interval 24 hour);
+----------------------------------------+
| adddate('1999-09-21',interval 24 hour) |
+----------------------------------------+
| 1999-09-22 00:00:00                    |
+----------------------------------------+
1 row in set (0.00 sec)

mysql> select adddate('1999-09-21',interval 24 hour) as next day's date;
    '> 
    '> ^C
mysql> select adddate('1999-09-21',interval 24 hour) as next day's date;
    '> ^C
mysql> select adddate('1999-09-21',interval 24 hour) as 'next day's date';
    '> ^C
mysql> select adddate('1999-09-21',interval 24 hour) as 'next_day's_date';
    '> select adddate('1999-09-21',interval 24 hour) as "next_day's_date";
    "> ^C
mysql> select adddate('1999-09-21',interval 24 hour) as "next_day's_date";
+---------------------+
| next_day's_date     |
+---------------------+
| 1999-09-22 00:00:00 |
+---------------------+
1 row in set (0.00 sec)

mysql> 
mysql> select adddate('1999-09-21',interval 24 hour) as 'next_day's_date';
    '> ^C
mysql> ^C
mysql> select charindex('o',John) from employee where Fname like 'John';
ERROR 1305 (42000): FUNCTION COMPANY.charindex does not exist
mysql> select charindex('o',Fname) from employee where Fname like 'John';
ERROR 1305 (42000): FUNCTION COMPANY.charindex does not exist
mysql> select charindex('o',emp_name) from employee where emp_name like 'John';
ERROR 1305 (42000): FUNCTION COMPANY.charindex does not exist
mysql> select charindex('o',emp_name) from employee where emp_name like '%John%';
ERROR 1305 (42000): FUNCTION COMPANY.charindex does not exist
mysql> select CHARINDEX('o','John');
ERROR 1305 (42000): FUNCTION COMPANY.CHARINDEX does not exist
mysql> select position('o' in Fname) from employee where Fname='John';
+------------------------+
| position('o' in Fname) |
+------------------------+
|                      2 |
+------------------------+
1 row in set (0.03 sec)

mysql> select LTRIM(Fname) from employee;
+--------------+
| LTRIM(Fname) |
+--------------+
| John         |
| Franklin     |
| Cecilia      |
| Joyce        |
| Arun         |
| Deva         |
| James        |
| Jennifer     |
| Ahmed        |
| Alicia       |
+--------------+
10 rows in set (0.00 sec)

mysql> select length(Fname) from employee;
+---------------+
| length(Fname) |
+---------------+
|             4 |
|             8 |
|             7 |
|             5 |
|             4 |
|             4 |
|             5 |
|             8 |
|             5 |
|             6 |
+---------------+
10 rows in set (0.00 sec)

mysql> select Fname,length(Fname) from employee;
+----------+---------------+
| Fname    | length(Fname) |
+----------+---------------+
| John     |             4 |
| Franklin |             8 |
| Cecilia  |             7 |
| Joyce    |             5 |
| Arun     |             4 |
| Deva     |             4 |
| James    |             5 |
| Jennifer |             8 |
| Ahmed    |             5 |
| Alicia   |             6 |
+----------+---------------+
10 rows in set (0.00 sec)

mysql> select replace(Fname,'o','*') from employee;
+------------------------+
| replace(Fname,'o','*') |
+------------------------+
| J*hn                   |
| Franklin               |
| Cecilia                |
| J*yce                  |
| Arun                   |
| Deva                   |
| James                  |
| Jennifer               |
| Ahmed                  |
| Alicia                 |
+------------------------+
10 rows in set (0.00 sec)

mysql> select concat(Fname,_,Lname) from employee;
ERROR 1054 (42S22): Unknown column '_' in 'field list'
mysql> select concat(Fname,'_',Lname) from employee;
+-------------------------+
| concat(Fname,'_',Lname) |
+-------------------------+
| John_Smith              |
| Franklin_Wong           |
| Cecilia_Kolonsky        |
| Joyce_English           |
| Arun_Narayanan          |
| Deva_Sushmitha          |
| James_Bong              |
| Jennifer_Wallace        |
| Ahmed_Jabbar            |
| Alicia_Zelaya           |
+-------------------------+
10 rows in set (0.00 sec)

mysql> select concat(Fname,"_",Lname) from employee;
+-------------------------+
| concat(Fname,"_",Lname) |
+-------------------------+
| John_Smith              |
| Franklin_Wong           |
| Cecilia_Kolonsky        |
| Joyce_English           |
| Arun_Narayanan          |
| Deva_Sushmitha          |
| James_Bong              |
| Jennifer_Wallace        |
| Ahmed_Jabbar            |
| Alicia_Zelaya           |
+-------------------------+
10 rows in set (0.00 sec)

mysql> ^C
mysql> select * from employee where Lname like '%sh%;
    '> ^C
mysql> select * from employee where Lname like '%sh%';
+-------+-------+-----------+-----------+------------+-----------------------+------+----------+-----------+-----+
| Fname | Minit | Lname     | Ssn       | Bdate      | Address               | Sex  | Salary   | Super_Ssn | Dno |
+-------+-------+-----------+-----------+------------+-----------------------+------+----------+-----------+-----+
| Joyce | A     | English   | 453453453 | 1972-12-31 | 6448 Rice,Houseton,TX | M    | 25000.00 | 333445555 |   2 |
| Deva  | D     | Sushmitha | 755016802 | 1975-01-09 | 197 Berry,Houseton,TX | F    | 75000.00 | NULL      |   2 |
+-------+-------+-----------+-----------+------------+-----------------------+------+----------+-----------+-----+
2 rows in set (0.00 sec)

mysql> select concact(Fname,'_',Lname) from employee where Lname like '%sh%';
ERROR 1305 (42000): FUNCTION COMPANY.concact does not exist
mysql> select concat(Fname,'_',Lname) from employee where Lname like '%sh%';
+-------------------------+
| concat(Fname,'_',Lname) |
+-------------------------+
| Joyce_English           |
| Deva_Sushmitha          |
+-------------------------+
2 rows in set (0.00 sec)

mysql> select concat(Fname,'_',Lname) from employee where Lname like '%Sh%';
+-------------------------+
| concat(Fname,'_',Lname) |
+-------------------------+
| Joyce_English           |
| Deva_Sushmitha          |
+-------------------------+
2 rows in set (0.00 sec)

mysql> select concat(Fname,'_',Lname) from employee where Lname like '%SH%';
+-------------------------+
| concat(Fname,'_',Lname) |
+-------------------------+
| Joyce_English           |
| Deva_Sushmitha          |
+-------------------------+
2 rows in set (0.00 sec)

mysql> desc employee;
+-----------+---------------+------+-----+---------+-------+
| Field     | Type          | Null | Key | Default | Extra |
+-----------+---------------+------+-----+---------+-------+
| Fname     | varchar(15)   | NO   |     | NULL    |       |
| Minit     | char(1)       | YES  |     | NULL    |       |
| Lname     | varchar(15)   | NO   |     | NULL    |       |
| Ssn       | char(9)       | NO   | PRI | NULL    |       |
| Bdate     | date          | YES  |     | NULL    |       |
| Address   | varchar(30)   | YES  |     | NULL    |       |
| Sex       | char(1)       | YES  |     | NULL    |       |
| Salary    | decimal(10,2) | YES  |     | NULL    |       |
| Super_Ssn | char(9)       | YES  | MUL | NULL    |       |
| Dno       | int(11)       | NO   | MUL | NULL    |       |
+-----------+---------------+------+-----+---------+-------+
10 rows in set (0.00 sec)

mysql> select * from employee;
+----------+-------+-----------+-----------+------------+-----------------------------+------+----------+-----------+-----+
| Fname    | Minit | Lname     | Ssn       | Bdate      | Address                     | Sex  | Salary   | Super_Ssn | Dno |
+----------+-------+-----------+-----------+------------+-----------------------------+------+----------+-----------+-----+
| John     | B     | Smith     | 123456789 | 1965-03-09 | 731 Fondren,Houseton,TX     | M    | 30000.00 | 333445555 |   6 |
| Franklin | T     | Wong      | 333445555 | 1955-12-08 | 678 Voss,Houseton,TX        | M    | 40000.00 | 888665555 |   6 |
| Cecilia  | F     | Kolonsky  | 345678912 | 1960-04-05 | 1978 Windy lane,Houseton,TX | F    | 43000.00 | 333445555 |   2 |
| Joyce    | A     | English   | 453453453 | 1972-12-31 | 6448 Rice,Houseton,TX       | M    | 25000.00 | 333445555 |   2 |
| Arun     | K     | Narayanan | 666884444 | 1962-01-15 | 112 Fire oak,Houseton,TX    | M    | 38000.00 | 333445555 |   5 |
| Deva     | D     | Sushmitha | 755016802 | 1975-01-09 | 197 Berry,Houseton,TX       | F    | 75000.00 | NULL      |   2 |
| James    | E     | Bong      | 888665555 | 1937-11-10 | 450 stone,Houseton,TX       | M    | 55000.00 | NULL      |   5 |
| Jennifer | S     | Wallace   | 987654321 | 1941-06-20 | 182 Berry,Houseton,TX       | F    | 43000.00 | 888665555 |   5 |
| Ahmed    | V     | Jabbar    | 987987987 | 1937-03-10 | 980 Dallas,Houseton,TX      | M    | 25000.00 | 987654321 |   6 |
| Alicia   | J     | Zelaya    | 999887777 | 1968-01-19 | 897 Castle,Houseton,TX      | F    | 27500.00 | 987654321 |   6 |
+----------+-------+-----------+-----------+------------+-----------------------------+------+----------+-----------+-----+
10 rows in set (0.00 sec)

mysql> select Sex,count(*) from employee where Bdate between '1937-11-10' and '1972-12-31';
ERROR 1140 (42000): In aggregated query without GROUP BY, expression #1 of SELECT list contains nonaggregated column 'COMPANY.employee.Sex'; this is incompatible with sql_mode=only_full_group_by
mysql> select Sex,count(*) from employee where Bdate between '1937-11-10' and '1972-12-31' group by Sex;
+------+----------+
| Sex  | count(*) |
+------+----------+
| F    |        3 |
| M    |        5 |
+------+----------+
2 rows in set (0.00 sec)

mysql> desc departmernt;
ERROR 1146 (42S02): Table 'COMPANY.departmernt' doesn't exist
mysql> desc department;
+----------------+-------------+------+-----+---------+-------+
| Field          | Type        | Null | Key | Default | Extra |
+----------------+-------------+------+-----+---------+-------+
| Dname          | varchar(15) | YES  | UNI | NULL    |       |
| Dnumber        | int(11)     | NO   | PRI | NULL    |       |
| Mgr_ssn        | char(9)     | NO   | MUL | NULL    |       |
| Mgr_start_date | date        | YES  |     | NULL    |       |
+----------------+-------------+------+-----+---------+-------+
4 rows in set (0.01 sec)

mysql> delete from employee where Ssn not in  (select min(Ssn) from employee group by Ssn having count(*)>1);
ERROR 1093 (HY000): You can't specify target table 'employee' for update in FROM clause
mysql> delete from employee where Ssn not in  (select min(Ssn) from (select * from employee) as A group by A.Ssn having count(*)>1);
ERROR 1451 (23000): Cannot delete or update a parent row: a foreign key constraint fails (`COMPANY`.`dependent`, CONSTRAINT `dependent_ibfk_1` FOREIGN KEY (`Essn`) REFERENCES `employee` (`Ssn`))
mysql> select * from employee;
+----------+-------+-----------+-----------+------------+-----------------------------+------+----------+-----------+-----+
| Fname    | Minit | Lname     | Ssn       | Bdate      | Address                     | Sex  | Salary   | Super_Ssn | Dno |
+----------+-------+-----------+-----------+------------+-----------------------------+------+----------+-----------+-----+
| John     | B     | Smith     | 123456789 | 1965-03-09 | 731 Fondren,Houseton,TX     | M    | 30000.00 | 333445555 |   6 |
| Franklin | T     | Wong      | 333445555 | 1955-12-08 | 678 Voss,Houseton,TX        | M    | 40000.00 | 888665555 |   6 |
| Cecilia  | F     | Kolonsky  | 345678912 | 1960-04-05 | 1978 Windy lane,Houseton,TX | F    | 43000.00 | 333445555 |   2 |
| Joyce    | A     | English   | 453453453 | 1972-12-31 | 6448 Rice,Houseton,TX       | M    | 25000.00 | 333445555 |   2 |
| Arun     | K     | Narayanan | 666884444 | 1962-01-15 | 112 Fire oak,Houseton,TX    | M    | 38000.00 | 333445555 |   5 |
| Deva     | D     | Sushmitha | 755016802 | 1975-01-09 | 197 Berry,Houseton,TX       | F    | 75000.00 | NULL      |   2 |
| James    | E     | Bong      | 888665555 | 1937-11-10 | 450 stone,Houseton,TX       | M    | 55000.00 | NULL      |   5 |
| Jennifer | S     | Wallace   | 987654321 | 1941-06-20 | 182 Berry,Houseton,TX       | F    | 43000.00 | 888665555 |   5 |
| Ahmed    | V     | Jabbar    | 987987987 | 1937-03-10 | 980 Dallas,Houseton,TX      | M    | 25000.00 | 987654321 |   6 |
| Alicia   | J     | Zelaya    | 999887777 | 1968-01-19 | 897 Castle,Houseton,TX      | F    | 27500.00 | 987654321 |   6 |
+----------+-------+-----------+-----------+------------+-----------------------------+------+----------+-----------+-----+
10 rows in set (0.00 sec)

mysql> update employee set Fname='Arun Roy' where Fname='Arun';
Query OK, 1 row affected (0.34 sec)
Rows matched: 1  Changed: 1  Warnings: 0

mysql> select LTRIM(Fname) from employee;
+--------------+
| LTRIM(Fname) |
+--------------+
| John         |
| Franklin     |
| Cecilia      |
| Joyce        |
| Arun Roy     |
| Deva         |
| James        |
| Jennifer     |
| Ahmed        |
| Alicia       |
+--------------+
10 rows in set (0.00 sec)

mysql> select RTRIM(Fname) from employee;
+--------------+
| RTRIM(Fname) |
+--------------+
| John         |
| Franklin     |
| Cecilia      |
| Joyce        |
| Arun Roy     |
| Deva         |
| James        |
| Jennifer     |
| Ahmed        |
| Alicia       |
+--------------+
10 rows in set (0.00 sec)

mysql> select TRIM(Fname) from employee;
+-------------+
| TRIM(Fname) |
+-------------+
| John        |
| Franklin    |
| Cecilia     |
| Joyce       |
| Arun Roy    |
| Deva        |
| James       |
| Jennifer    |
| Ahmed       |
| Alicia      |
+-------------+
10 rows in set (0.00 sec)

mysql> update employee set Fname='Arun  Roy' where Fname='Arun';
Query OK, 0 rows affected (0.00 sec)
Rows matched: 0  Changed: 0  Warnings: 0

mysql> select (length(Fname)-length(replace(Fname,' ',''))+1)>=2;
ERROR 1054 (42S22): Unknown column 'Fname' in 'field list'
mysql> select (length(Fname)-length(replace(Fname,' ',''))+1)>=2 from employee;
+----------------------------------------------------+
| (length(Fname)-length(replace(Fname,' ',''))+1)>=2 |
+----------------------------------------------------+
|                                                  0 |
|                                                  0 |
|                                                  0 |
|                                                  0 |
|                                                  1 |
|                                                  0 |
|                                                  0 |
|                                                  0 |
|                                                  0 |
|                                                  0 |
+----------------------------------------------------+
10 rows in set (0.00 sec)

mysql> select Fname from employee where  (length(Fname)-length(replace(Fname,' ',''))+1)>=2;
+----------+
| Fname    |
+----------+
| Arun Roy |
+----------+
1 row in set (0.00 sec)

mysql> select Fname from employee where Fname like '%n' and length(Fname)=4;
+-------+
| Fname |
+-------+
| John  |
+-------+
1 row in set (0.00 sec)

mysql> select Fname from employee where month(Bdate)='01' 
    -> ;
+----------+
| Fname    |
+----------+
| Arun Roy |
| Deva     |
| Alicia   |
+----------+
3 rows in set (0.02 sec)

mysql> select sysdate;
ERROR 1054 (42S22): Unknown column 'sysdate' in 'field list'
mysql> quit
mysql> select Fname from employee where Lname like '%a%';
+----------+
| Fname    |
+----------+
| Arun Roy |
| Deva     |
| Jennifer |
| Ahmed    |
| Alicia   |
+----------+
5 rows in set (0.00 sec)

mysql> select Fname from employee where replace(Fname,'a',' ');
Empty set (0.00 sec)

mysql> select replace(Fname,'a',' ') from employee;
+------------------------+
| replace(Fname,'a',' ') |
+------------------------+
| John                   |
| Fr nklin               |
| Cecili                 |
| Joyce                  |
| Arun Roy               |
| Dev                    |
| J mes                  |
| Jennifer               |
| Ahmed                  |
| Alici                  |
+------------------------+
10 rows in set (0.00 sec)

mysql> select Fname from employee where year(Bdate)='1972' and month(Badte)='02';
ERROR 1054 (42S22): Unknown column 'Badte' in 'where clause'
mysql> select Fname from employee where year(Bdate)='1972' and month(Bdate)='02';
Empty set (0.00 sec)

mysql> select * from employee;
+----------+-------+-----------+-----------+------------+-----------------------------+------+----------+-----------+-----+
| Fname    | Minit | Lname     | Ssn       | Bdate      | Address                     | Sex  | Salary   | Super_Ssn | Dno |
+----------+-------+-----------+-----------+------------+-----------------------------+------+----------+-----------+-----+
| John     | B     | Smith     | 123456789 | 1965-03-09 | 731 Fondren,Houseton,TX     | M    | 30000.00 | 333445555 |   6 |
| Franklin | T     | Wong      | 333445555 | 1955-12-08 | 678 Voss,Houseton,TX        | M    | 40000.00 | 888665555 |   6 |
| Cecilia  | F     | Kolonsky  | 345678912 | 1960-04-05 | 1978 Windy lane,Houseton,TX | F    | 43000.00 | 333445555 |   2 |
| Joyce    | A     | English   | 453453453 | 1972-12-31 | 6448 Rice,Houseton,TX       | M    | 25000.00 | 333445555 |   2 |
| Arun Roy | K     | Narayanan | 666884444 | 1962-01-15 | 112 Fire oak,Houseton,TX    | M    | 38000.00 | 333445555 |   5 |
| Deva     | D     | Sushmitha | 755016802 | 1975-01-09 | 197 Berry,Houseton,TX       | F    | 75000.00 | NULL      |   2 |
| James    | E     | Bong      | 888665555 | 1937-11-10 | 450 stone,Houseton,TX       | M    | 55000.00 | NULL      |   5 |
| Jennifer | S     | Wallace   | 987654321 | 1941-06-20 | 182 Berry,Houseton,TX       | F    | 43000.00 | 888665555 |   5 |
| Ahmed    | V     | Jabbar    | 987987987 | 1937-03-10 | 980 Dallas,Houseton,TX      | M    | 25000.00 | 987654321 |   6 |
| Alicia   | J     | Zelaya    | 999887777 | 1968-01-19 | 897 Castle,Houseton,TX      | F    | 27500.00 | 987654321 |   6 |
+----------+-------+-----------+-----------+------------+-----------------------------+------+----------+-----------+-----+
10 rows in set (0.00 sec)

mysql> select Fname from employee where year(Bdate)='1972' and month(Bdate)='12';
+-------+
| Fname |
+-------+
| Joyce |
+-------+
1 row in set (0.00 sec)

mysql> select lower(Fname) from employee;
+--------------+
| lower(Fname) |
+--------------+
| john         |
| franklin     |
| cecilia      |
| joyce        |
| arun roy     |
| deva         |
| james        |
| jennifer     |
| ahmed        |
| alicia       |
+--------------+
10 rows in set (0.00 sec)

mysql> select upper(Fname) from employee;
+--------------+
| upper(Fname) |
+--------------+
| JOHN         |
| FRANKLIN     |
| CECILIA      |
| JOYCE        |
| ARUN ROY     |
| DEVA         |
| JAMES        |
| JENNIFER     |
| AHMED        |
| ALICIA       |
+--------------+
10 rows in set (0.00 sec)

mysql> select top 10 column from employee;
ERROR 1064 (42000): You have an error in your SQL syntax; check the manual that corresponds to your MySQL server version for the right syntax to use near '10 column from employee' at line 1
mysql> select column from employee limit 10;
ERROR 1064 (42000): You have an error in your SQL syntax; check the manual that corresponds to your MySQL server version for the right syntax to use near 'column from employee limit 10' at line 1
mysql> select * from employee limit 10;
+----------+-------+-----------+-----------+------------+-----------------------------+------+----------+-----------+-----+
| Fname    | Minit | Lname     | Ssn       | Bdate      | Address                     | Sex  | Salary   | Super_Ssn | Dno |
+----------+-------+-----------+-----------+------------+-----------------------------+------+----------+-----------+-----+
| John     | B     | Smith     | 123456789 | 1965-03-09 | 731 Fondren,Houseton,TX     | M    | 30000.00 | 333445555 |   6 |
| Franklin | T     | Wong      | 333445555 | 1955-12-08 | 678 Voss,Houseton,TX        | M    | 40000.00 | 888665555 |   6 |
| Cecilia  | F     | Kolonsky  | 345678912 | 1960-04-05 | 1978 Windy lane,Houseton,TX | F    | 43000.00 | 333445555 |   2 |
| Joyce    | A     | English   | 453453453 | 1972-12-31 | 6448 Rice,Houseton,TX       | M    | 25000.00 | 333445555 |   2 |
| Arun Roy | K     | Narayanan | 666884444 | 1962-01-15 | 112 Fire oak,Houseton,TX    | M    | 38000.00 | 333445555 |   5 |
| Deva     | D     | Sushmitha | 755016802 | 1975-01-09 | 197 Berry,Houseton,TX       | F    | 75000.00 | NULL      |   2 |
| James    | E     | Bong      | 888665555 | 1937-11-10 | 450 stone,Houseton,TX       | M    | 55000.00 | NULL      |   5 |
| Jennifer | S     | Wallace   | 987654321 | 1941-06-20 | 182 Berry,Houseton,TX       | F    | 43000.00 | 888665555 |   5 |
| Ahmed    | V     | Jabbar    | 987987987 | 1937-03-10 | 980 Dallas,Houseton,TX      | M    | 25000.00 | 987654321 |   6 |
| Alicia   | J     | Zelaya    | 999887777 | 1968-01-19 | 897 Castle,Houseton,TX      | F    | 27500.00 | 987654321 |   6 |
+----------+-------+-----------+-----------+------------+-----------------------------+------+----------+-----------+-----+
10 rows in set (0.00 sec)

mysql> select * from employee limit 3;
+----------+-------+----------+-----------+------------+-----------------------------+------+----------+-----------+-----+
| Fname    | Minit | Lname    | Ssn       | Bdate      | Address                     | Sex  | Salary   | Super_Ssn | Dno |
+----------+-------+----------+-----------+------------+-----------------------------+------+----------+-----------+-----+
| John     | B     | Smith    | 123456789 | 1965-03-09 | 731 Fondren,Houseton,TX     | M    | 30000.00 | 333445555 |   6 |
| Franklin | T     | Wong     | 333445555 | 1955-12-08 | 678 Voss,Houseton,TX        | M    | 40000.00 | 888665555 |   6 |
| Cecilia  | F     | Kolonsky | 345678912 | 1960-04-05 | 1978 Windy lane,Houseton,TX | F    | 43000.00 | 333445555 |   2 |
+----------+-------+----------+-----------+------------+-----------------------------+------+----------+-----------+-----+
3 rows in set (0.00 sec)

mysql> select * from employee limit 3 offset 5;
+----------+-------+-----------+-----------+------------+-----------------------+------+----------+-----------+-----+
| Fname    | Minit | Lname     | Ssn       | Bdate      | Address               | Sex  | Salary   | Super_Ssn | Dno |
+----------+-------+-----------+-----------+------------+-----------------------+------+----------+-----------+-----+
| Deva     | D     | Sushmitha | 755016802 | 1975-01-09 | 197 Berry,Houseton,TX | F    | 75000.00 | NULL      |   2 |
| James    | E     | Bong      | 888665555 | 1937-11-10 | 450 stone,Houseton,TX | M    | 55000.00 | NULL      |   5 |
| Jennifer | S     | Wallace   | 987654321 | 1941-06-20 | 182 Berry,Houseton,TX | F    | 43000.00 | 888665555 |   5 |
+----------+-------+-----------+-----------+------------+-----------------------+------+----------+-----------+-----+
3 rows in set (0.00 sec)

mysql> select * from employee where lower(Fname)=upper(Fname);
+----------+-------+-----------+-----------+------------+-----------------------------+------+----------+-----------+-----+
| Fname    | Minit | Lname     | Ssn       | Bdate      | Address                     | Sex  | Salary   | Super_Ssn | Dno |
+----------+-------+-----------+-----------+------------+-----------------------------+------+----------+-----------+-----+
| John     | B     | Smith     | 123456789 | 1965-03-09 | 731 Fondren,Houseton,TX     | M    | 30000.00 | 333445555 |   6 |
| Franklin | T     | Wong      | 333445555 | 1955-12-08 | 678 Voss,Houseton,TX        | M    | 40000.00 | 888665555 |   6 |
| Cecilia  | F     | Kolonsky  | 345678912 | 1960-04-05 | 1978 Windy lane,Houseton,TX | F    | 43000.00 | 333445555 |   2 |
| Joyce    | A     | English   | 453453453 | 1972-12-31 | 6448 Rice,Houseton,TX       | M    | 25000.00 | 333445555 |   2 |
| Arun Roy | K     | Narayanan | 666884444 | 1962-01-15 | 112 Fire oak,Houseton,TX    | M    | 38000.00 | 333445555 |   5 |
| Deva     | D     | Sushmitha | 755016802 | 1975-01-09 | 197 Berry,Houseton,TX       | F    | 75000.00 | NULL      |   2 |
| James    | E     | Bong      | 888665555 | 1937-11-10 | 450 stone,Houseton,TX       | M    | 55000.00 | NULL      |   5 |
| Jennifer | S     | Wallace   | 987654321 | 1941-06-20 | 182 Berry,Houseton,TX       | F    | 43000.00 | 888665555 |   5 |
| Ahmed    | V     | Jabbar    | 987987987 | 1937-03-10 | 980 Dallas,Houseton,TX      | M    | 25000.00 | 987654321 |   6 |
| Alicia   | J     | Zelaya    | 999887777 | 1968-01-19 | 897 Castle,Houseton,TX      | F    | 27500.00 | 987654321 |   6 |
+----------+-------+-----------+-----------+------------+-----------------------------+------+----------+-----------+-----+
10 rows in set (0.00 sec)

mysql> select * from employee where ASCII(lower(Fname))=ASCII(upper(Fname));
Empty set (0.00 sec)

mysql> quit
mysql> create table emptem as(select * from employee);
Query OK, 10 rows affected (0.30 sec)
Records: 10  Duplicates: 0  Warnings: 0

mysql> select database();
+------------+
| database() |
+------------+
| COMPANY    |
+------------+
1 row in set (0.00 sec)

mysql> select user();
+----------------+
| user()         |
+----------------+
| deva@localhost |
+----------------+
1 row in set (0.00 sec)

mysql> select 1 and 2;
+---------+
| 1 and 2 |
+---------+
|       1 |
+---------+
1 row in set (0.00 sec)

mysql> select 5 and 2;
+---------+
| 5 and 2 |
+---------+
|       1 |
+---------+
1 row in set (0.00 sec)

mysql> select 5 or 2;
+--------+
| 5 or 2 |
+--------+
|      1 |
+--------+
1 row in set (0.00 sec)

mysql> select 5 exor 2;
ERROR 1064 (42000): You have an error in your SQL syntax; check the manual that corresponds to your MySQL server version for the right syntax to use near '2' at line 1
mysql> select 5^2;
+-----+
| 5^2 |
+-----+
|   7 |
+-----+
1 row in set (0.00 sec)

mysql> select adddate('1999-09-21',interval 1 day) as "next_day's_date";
+-----------------+
| next_day's_date |
+-----------------+
| 1999-09-22      |
+-----------------+
1 row in set (0.30 sec)

mysql> quit
mysql> select 5&2;
+-----+
| 5&2 |
+-----+
|   0 |
+-----+
1 row in set (0.00 sec)

mysql> select 5|2;
+-----+
| 5|2 |
+-----+
|   7 |
+-----+
1 row in set (0.00 sec)

mysql> select 5-|2;
ERROR 1064 (42000): You have an error in your SQL syntax; check the manual that corresponds to your MySQL server version for the right syntax to use near '|2' at line 1
mysql> select 5|2;
+-----+
| 5|2 |
+-----+
|   7 |
+-----+
1 row in set (0.00 sec)

mysql> select 5^2;
+-----+
| 5^2 |
+-----+
|   7 |
+-----+
1 row in set (0.00 sec)

mysql> select 5&3;
+-----+
| 5&3 |
+-----+
|   1 |
+-----+
1 row in set (0.00 sec)

mysql> select 5&30;
+------+
| 5&30 |
+------+
|    4 |
+------+
1 row in set (0.00 sec)

mysql> select * from employee where Fname in ('John','Deva');
+-------+-------+-----------+-----------+------------+-------------------------+------+----------+-----------+-----+
| Fname | Minit | Lname     | Ssn       | Bdate      | Address                 | Sex  | Salary   | Super_Ssn | Dno |
+-------+-------+-----------+-----------+------------+-------------------------+------+----------+-----------+-----+
| John  | B     | Smith     | 123456789 | 1965-03-09 | 731 Fondren,Houseton,TX | M    | 30000.00 | 333445555 |   6 |
| Deva  | D     | Sushmitha | 755016802 | 1975-01-09 | 197 Berry,Houseton,TX   | F    | 75000.00 | NULL      |   2 |
+-------+-------+-----------+-----------+------------+-------------------------+------+----------+-----------+-----+
2 rows in set (0.00 sec)

mysql> select datediff('1919-2-5','1919-2-9');
+---------------------------------+
| datediff('1919-2-5','1919-2-9') |
+---------------------------------+
|                              -4 |
+---------------------------------+
1 row in set (0.02 sec)

mysql> select datediff('1919-2-15','1919-2-9');
+----------------------------------+
| datediff('1919-2-15','1919-2-9') |
+----------------------------------+
|                                6 |
+----------------------------------+
1 row in set (0.00 sec)

mysql> 
mysql> select datediff('1919-2-15','1919-1-9');
+----------------------------------+
| datediff('1919-2-15','1919-1-9') |
+----------------------------------+
|                               37 |
+----------------------------------+
1 row in set (0.00 sec)

mysql> select datediff('1919-2-15','1918-1-9');
+----------------------------------+
| datediff('1919-2-15','1918-1-9') |
+----------------------------------+
|                              402 |
+----------------------------------+
1 row in set (0.01 sec)

mysql> select adddate('1999-01-09',interval 2 hour 5000 min);
ERROR 1064 (42000): You have an error in your SQL syntax; check the manual that corresponds to your MySQL server version for the right syntax to use near '5000 min)' at line 1
mysql> select adddate('1999-01-09',interval 2 hour 5000 minute);
ERROR 1064 (42000): You have an error in your SQL syntax; check the manual that corresponds to your MySQL server version for the right syntax to use near '5000 minute)' at line 1
mysql> select adddate('1999-01-09',interval 2 hour);
+---------------------------------------+
| adddate('1999-01-09',interval 2 hour) |
+---------------------------------------+
| 1999-01-09 02:00:00                   |
+---------------------------------------+
1 row in set (0.00 sec)

mysql> select adddate(curdate(),interval 2 hour);
+------------------------------------+
| adddate(curdate(),interval 2 hour) |
+------------------------------------+
| 2018-04-03 02:00:00                |
+------------------------------------+
1 row in set (0.00 sec)

mysql> select adddate(curdate(),interval 2 hour and 5000 minute);
ERROR 1064 (42000): You have an error in your SQL syntax; check the manual that corresponds to your MySQL server version for the right syntax to use near 'and 5000 minute)' at line 1
mysql> select adddate(curdate(),interval 5000 minute);
+-----------------------------------------+
| adddate(curdate(),interval 5000 minute) |
+-----------------------------------------+
| 2018-04-06 11:20:00                     |
+-----------------------------------------+
1 row in set (0.00 sec)

mysql> select curdate()+1 hour
    -> ;
+----------+
| hour     |
+----------+
| 20180404 |
+----------+
1 row in set (0.00 sec)

mysql> select curdate()+1;
+-------------+
| curdate()+1 |
+-------------+
|    20180404 |
+-------------+
1 row in set (0.00 sec)

mysql> select adddate(curdate(),interval 10/4 hour_minute);
+----------------------------------------------+
| adddate(curdate(),interval 10/4 hour_minute) |
+----------------------------------------------+
| 2018-04-06 13:20:00                          |
+----------------------------------------------+
1 row in set (0.00 sec)

mysql> select floor(5.4);
+------------+
| floor(5.4) |
+------------+
|          5 |
+------------+
1 row in set (0.00 sec)

mysql> select floor(-5.4);
+-------------+
| floor(-5.4) |
+-------------+
|          -6 |
+-------------+
1 row in set (0.00 sec)

mysql> select ceil(-5.4);
+------------+
| ceil(-5.4) |
+------------+
|         -5 |
+------------+
1 row in set (0.00 sec)

mysql> select ceil(5.4);
+-----------+
| ceil(5.4) |
+-----------+
|         6 |
+-----------+
1 row in set (0.00 sec)

mysql> select power(5,4);
+------------+
| power(5,4) |
+------------+
|        625 |
+------------+
1 row in set (0.00 sec)

mysql> select log(2,4);
+----------+
| log(2,4) |
+----------+
|        2 |
+----------+
1 row in set (0.00 sec)

mysql> select mod(2,4);
+----------+
| mod(2,4) |
+----------+
|        2 |
+----------+
1 row in set (0.00 sec)

mysql> select mod(4,2);
+----------+
| mod(4,2) |
+----------+
|        0 |
+----------+
1 row in set (0.00 sec)

mysql> select round(4.5)
    -> ;
+------------+
| round(4.5) |
+------------+
|          5 |
+------------+
1 row in set (0.00 sec)

mysql> select round(4.3)
    -> ;
+------------+
| round(4.3) |
+------------+
|          4 |
+------------+
1 row in set (0.00 sec)

mysql> select round(4.35,1)
    -> ;
+---------------+
| round(4.35,1) |
+---------------+
|           4.4 |
+---------------+
1 row in set (0.00 sec)

mysql> SELECT TRUNCATE(142.465,-2);
+----------------------+
| TRUNCATE(142.465,-2) |
+----------------------+
|                  100 |
+----------------------+
1 row in set (0.00 sec)

mysql> SELECT TRUNCATE(142.465,2);
+---------------------+
| TRUNCATE(142.465,2) |
+---------------------+
|              142.46 |
+---------------------+
1 row in set (0.00 sec)

mysql> select if('deva'='Deva','yes','no');
+------------------------------+
| if('deva'='Deva','yes','no') |
+------------------------------+
| yes                          |
+------------------------------+
1 row in set (0.00 sec)

mysql> select if('deva'='Dev','yes','no');
+-----------------------------+
| if('deva'='Dev','yes','no') |
+-----------------------------+
| no                          |
+-----------------------------+
1 row in set (0.00 sec)

mysql> select if('deva'='Dev','yes','no') as ans;
+-----+
| ans |
+-----+
| no  |
+-----+
1 row in set (0.00 sec)

mysql> select Fname from employee where Fname like 'J%';
+----------+
| Fname    |
+----------+
| John     |
| Joyce    |
| James    |
| Jennifer |
+----------+
4 rows in set (0.00 sec)

mysql> select IFNULL(10*NULL,4+5);
+---------------------+
| IFNULL(10*NULL,4+5) |
+---------------------+
|                   9 |
+---------------------+
1 row in set (0.00 sec)

mysql> select IF(10*NULL,4+5);
ERROR 1064 (42000): You have an error in your SQL syntax; check the manual that corresponds to your MySQL server version for the right syntax to use near ')' at line 1
mysql> select IFNULL(10*4,4+5);
+------------------+
| IFNULL(10*4,4+5) |
+------------------+
|               40 |
+------------------+
1 row in set (0.00 sec)

mysql> create user 'user'@'localhost' identified by'123';
Query OK, 0 rows affected (0.01 sec)

mysql> grant all privileges on *.* to 'user'@'localhost';
ERROR 1045 (28000): Access denied for user 'deva'@'localhost' (using password: YES)
mysql> grant all privileges on *.* to 'user'@'localhost' identified by '123';
ERROR 1045 (28000): Access denied for user 'deva'@'localhost' (using password: YES)
mysql> exit
mysql> drop table emptem;
Query OK, 0 rows affected (0.14 sec)

mysql> create table emptem as(select * from employee where 1=2);
Query OK, 0 rows affected (0.38 sec)
Records: 0  Duplicates: 0  Warnings: 0

mysql> select * from emptem;
Empty set (0.00 sec)

mysql> desc emptem;
+-----------+---------------+------+-----+---------+-------+
| Field     | Type          | Null | Key | Default | Extra |
+-----------+---------------+------+-----+---------+-------+
| Fname     | varchar(15)   | NO   |     | NULL    |       |
| Minit     | char(1)       | YES  |     | NULL    |       |
| Lname     | varchar(15)   | NO   |     | NULL    |       |
| Ssn       | char(9)       | NO   |     | NULL    |       |
| Bdate     | date          | YES  |     | NULL    |       |
| Address   | varchar(30)   | YES  |     | NULL    |       |
| Sex       | char(1)       | YES  |     | NULL    |       |
| Salary    | decimal(10,2) | YES  |     | NULL    |       |
| Super_Ssn | char(9)       | YES  |     | NULL    |       |
| Dno       | int(11)       | NO   |     | NULL    |       |
+-----------+---------------+------+-----+---------+-------+
10 rows in set (0.00 sec)

mysql> drop table emptem;
Query OK, 0 rows affected (0.14 sec)

mysql> create table emptem as(select * from employee);
Query OK, 10 rows affected (0.32 sec)
Records: 10  Duplicates: 0  Warnings: 0

mysql> (select * from employee) union (select * from emptem);
+----------+-------+-----------+-----------+------------+-----------------------------+------+----------+-----------+-----+
| Fname    | Minit | Lname     | Ssn       | Bdate      | Address                     | Sex  | Salary   | Super_Ssn | Dno |
+----------+-------+-----------+-----------+------------+-----------------------------+------+----------+-----------+-----+
| John     | B     | Smith     | 123456789 | 1965-03-09 | 731 Fondren,Houseton,TX     | M    | 30000.00 | 333445555 |   6 |
| Franklin | T     | Wong      | 333445555 | 1955-12-08 | 678 Voss,Houseton,TX        | M    | 40000.00 | 888665555 |   6 |
| Cecilia  | F     | Kolonsky  | 345678912 | 1960-04-05 | 1978 Windy lane,Houseton,TX | F    | 43000.00 | 333445555 |   2 |
| Joyce    | A     | English   | 453453453 | 1972-12-31 | 6448 Rice,Houseton,TX       | M    | 25000.00 | 333445555 |   2 |
| Arun Roy | K     | Narayanan | 666884444 | 1962-01-15 | 112 Fire oak,Houseton,TX    | M    | 38000.00 | 333445555 |   5 |
| Deva     | D     | Sushmitha | 755016802 | 1975-01-09 | 197 Berry,Houseton,TX       | F    | 75000.00 | NULL      |   2 |
| James    | E     | Bong      | 888665555 | 1937-11-10 | 450 stone,Houseton,TX       | M    | 55000.00 | NULL      |   5 |
| Jennifer | S     | Wallace   | 987654321 | 1941-06-20 | 182 Berry,Houseton,TX       | F    | 43000.00 | 888665555 |   5 |
| Ahmed    | V     | Jabbar    | 987987987 | 1937-03-10 | 980 Dallas,Houseton,TX      | M    | 25000.00 | 987654321 |   6 |
| Alicia   | J     | Zelaya    | 999887777 | 1968-01-19 | 897 Castle,Houseton,TX      | F    | 27500.00 | 987654321 |   6 |
+----------+-------+-----------+-----------+------------+-----------------------------+------+----------+-----------+-----+
10 rows in set (0.00 sec)

mysql> select * from employee natural join emptem;
+----------+-------+-----------+-----------+------------+-----------------------------+------+----------+-----------+-----+
| Fname    | Minit | Lname     | Ssn       | Bdate      | Address                     | Sex  | Salary   | Super_Ssn | Dno |
+----------+-------+-----------+-----------+------------+-----------------------------+------+----------+-----------+-----+
| John     | B     | Smith     | 123456789 | 1965-03-09 | 731 Fondren,Houseton,TX     | M    | 30000.00 | 333445555 |   6 |
| Franklin | T     | Wong      | 333445555 | 1955-12-08 | 678 Voss,Houseton,TX        | M    | 40000.00 | 888665555 |   6 |
| Cecilia  | F     | Kolonsky  | 345678912 | 1960-04-05 | 1978 Windy lane,Houseton,TX | F    | 43000.00 | 333445555 |   2 |
| Joyce    | A     | English   | 453453453 | 1972-12-31 | 6448 Rice,Houseton,TX       | M    | 25000.00 | 333445555 |   2 |
| Arun Roy | K     | Narayanan | 666884444 | 1962-01-15 | 112 Fire oak,Houseton,TX    | M    | 38000.00 | 333445555 |   5 |
| Jennifer | S     | Wallace   | 987654321 | 1941-06-20 | 182 Berry,Houseton,TX       | F    | 43000.00 | 888665555 |   5 |
| Ahmed    | V     | Jabbar    | 987987987 | 1937-03-10 | 980 Dallas,Houseton,TX      | M    | 25000.00 | 987654321 |   6 |
| Alicia   | J     | Zelaya    | 999887777 | 1968-01-19 | 897 Castle,Houseton,TX      | F    | 27500.00 | 987654321 |   6 |
+----------+-------+-----------+-----------+------------+-----------------------------+------+----------+-----------+-----+
8 rows in set (0.05 sec)

mysql> select * from emptem;
+----------+-------+-----------+-----------+------------+-----------------------------+------+----------+-----------+-----+
| Fname    | Minit | Lname     | Ssn       | Bdate      | Address                     | Sex  | Salary   | Super_Ssn | Dno |
+----------+-------+-----------+-----------+------------+-----------------------------+------+----------+-----------+-----+
| John     | B     | Smith     | 123456789 | 1965-03-09 | 731 Fondren,Houseton,TX     | M    | 30000.00 | 333445555 |   6 |
| Franklin | T     | Wong      | 333445555 | 1955-12-08 | 678 Voss,Houseton,TX        | M    | 40000.00 | 888665555 |   6 |
| Cecilia  | F     | Kolonsky  | 345678912 | 1960-04-05 | 1978 Windy lane,Houseton,TX | F    | 43000.00 | 333445555 |   2 |
| Joyce    | A     | English   | 453453453 | 1972-12-31 | 6448 Rice,Houseton,TX       | M    | 25000.00 | 333445555 |   2 |
| Arun Roy | K     | Narayanan | 666884444 | 1962-01-15 | 112 Fire oak,Houseton,TX    | M    | 38000.00 | 333445555 |   5 |
| Deva     | D     | Sushmitha | 755016802 | 1975-01-09 | 197 Berry,Houseton,TX       | F    | 75000.00 | NULL      |   2 |
| James    | E     | Bong      | 888665555 | 1937-11-10 | 450 stone,Houseton,TX       | M    | 55000.00 | NULL      |   5 |
| Jennifer | S     | Wallace   | 987654321 | 1941-06-20 | 182 Berry,Houseton,TX       | F    | 43000.00 | 888665555 |   5 |
| Ahmed    | V     | Jabbar    | 987987987 | 1937-03-10 | 980 Dallas,Houseton,TX      | M    | 25000.00 | 987654321 |   6 |
| Alicia   | J     | Zelaya    | 999887777 | 1968-01-19 | 897 Castle,Houseton,TX      | F    | 27500.00 | 987654321 |   6 |
+----------+-------+-----------+-----------+------------+-----------------------------+------+----------+-----------+-----+
10 rows in set (0.00 sec)

mysql> select * from employee;
+----------+-------+-----------+-----------+------------+-----------------------------+------+----------+-----------+-----+
| Fname    | Minit | Lname     | Ssn       | Bdate      | Address                     | Sex  | Salary   | Super_Ssn | Dno |
+----------+-------+-----------+-----------+------------+-----------------------------+------+----------+-----------+-----+
| John     | B     | Smith     | 123456789 | 1965-03-09 | 731 Fondren,Houseton,TX     | M    | 30000.00 | 333445555 |   6 |
| Franklin | T     | Wong      | 333445555 | 1955-12-08 | 678 Voss,Houseton,TX        | M    | 40000.00 | 888665555 |   6 |
| Cecilia  | F     | Kolonsky  | 345678912 | 1960-04-05 | 1978 Windy lane,Houseton,TX | F    | 43000.00 | 333445555 |   2 |
| Joyce    | A     | English   | 453453453 | 1972-12-31 | 6448 Rice,Houseton,TX       | M    | 25000.00 | 333445555 |   2 |
| Arun Roy | K     | Narayanan | 666884444 | 1962-01-15 | 112 Fire oak,Houseton,TX    | M    | 38000.00 | 333445555 |   5 |
| Deva     | D     | Sushmitha | 755016802 | 1975-01-09 | 197 Berry,Houseton,TX       | F    | 75000.00 | NULL      |   2 |
| James    | E     | Bong      | 888665555 | 1937-11-10 | 450 stone,Houseton,TX       | M    | 55000.00 | NULL      |   5 |
| Jennifer | S     | Wallace   | 987654321 | 1941-06-20 | 182 Berry,Houseton,TX       | F    | 43000.00 | 888665555 |   5 |
| Ahmed    | V     | Jabbar    | 987987987 | 1937-03-10 | 980 Dallas,Houseton,TX      | M    | 25000.00 | 987654321 |   6 |
| Alicia   | J     | Zelaya    | 999887777 | 1968-01-19 | 897 Castle,Houseton,TX      | F    | 27500.00 | 987654321 |   6 |
+----------+-------+-----------+-----------+------------+-----------------------------+------+----------+-----------+-----+
10 rows in set (0.00 sec)

mysql> select * from employee natural join emptem;
+----------+-------+-----------+-----------+------------+-----------------------------+------+----------+-----------+-----+
| Fname    | Minit | Lname     | Ssn       | Bdate      | Address                     | Sex  | Salary   | Super_Ssn | Dno |
+----------+-------+-----------+-----------+------------+-----------------------------+------+----------+-----------+-----+
| John     | B     | Smith     | 123456789 | 1965-03-09 | 731 Fondren,Houseton,TX     | M    | 30000.00 | 333445555 |   6 |
| Franklin | T     | Wong      | 333445555 | 1955-12-08 | 678 Voss,Houseton,TX        | M    | 40000.00 | 888665555 |   6 |
| Cecilia  | F     | Kolonsky  | 345678912 | 1960-04-05 | 1978 Windy lane,Houseton,TX | F    | 43000.00 | 333445555 |   2 |
| Joyce    | A     | English   | 453453453 | 1972-12-31 | 6448 Rice,Houseton,TX       | M    | 25000.00 | 333445555 |   2 |
| Arun Roy | K     | Narayanan | 666884444 | 1962-01-15 | 112 Fire oak,Houseton,TX    | M    | 38000.00 | 333445555 |   5 |
| Jennifer | S     | Wallace   | 987654321 | 1941-06-20 | 182 Berry,Houseton,TX       | F    | 43000.00 | 888665555 |   5 |
| Ahmed    | V     | Jabbar    | 987987987 | 1937-03-10 | 980 Dallas,Houseton,TX      | M    | 25000.00 | 987654321 |   6 |
| Alicia   | J     | Zelaya    | 999887777 | 1968-01-19 | 897 Castle,Houseton,TX      | F    | 27500.00 | 987654321 |   6 |
+----------+-------+-----------+-----------+------------+-----------------------------+------+----------+-----------+-----+
8 rows in set (0.00 sec)

mysql> SELECT *,@rownumber :=@rownumber+1 m from EMPLOYEE join(select @rownumber :=0)r;
ERROR 1146 (42S02): Table 'COMPANY.EMPLOYEE' doesn't exist
mysql> SELECT *,@rownumber :=@rownumber+1 m from employee join(select @rownumber :=0)r;
+----------+-------+-----------+-----------+------------+-----------------------------+------+----------+-----------+-----+----------------+------+
| Fname    | Minit | Lname     | Ssn       | Bdate      | Address                     | Sex  | Salary   | Super_Ssn | Dno | @rownumber :=0 | m    |
+----------+-------+-----------+-----------+------------+-----------------------------+------+----------+-----------+-----+----------------+------+
| John     | B     | Smith     | 123456789 | 1965-03-09 | 731 Fondren,Houseton,TX     | M    | 30000.00 | 333445555 |   6 |              0 |    1 |
| Franklin | T     | Wong      | 333445555 | 1955-12-08 | 678 Voss,Houseton,TX        | M    | 40000.00 | 888665555 |   6 |              0 |    2 |
| Cecilia  | F     | Kolonsky  | 345678912 | 1960-04-05 | 1978 Windy lane,Houseton,TX | F    | 43000.00 | 333445555 |   2 |              0 |    3 |
| Joyce    | A     | English   | 453453453 | 1972-12-31 | 6448 Rice,Houseton,TX       | M    | 25000.00 | 333445555 |   2 |              0 |    4 |
| Arun Roy | K     | Narayanan | 666884444 | 1962-01-15 | 112 Fire oak,Houseton,TX    | M    | 38000.00 | 333445555 |   5 |              0 |    5 |
| Deva     | D     | Sushmitha | 755016802 | 1975-01-09 | 197 Berry,Houseton,TX       | F    | 75000.00 | NULL      |   2 |              0 |    6 |
| James    | E     | Bong      | 888665555 | 1937-11-10 | 450 stone,Houseton,TX       | M    | 55000.00 | NULL      |   5 |              0 |    7 |
| Jennifer | S     | Wallace   | 987654321 | 1941-06-20 | 182 Berry,Houseton,TX       | F    | 43000.00 | 888665555 |   5 |              0 |    8 |
| Ahmed    | V     | Jabbar    | 987987987 | 1937-03-10 | 980 Dallas,Houseton,TX      | M    | 25000.00 | 987654321 |   6 |              0 |    9 |
| Alicia   | J     | Zelaya    | 999887777 | 1968-01-19 | 897 Castle,Houseton,TX      | F    | 27500.00 | 987654321 |   6 |              0 |   10 |
+----------+-------+-----------+-----------+------------+-----------------------------+------+----------+-----------+-----+----------------+------+
10 rows in set (0.00 sec)

mysql> SELECT *,@rownumber=@rownumber+1 m from employee join(select @rownumber=0)r;
+----------+-------+-----------+-----------+------------+-----------------------------+------+----------+-----------+-----+--------------+------+
| Fname    | Minit | Lname     | Ssn       | Bdate      | Address                     | Sex  | Salary   | Super_Ssn | Dno | @rownumber=0 | m    |
+----------+-------+-----------+-----------+------------+-----------------------------+------+----------+-----------+-----+--------------+------+
| John     | B     | Smith     | 123456789 | 1965-03-09 | 731 Fondren,Houseton,TX     | M    | 30000.00 | 333445555 |   6 |            0 |    0 |
| Franklin | T     | Wong      | 333445555 | 1955-12-08 | 678 Voss,Houseton,TX        | M    | 40000.00 | 888665555 |   6 |            0 |    0 |
| Cecilia  | F     | Kolonsky  | 345678912 | 1960-04-05 | 1978 Windy lane,Houseton,TX | F    | 43000.00 | 333445555 |   2 |            0 |    0 |
| Joyce    | A     | English   | 453453453 | 1972-12-31 | 6448 Rice,Houseton,TX       | M    | 25000.00 | 333445555 |   2 |            0 |    0 |
| Arun Roy | K     | Narayanan | 666884444 | 1962-01-15 | 112 Fire oak,Houseton,TX    | M    | 38000.00 | 333445555 |   5 |            0 |    0 |
| Deva     | D     | Sushmitha | 755016802 | 1975-01-09 | 197 Berry,Houseton,TX       | F    | 75000.00 | NULL      |   2 |            0 |    0 |
| James    | E     | Bong      | 888665555 | 1937-11-10 | 450 stone,Houseton,TX       | M    | 55000.00 | NULL      |   5 |            0 |    0 |
| Jennifer | S     | Wallace   | 987654321 | 1941-06-20 | 182 Berry,Houseton,TX       | F    | 43000.00 | 888665555 |   5 |            0 |    0 |
| Ahmed    | V     | Jabbar    | 987987987 | 1937-03-10 | 980 Dallas,Houseton,TX      | M    | 25000.00 | 987654321 |   6 |            0 |    0 |
| Alicia   | J     | Zelaya    | 999887777 | 1968-01-19 | 897 Castle,Houseton,TX      | F    | 27500.00 | 987654321 |   6 |            0 |    0 |
+----------+-------+-----------+-----------+------------+-----------------------------+------+----------+-----------+-----+--------------+------+
10 rows in set (0.00 sec)

mysql> SELECT *,@rownumber :=@rownumber+1 m from employee join(select @rownumber=0)r;
+----------+-------+-----------+-----------+------------+-----------------------------+------+----------+-----------+-----+--------------+------+
| Fname    | Minit | Lname     | Ssn       | Bdate      | Address                     | Sex  | Salary   | Super_Ssn | Dno | @rownumber=0 | m    |
+----------+-------+-----------+-----------+------------+-----------------------------+------+----------+-----------+-----+--------------+------+
| John     | B     | Smith     | 123456789 | 1965-03-09 | 731 Fondren,Houseton,TX     | M    | 30000.00 | 333445555 |   6 |            0 |   11 |
| Franklin | T     | Wong      | 333445555 | 1955-12-08 | 678 Voss,Houseton,TX        | M    | 40000.00 | 888665555 |   6 |            0 |   12 |
| Cecilia  | F     | Kolonsky  | 345678912 | 1960-04-05 | 1978 Windy lane,Houseton,TX | F    | 43000.00 | 333445555 |   2 |            0 |   13 |
| Joyce    | A     | English   | 453453453 | 1972-12-31 | 6448 Rice,Houseton,TX       | M    | 25000.00 | 333445555 |   2 |            0 |   14 |
| Arun Roy | K     | Narayanan | 666884444 | 1962-01-15 | 112 Fire oak,Houseton,TX    | M    | 38000.00 | 333445555 |   5 |            0 |   15 |
| Deva     | D     | Sushmitha | 755016802 | 1975-01-09 | 197 Berry,Houseton,TX       | F    | 75000.00 | NULL      |   2 |            0 |   16 |
| James    | E     | Bong      | 888665555 | 1937-11-10 | 450 stone,Houseton,TX       | M    | 55000.00 | NULL      |   5 |            0 |   17 |
| Jennifer | S     | Wallace   | 987654321 | 1941-06-20 | 182 Berry,Houseton,TX       | F    | 43000.00 | 888665555 |   5 |            0 |   18 |
| Ahmed    | V     | Jabbar    | 987987987 | 1937-03-10 | 980 Dallas,Houseton,TX      | M    | 25000.00 | 987654321 |   6 |            0 |   19 |
| Alicia   | J     | Zelaya    | 999887777 | 1968-01-19 | 897 Castle,Houseton,TX      | F    | 27500.00 | 987654321 |   6 |            0 |   20 |
+----------+-------+-----------+-----------+------------+-----------------------------+------+----------+-----------+-----+--------------+------+
10 rows in set (0.00 sec)

mysql> SELECT *,@rownumber :=@rownumber+1 m from employee join(select @rownumber:=0)r;
+----------+-------+-----------+-----------+------------+-----------------------------+------+----------+-----------+-----+---------------+------+
| Fname    | Minit | Lname     | Ssn       | Bdate      | Address                     | Sex  | Salary   | Super_Ssn | Dno | @rownumber:=0 | m    |
+----------+-------+-----------+-----------+------------+-----------------------------+------+----------+-----------+-----+---------------+------+
| John     | B     | Smith     | 123456789 | 1965-03-09 | 731 Fondren,Houseton,TX     | M    | 30000.00 | 333445555 |   6 |             0 |    1 |
| Franklin | T     | Wong      | 333445555 | 1955-12-08 | 678 Voss,Houseton,TX        | M    | 40000.00 | 888665555 |   6 |             0 |    2 |
| Cecilia  | F     | Kolonsky  | 345678912 | 1960-04-05 | 1978 Windy lane,Houseton,TX | F    | 43000.00 | 333445555 |   2 |             0 |    3 |
| Joyce    | A     | English   | 453453453 | 1972-12-31 | 6448 Rice,Houseton,TX       | M    | 25000.00 | 333445555 |   2 |             0 |    4 |
| Arun Roy | K     | Narayanan | 666884444 | 1962-01-15 | 112 Fire oak,Houseton,TX    | M    | 38000.00 | 333445555 |   5 |             0 |    5 |
| Deva     | D     | Sushmitha | 755016802 | 1975-01-09 | 197 Berry,Houseton,TX       | F    | 75000.00 | NULL      |   2 |             0 |    6 |
| James    | E     | Bong      | 888665555 | 1937-11-10 | 450 stone,Houseton,TX       | M    | 55000.00 | NULL      |   5 |             0 |    7 |
| Jennifer | S     | Wallace   | 987654321 | 1941-06-20 | 182 Berry,Houseton,TX       | F    | 43000.00 | 888665555 |   5 |             0 |    8 |
| Ahmed    | V     | Jabbar    | 987987987 | 1937-03-10 | 980 Dallas,Houseton,TX      | M    | 25000.00 | 987654321 |   6 |             0 |    9 |
| Alicia   | J     | Zelaya    | 999887777 | 1968-01-19 | 897 Castle,Houseton,TX      | F    | 27500.00 | 987654321 |   6 |             0 |   10 |
+----------+-------+-----------+-----------+------------+-----------------------------+------+----------+-----------+-----+---------------+------+
10 rows in set (0.00 sec)

mysql> SELECT *,@rownumber :=@rownumber+1 m from employee join(select @rownumber:=0)r;
+----------+-------+-----------+-----------+------------+-----------------------------+------+----------+-----------+-----+---------------+------+
| Fname    | Minit | Lname     | Ssn       | Bdate      | Address                     | Sex  | Salary   | Super_Ssn | Dno | @rownumber:=0 | m    |
+----------+-------+-----------+-----------+------------+-----------------------------+------+----------+-----------+-----+---------------+------+
| John     | B     | Smith     | 123456789 | 1965-03-09 | 731 Fondren,Houseton,TX     | M    | 30000.00 | 333445555 |   6 |             0 |    1 |
| Franklin | T     | Wong      | 333445555 | 1955-12-08 | 678 Voss,Houseton,TX        | M    | 40000.00 | 888665555 |   6 |             0 |    2 |
| Cecilia  | F     | Kolonsky  | 345678912 | 1960-04-05 | 1978 Windy lane,Houseton,TX | F    | 43000.00 | 333445555 |   2 |             0 |    3 |
| Joyce    | A     | English   | 453453453 | 1972-12-31 | 6448 Rice,Houseton,TX       | M    | 25000.00 | 333445555 |   2 |             0 |    4 |
| Arun Roy | K     | Narayanan | 666884444 | 1962-01-15 | 112 Fire oak,Houseton,TX    | M    | 38000.00 | 333445555 |   5 |             0 |    5 |
| Deva     | D     | Sushmitha | 755016802 | 1975-01-09 | 197 Berry,Houseton,TX       | F    | 75000.00 | NULL      |   2 |             0 |    6 |
| James    | E     | Bong      | 888665555 | 1937-11-10 | 450 stone,Houseton,TX       | M    | 55000.00 | NULL      |   5 |             0 |    7 |
| Jennifer | S     | Wallace   | 987654321 | 1941-06-20 | 182 Berry,Houseton,TX       | F    | 43000.00 | 888665555 |   5 |             0 |    8 |
| Ahmed    | V     | Jabbar    | 987987987 | 1937-03-10 | 980 Dallas,Houseton,TX      | M    | 25000.00 | 987654321 |   6 |             0 |    9 |
| Alicia   | J     | Zelaya    | 999887777 | 1968-01-19 | 897 Castle,Houseton,TX      | F    | 27500.00 | 987654321 |   6 |             0 |   10 |
+----------+-------+-----------+-----------+------------+-----------------------------+------+----------+-----------+-----+---------------+------+
10 rows in set (0.00 sec)

mysql> (select @rownumber:=0);
+---------------+
| @rownumber:=0 |
+---------------+
|             0 |
+---------------+
1 row in set (0.00 sec)

mysql> SELECT @rownumber :=@rownumber+1; 
+---------------------------+
| @rownumber :=@rownumber+1 |
+---------------------------+
|                         1 |
+---------------------------+
1 row in set (0.00 sec)

mysql> SELECT @rownumber =@rownumber+1;
+--------------------------+
| @rownumber =@rownumber+1 |
+--------------------------+
|                        0 |
+--------------------------+
1 row in set (0.01 sec)

mysql> SELECT @rownumber :=@rownumber+1 from (select @rownumber:=0);
ERROR 1248 (42000): Every derived table must have its own alias
mysql> SELECT @rownumber :=@rownumber+1 from (select @rownumber:=0);
ERROR 1248 (42000): Every derived table must have its own alias
mysql> select * from(SELECT *,@rownumber :=@rownumber+1 m from EMPLOYEE join(select @rownumber :=0)r)t where m%2=1;
ERROR 1146 (42S02): Table 'COMPANY.EMPLOYEE' doesn't exist
mysql> select * from(SELECT *,@rownumber :=@rownumber+1 m from employee join(select @rownumber :=0)r)t where m%2=1;
+----------+-------+-----------+-----------+------------+-----------------------------+------+----------+-----------+-----+----------------+------+
| Fname    | Minit | Lname     | Ssn       | Bdate      | Address                     | Sex  | Salary   | Super_Ssn | Dno | @rownumber :=0 | m    |
+----------+-------+-----------+-----------+------------+-----------------------------+------+----------+-----------+-----+----------------+------+
| John     | B     | Smith     | 123456789 | 1965-03-09 | 731 Fondren,Houseton,TX     | M    | 30000.00 | 333445555 |   6 |              0 |    1 |
| Cecilia  | F     | Kolonsky  | 345678912 | 1960-04-05 | 1978 Windy lane,Houseton,TX | F    | 43000.00 | 333445555 |   2 |              0 |    3 |
| Arun Roy | K     | Narayanan | 666884444 | 1962-01-15 | 112 Fire oak,Houseton,TX    | M    | 38000.00 | 333445555 |   5 |              0 |    5 |
| James    | E     | Bong      | 888665555 | 1937-11-10 | 450 stone,Houseton,TX       | M    | 55000.00 | NULL      |   5 |              0 |    7 |
| Ahmed    | V     | Jabbar    | 987987987 | 1937-03-10 | 980 Dallas,Houseton,TX      | M    | 25000.00 | 987654321 |   6 |              0 |    9 |
+----------+-------+-----------+-----------+------------+-----------------------------+------+----------+-----------+-----+----------------+------+
5 rows in set (0.00 sec)

mysql> select IF(str_to_date('1998/02/01','%d/%m/%Y')='1998-02-01','Yes','No') as ANS;
+-----+
| ANS |
+-----+
| No  |
+-----+
1 row in set, 2 warnings (0.00 sec)

mysql> select IF(str_to_date('1998/02/01','%d/%m/%Y')='1998/02/01','Yes','No') as ANS;
+-----+
| ANS |
+-----+
| No  |
+-----+
1 row in set, 2 warnings (0.00 sec)

mysql> select IF(subdate('1998/02/01','%d/%m/%Y')='1998/02/01','Yes','No') as ANS;
+-----+
| ANS |
+-----+
| No  |
+-----+
1 row in set, 1 warning (0.00 sec)

mysql> select IF(str_to_date('1998/02/01','%y/%m/%d')='1998/02/01','Yes','No') as ANS;
+-----+
| ANS |
+-----+
| No  |
+-----+
1 row in set, 2 warnings (0.00 sec)

mysql> select IF(str_to_date('1998/02/01','%Y/%m/%d')='1998/02/01','Yes','No') as ANS;
+-----+
| ANS |
+-----+
| Yes |
+-----+
1 row in set (0.00 sec)

mysql> select min(Salary) from (select * from EMPLOYEE order by Salary desc limit 3) a;
ERROR 1146 (42S02): Table 'COMPANY.EMPLOYEE' doesn't exist
mysql>    (and)
    -> select min(Salary) from (select * from EMPLOYEE order by Salary desc limit 3) a;   select min(Salary) from (select * from EMPLOYEE order by Salary desc limit n) a;
ERROR 1064 (42000): You have an error in your SQL syntax; check the manual that corresponds to your MySQL server version for the right syntax to use near 'and)
select min(Salary) from (select * from EMPLOYEE order by Salary desc limit ' at line 1
ERROR 1327 (42000): Undeclared variable: n
mysql>    (and)
    ->    select min(Salary) from (select * from EMPLOYEE order by Salary desc limit n) a;
ERROR 1064 (42000): You have an error in your SQL syntax; check the manual that corresponds to your MySQL server version for the right syntax to use near 'and)
   select min(Salary) from (select * from EMPLOYEE order by Salary desc lim' at line 1
mysql> select min(Salary) from (select * from EMPLOYEE order by Salary desc limit 3) a;
ERROR 1146 (42S02): Table 'COMPANY.EMPLOYEE' doesn't exist
mysql>    (and)
    ->    select min(Salary) from (select * from EMPLOYEE order by Salary desc limit n) a;
ERROR 1064 (42000): You have an error in your SQL syntax; check the manual that corresponds to your MySQL server version for the right syntax to use near 'and)
   select min(Salary) from (select * from EMPLOYEE order by Salary desc lim' at line 1
mysql> select min(Salary) from (select * from employee order by Salary desc limit 3) a;
+-------------+
| min(Salary) |
+-------------+
|    43000.00 |
+-------------+
1 row in set (0.00 sec)

mysql> select Salary from employee order by Salary desc limit 2,1;
+----------+
| Salary   |
+----------+
| 43000.00 |
+----------+
1 row in set (0.00 sec)

mysql> select Salary from employee order by Salary desc limit 5;
+----------+
| Salary   |
+----------+
| 75000.00 |
| 55000.00 |
| 43000.00 |
| 43000.00 |
| 40000.00 |
+----------+
5 rows in set (0.00 sec)

mysql> (select * from employee where Address=’%Houseton%’) INTERSECT (select * from employee where   Salary>10000);

ERROR 1064 (42000): You have an error in your SQL syntax; check the manual that corresponds to your MySQL server version for the right syntax to use near 'INTERSECT (select * from employee where   Salary>10000)' at line 1
mysql> select * from (select * from employee where Address=’%Houseton%’) natural join(select * from employee where   Salary>50000)t;

ERROR 1248 (42000): Every derived table must have its own alias
mysql> select * from (select * from employee t where Address=’%Houseton%’) natural join(select * from employee e where   Salary>50000)t;

ERROR 1248 (42000): Every derived table must have its own alias
mysql> select * from (select * from employee t where Address='%Houseton%') natural join(select * from employee e where   Salary>50000)t;
ERROR 1248 (42000): Every derived table must have its own alias
mysql> select * from (select * from employee t where Address='%Houseton%') natural join(select * from employee e where   Salary>50000)p;
ERROR 1248 (42000): Every derived table must have its own alias
mysql> select * from ((select * from employee t where Address='%Houseton%') natural join(select * from employee e where  Salary>50000))p;
ERROR 1248 (42000): Every derived table must have its own alias
mysql> select * from ((select * from employee t where Address='%Houseton%') natural join(select * from employee e where  Salary>50000))p;
ERROR 1248 (42000): Every derived table must have its own alias
mysql> select left(Fname,5) from employee;
+---------------+
| left(Fname,5) |
+---------------+
| John          |
| Frank         |
| Cecil         |
| Joyce         |
| Arun          |
| Deva          |
| James         |
| Jenni         |
| Ahmed         |
| Alici         |
+---------------+
10 rows in set (0.00 sec)

mysql> select * from employee where Fname REGEXP "^a";
+----------+-------+-----------+-----------+------------+--------------------------+------+----------+-----------+-----+
| Fname    | Minit | Lname     | Ssn       | Bdate      | Address                  | Sex  | Salary   | Super_Ssn | Dno |
+----------+-------+-----------+-----------+------------+--------------------------+------+----------+-----------+-----+
| Arun Roy | K     | Narayanan | 666884444 | 1962-01-15 | 112 Fire oak,Houseton,TX | M    | 38000.00 | 333445555 |   5 |
| Ahmed    | V     | Jabbar    | 987987987 | 1937-03-10 | 980 Dallas,Houseton,TX   | M    | 25000.00 | 987654321 |   6 |
| Alicia   | J     | Zelaya    | 999887777 | 1968-01-19 | 897 Castle,Houseton,TX   | F    | 27500.00 | 987654321 |   6 |
+----------+-------+-----------+-----------+------------+--------------------------+------+----------+-----------+-----+
3 rows in set (0.00 sec)

mysql> select * from employee where Fname REGEXP "^a.*$";
+----------+-------+-----------+-----------+------------+--------------------------+------+----------+-----------+-----+
| Fname    | Minit | Lname     | Ssn       | Bdate      | Address                  | Sex  | Salary   | Super_Ssn | Dno |
+----------+-------+-----------+-----------+------------+--------------------------+------+----------+-----------+-----+
| Arun Roy | K     | Narayanan | 666884444 | 1962-01-15 | 112 Fire oak,Houseton,TX | M    | 38000.00 | 333445555 |   5 |
| Ahmed    | V     | Jabbar    | 987987987 | 1937-03-10 | 980 Dallas,Houseton,TX   | M    | 25000.00 | 987654321 |   6 |
| Alicia   | J     | Zelaya    | 999887777 | 1968-01-19 | 897 Castle,Houseton,TX   | F    | 27500.00 | 987654321 |   6 |
+----------+-------+-----------+-----------+------------+--------------------------+------+----------+-----------+-----+
3 rows in set (0.00 sec)

mysql> select * from employee where Fname REGEXP "a$";
+---------+-------+-----------+-----------+------------+-----------------------------+------+----------+-----------+-----+
| Fname   | Minit | Lname     | Ssn       | Bdate      | Address                     | Sex  | Salary   | Super_Ssn | Dno |
+---------+-------+-----------+-----------+------------+-----------------------------+------+----------+-----------+-----+
| Cecilia | F     | Kolonsky  | 345678912 | 1960-04-05 | 1978 Windy lane,Houseton,TX | F    | 43000.00 | 333445555 |   2 |
| Deva    | D     | Sushmitha | 755016802 | 1975-01-09 | 197 Berry,Houseton,TX       | F    | 75000.00 | NULL      |   2 |
| Alicia  | J     | Zelaya    | 999887777 | 1968-01-19 | 897 Castle,Houseton,TX      | F    | 27500.00 | 987654321 |   6 |
+---------+-------+-----------+-----------+------------+-----------------------------+------+----------+-----------+-----+
3 rows in set (0.00 sec)

mysql> select * from employee where Fname REGEXP "$a";
Empty set (0.00 sec)

mysql> select * from employee where Fname REGEXP "^Je*";
+----------+-------+---------+-----------+------------+-------------------------+------+----------+-----------+-----+
| Fname    | Minit | Lname   | Ssn       | Bdate      | Address                 | Sex  | Salary   | Super_Ssn | Dno |
+----------+-------+---------+-----------+------------+-------------------------+------+----------+-----------+-----+
| John     | B     | Smith   | 123456789 | 1965-03-09 | 731 Fondren,Houseton,TX | M    | 30000.00 | 333445555 |   6 |
| Joyce    | A     | English | 453453453 | 1972-12-31 | 6448 Rice,Houseton,TX   | M    | 25000.00 | 333445555 |   2 |
| James    | E     | Bong    | 888665555 | 1937-11-10 | 450 stone,Houseton,TX   | M    | 55000.00 | NULL      |   5 |
| Jennifer | S     | Wallace | 987654321 | 1941-06-20 | 182 Berry,Houseton,TX   | F    | 43000.00 | 888665555 |   5 |
+----------+-------+---------+-----------+------------+-------------------------+------+----------+-----------+-----+
4 rows in set (0.00 sec)

mysql> select * from employee where Fname REGEXP "de|abc";
+-------+-------+-----------+-----------+------------+-----------------------+------+----------+-----------+-----+
| Fname | Minit | Lname     | Ssn       | Bdate      | Address               | Sex  | Salary   | Super_Ssn | Dno |
+-------+-------+-----------+-----------+------------+-----------------------+------+----------+-----------+-----+
| Deva  | D     | Sushmitha | 755016802 | 1975-01-09 | 197 Berry,Houseton,TX | F    | 75000.00 | NULL      |   2 |
+-------+-------+-----------+-----------+------------+-----------------------+------+----------+-----------+-----+
1 row in set (0.01 sec)

mysql> select * from employee where Fname REGEXP "e*";
+----------+-------+-----------+-----------+------------+-----------------------------+------+----------+-----------+-----+
| Fname    | Minit | Lname     | Ssn       | Bdate      | Address                     | Sex  | Salary   | Super_Ssn | Dno |
+----------+-------+-----------+-----------+------------+-----------------------------+------+----------+-----------+-----+
| John     | B     | Smith     | 123456789 | 1965-03-09 | 731 Fondren,Houseton,TX     | M    | 30000.00 | 333445555 |   6 |
| Franklin | T     | Wong      | 333445555 | 1955-12-08 | 678 Voss,Houseton,TX        | M    | 40000.00 | 888665555 |   6 |
| Cecilia  | F     | Kolonsky  | 345678912 | 1960-04-05 | 1978 Windy lane,Houseton,TX | F    | 43000.00 | 333445555 |   2 |
| Joyce    | A     | English   | 453453453 | 1972-12-31 | 6448 Rice,Houseton,TX       | M    | 25000.00 | 333445555 |   2 |
| Arun Roy | K     | Narayanan | 666884444 | 1962-01-15 | 112 Fire oak,Houseton,TX    | M    | 38000.00 | 333445555 |   5 |
| Deva     | D     | Sushmitha | 755016802 | 1975-01-09 | 197 Berry,Houseton,TX       | F    | 75000.00 | NULL      |   2 |
| James    | E     | Bong      | 888665555 | 1937-11-10 | 450 stone,Houseton,TX       | M    | 55000.00 | NULL      |   5 |
| Jennifer | S     | Wallace   | 987654321 | 1941-06-20 | 182 Berry,Houseton,TX       | F    | 43000.00 | 888665555 |   5 |
| Ahmed    | V     | Jabbar    | 987987987 | 1937-03-10 | 980 Dallas,Houseton,TX      | M    | 25000.00 | 987654321 |   6 |
| Alicia   | J     | Zelaya    | 999887777 | 1968-01-19 | 897 Castle,Houseton,TX      | F    | 27500.00 | 987654321 |   6 |
+----------+-------+-----------+-----------+------------+-----------------------------+------+----------+-----------+-----+
10 rows in set (0.00 sec)

mysql> select * from employee where Fname REGEXP "^a.*$";
+----------+-------+-----------+-----------+------------+--------------------------+------+----------+-----------+-----+
| Fname    | Minit | Lname     | Ssn       | Bdate      | Address                  | Sex  | Salary   | Super_Ssn | Dno |
+----------+-------+-----------+-----------+------------+--------------------------+------+----------+-----------+-----+
| Arun Roy | K     | Narayanan | 666884444 | 1962-01-15 | 112 Fire oak,Houseton,TX | M    | 38000.00 | 333445555 |   5 |
| Ahmed    | V     | Jabbar    | 987987987 | 1937-03-10 | 980 Dallas,Houseton,TX   | M    | 25000.00 | 987654321 |   6 |
| Alicia   | J     | Zelaya    | 999887777 | 1968-01-19 | 897 Castle,Houseton,TX   | F    | 27500.00 | 987654321 |   6 |
+----------+-------+-----------+-----------+------------+--------------------------+------+----------+-----------+-----+
3 rows in set (0.00 sec)

mysql> select * from employee where Fname REGEXP "^a*$";
Empty set (0.00 sec)

mysql> select * from employee where Fname REGEXP "^a.$";
Empty set (0.00 sec)

mysql> select * from employee where Fname REGEXP "^a.*$";
+----------+-------+-----------+-----------+------------+--------------------------+------+----------+-----------+-----+
| Fname    | Minit | Lname     | Ssn       | Bdate      | Address                  | Sex  | Salary   | Super_Ssn | Dno |
+----------+-------+-----------+-----------+------------+--------------------------+------+----------+-----------+-----+
| Arun Roy | K     | Narayanan | 666884444 | 1962-01-15 | 112 Fire oak,Houseton,TX | M    | 38000.00 | 333445555 |   5 |
| Ahmed    | V     | Jabbar    | 987987987 | 1937-03-10 | 980 Dallas,Houseton,TX   | M    | 25000.00 | 987654321 |   6 |
| Alicia   | J     | Zelaya    | 999887777 | 1968-01-19 | 897 Castle,Houseton,TX   | F    | 27500.00 | 987654321 |   6 |
+----------+-------+-----------+-----------+------------+--------------------------+------+----------+-----------+-----+
3 rows in set (0.00 sec)

mysql> create function grade(mark int)
    -> returns varchar(20)
    -> BEGIN
    -> DECLARE grade varchar(20);
ERROR 1064 (42000): You have an error in your SQL syntax; check the manual that corresponds to your MySQL server version for the right syntax to use near '' at line 4
mysql> create function grade(mark int) returns varchar(20) BEGIN DECLARE grade varchar(20);
ERROR 1064 (42000): You have an error in your SQL syntax; check the manual that corresponds to your MySQL server version for the right syntax to use near '' at line 1
mysql> DELIMITER //
mysql>    CREATE FUNCTION Grade(mark int)
    ->    returns varchar(20)
    ->    BEGIN
    ->    DECLARE grade varchar(20);
    ->    IF mark>=90 and mark<=100 then set grade='S';
    ->    ELSEIF mark>=80 and mark<90 then set grade='A';
    ->    ELSEIF mark>=70 and mark<80 then set grade='B';
    ->    ELSEIF mark>=60 and mark<70 then set grade='C';
    ->    ELSEIF mark>=50 and mark<60 then set grade='D';
    ->    ELSEIF mark>=40 and mark<50 then set grade='E';
    ->    ELSEIF mark>=0 and mark<40 then set grade='F';
    ->    ELSE set grade='INVALID';
    ->    END IF;
    ->    RETURN grade;
    ->    END; //
Query OK, 0 rows affected (0.03 sec)

mysql>    DELIMITER ;
mysql> SELECT TRUNCATE(242.465,-2);
+----------------------+
| TRUNCATE(242.465,-2) |
+----------------------+
|                  200 |
+----------------------+
1 row in set (0.00 sec)

mysql> SELECT TRUNCATE(242.465,-1);
+----------------------+
| TRUNCATE(242.465,-1) |
+----------------------+
|                  240 |
+----------------------+
1 row in set (0.00 sec)

mysql> SELECT TRUNCATE(242.465,0);
+---------------------+
| TRUNCATE(242.465,0) |
+---------------------+
|                 242 |
+---------------------+
1 row in set (0.00 sec)

mysql> SELECT TRUNCATE(242.465,1);
+---------------------+
| TRUNCATE(242.465,1) |
+---------------------+
|               242.4 |
+---------------------+
1 row in set (0.00 sec)

mysql> SELECT TRUNCATE(242.465,-1);
+----------------------+
| TRUNCATE(242.465,-1) |
+----------------------+
|                  240 |
+----------------------+
1 row in set (0.00 sec)

mysql> select User,authentication_string from mysql.user where concat(User,'@',Host)=user();
+------+-------------------------------------------+
| User | authentication_string                     |
+------+-------------------------------------------+
| deva | *A4B6157319038724E3560894F7F932C8886EBFCF |
+------+-------------------------------------------+
1 row in set (0.00 sec)

mysql> select version;
ERROR 1054 (42S22): Unknown column 'version' in 'field list'
mysql> select version();
+-------------------------+
| version()               |
+-------------------------+
| 5.7.20-0ubuntu0.16.04.1 |
+-------------------------+
1 row in set (0.00 sec)

mysql> alter table EMPLOYEE add FULLTEXT(Fname,Lname,Address);
ERROR 1146 (42S02): Table 'COMPANY.EMPLOYEE' doesn't exist
mysql> alter table employee add FULLTEXT(Fname,Lname,Address);
Query OK, 0 rows affected, 1 warning (2.56 sec)
Records: 0  Duplicates: 0  Warnings: 1

mysql> select * from employee where MATCH(Fname,Lname,Address) against ("mysql oracle" IN BOOLEAN MODE);
Empty set (0.00 sec)

mysql> select * from employee e join emptem p where e.Ssn=p.Ssn;
+----------+-------+-----------+-----------+------------+-----------------------------+------+----------+-----------+-----+----------+-------+-----------+-----------+------------+-----------------------------+------+----------+-----------+-----+
| Fname    | Minit | Lname     | Ssn       | Bdate      | Address                     | Sex  | Salary   | Super_Ssn | Dno | Fname    | Minit | Lname     | Ssn       | Bdate      | Address                     | Sex  | Salary   | Super_Ssn | Dno |
+----------+-------+-----------+-----------+------------+-----------------------------+------+----------+-----------+-----+----------+-------+-----------+-----------+------------+-----------------------------+------+----------+-----------+-----+
| John     | B     | Smith     | 123456789 | 1965-03-09 | 731 Fondren,Houseton,TX     | M    | 30000.00 | 333445555 |   6 | John     | B     | Smith     | 123456789 | 1965-03-09 | 731 Fondren,Houseton,TX     | M    | 30000.00 | 333445555 |   6 |
| Franklin | T     | Wong      | 333445555 | 1955-12-08 | 678 Voss,Houseton,TX        | M    | 40000.00 | 888665555 |   6 | Franklin | T     | Wong      | 333445555 | 1955-12-08 | 678 Voss,Houseton,TX        | M    | 40000.00 | 888665555 |   6 |
| Cecilia  | F     | Kolonsky  | 345678912 | 1960-04-05 | 1978 Windy lane,Houseton,TX | F    | 43000.00 | 333445555 |   2 | Cecilia  | F     | Kolonsky  | 345678912 | 1960-04-05 | 1978 Windy lane,Houseton,TX | F    | 43000.00 | 333445555 |   2 |
| Joyce    | A     | English   | 453453453 | 1972-12-31 | 6448 Rice,Houseton,TX       | M    | 25000.00 | 333445555 |   2 | Joyce    | A     | English   | 453453453 | 1972-12-31 | 6448 Rice,Houseton,TX       | M    | 25000.00 | 333445555 |   2 |
| Arun Roy | K     | Narayanan | 666884444 | 1962-01-15 | 112 Fire oak,Houseton,TX    | M    | 38000.00 | 333445555 |   5 | Arun Roy | K     | Narayanan | 666884444 | 1962-01-15 | 112 Fire oak,Houseton,TX    | M    | 38000.00 | 333445555 |   5 |
| Deva     | D     | Sushmitha | 755016802 | 1975-01-09 | 197 Berry,Houseton,TX       | F    | 75000.00 | NULL      |   2 | Deva     | D     | Sushmitha | 755016802 | 1975-01-09 | 197 Berry,Houseton,TX       | F    | 75000.00 | NULL      |   2 |
| James    | E     | Bong      | 888665555 | 1937-11-10 | 450 stone,Houseton,TX       | M    | 55000.00 | NULL      |   5 | James    | E     | Bong      | 888665555 | 1937-11-10 | 450 stone,Houseton,TX       | M    | 55000.00 | NULL      |   5 |
| Jennifer | S     | Wallace   | 987654321 | 1941-06-20 | 182 Berry,Houseton,TX       | F    | 43000.00 | 888665555 |   5 | Jennifer | S     | Wallace   | 987654321 | 1941-06-20 | 182 Berry,Houseton,TX       | F    | 43000.00 | 888665555 |   5 |
| Ahmed    | V     | Jabbar    | 987987987 | 1937-03-10 | 980 Dallas,Houseton,TX      | M    | 25000.00 | 987654321 |   6 | Ahmed    | V     | Jabbar    | 987987987 | 1937-03-10 | 980 Dallas,Houseton,TX      | M    | 25000.00 | 987654321 |   6 |
| Alicia   | J     | Zelaya    | 999887777 | 1968-01-19 | 897 Castle,Houseton,TX      | F    | 27500.00 | 987654321 |   6 | Alicia   | J     | Zelaya    | 999887777 | 1968-01-19 | 897 Castle,Houseton,TX      | F    | 27500.00 | 987654321 |   6 |
+----------+-------+-----------+-----------+------------+-----------------------------+------+----------+-----------+-----+----------+-------+-----------+-----------+------------+-----------------------------+------+----------+-----------+-----+
10 rows in set (0.00 sec)

mysql> select * from employee e left outer join emptem p where p.Ssn=NULL;
ERROR 1064 (42000): You have an error in your SQL syntax; check the manual that corresponds to your MySQL server version for the right syntax to use near 'where p.Ssn=NULL' at line 1
mysql> select * from employee e left outer join emptem p on p.Ssn=e.Ssn where p.Ssn=NULL;
Empty set (0.03 sec)

mysql> create table dup(sid int, eid int);
Query OK, 0 rows affected (0.63 sec)

mysql> insert into dup values(212,213),(256,563),(212,213);
Query OK, 3 rows affected (0.05 sec)
Records: 3  Duplicates: 0  Warnings: 0

mysql> create table dup2 as select * from dup;
Query OK, 3 rows affected (0.32 sec)
Records: 3  Duplicates: 0  Warnings: 0

mysql> create table dup3 as (select distinct * from dup2);
Query OK, 2 rows affected (0.28 sec)
Records: 2  Duplicates: 0  Warnings: 0

mysql> delete from dup2;
Query OK, 3 rows affected (0.13 sec)

mysql> insert into dup2 (select * from dup3);
Query OK, 2 rows affected (0.06 sec)
Records: 2  Duplicates: 0  Warnings: 0

mysql> delete from dup where (sid,eid) in (select sid,eid from(select * from dup) d group by sid,eid having count(*)>1);
Query OK, 2 rows affected (0.30 sec)

mysql> select *from dup;
+------+------+
| sid  | eid  |
+------+------+
|  256 |  563 |
+------+------+
1 row in set (0.00 sec)

mysql> insert into dup values(112,121),(112,121);
Query OK, 2 rows affected (0.05 sec)
Records: 2  Duplicates: 0  Warnings: 0

mysql> delete from dup where (sid,eid) in (select sid,eid from dup group by sid,eid having count(*)>1);
ERROR 1093 (HY000): You can't specify target table 'dup' for update in FROM clause
mysql> delete from dup where (sid,eid) in (select sid,eid from dup d group by sid,eid having count(*)>1);
ERROR 1093 (HY000): You can't specify target table 'dup' for update in FROM clause
mysql> use mysql;
Reading table information for completion of table and column names
You can turn off this feature to get a quicker startup with -A

Database changed
mysql> show tables;;
+---------------------------+
| Tables_in_mysql           |
+---------------------------+
| columns_priv              |
| db                        |
| engine_cost               |
| event                     |
| func                      |
| general_log               |
| gtid_executed             |
| help_category             |
| help_keyword              |
| help_relation             |
| help_topic                |
| innodb_index_stats        |
| innodb_table_stats        |
| ndb_binlog_index          |
| plugin                    |
| proc                      |
| procs_priv                |
| proxies_priv              |
| server_cost               |
| servers                   |
| slave_master_info         |
| slave_relay_log_info      |
| slave_worker_info         |
| slow_log                  |
| tables_priv               |
| time_zone                 |
| time_zone_leap_second     |
| time_zone_name            |
| time_zone_transition      |
| time_zone_transition_type |
| user                      |
+---------------------------+
31 rows in set (0.01 sec)

ERROR: 
No query specified

mysql> select * from user;
+-----------+------------------+-------------+-------------+-------------+-------------+-------------+-----------+-------------+---------------+--------------+-----------+------------+-----------------+------------+------------+--------------+------------+-----------------------+------------------+--------------+-----------------+------------------+------------------+----------------+---------------------+--------------------+------------------+------------+--------------+------------------------+----------+------------+-------------+--------------+---------------+-------------+-----------------+----------------------+-----------------------+-------------------------------------------+------------------+-----------------------+-------------------+----------------+
| Host      | User             | Select_priv | Insert_priv | Update_priv | Delete_priv | Create_priv | Drop_priv | Reload_priv | Shutdown_priv | Process_priv | File_priv | Grant_priv | References_priv | Index_priv | Alter_priv | Show_db_priv | Super_priv | Create_tmp_table_priv | Lock_tables_priv | Execute_priv | Repl_slave_priv | Repl_client_priv | Create_view_priv | Show_view_priv | Create_routine_priv | Alter_routine_priv | Create_user_priv | Event_priv | Trigger_priv | Create_tablespace_priv | ssl_type | ssl_cipher | x509_issuer | x509_subject | max_questions | max_updates | max_connections | max_user_connections | plugin                | authentication_string                     | password_expired | password_last_changed | password_lifetime | account_locked |
+-----------+------------------+-------------+-------------+-------------+-------------+-------------+-----------+-------------+---------------+--------------+-----------+------------+-----------------+------------+------------+--------------+------------+-----------------------+------------------+--------------+-----------------+------------------+------------------+----------------+---------------------+--------------------+------------------+------------+--------------+------------------------+----------+------------+-------------+--------------+---------------+-------------+-----------------+----------------------+-----------------------+-------------------------------------------+------------------+-----------------------+-------------------+----------------+
| localhost | root             | Y           | Y           | Y           | Y           | Y           | Y         | Y           | Y             | Y            | Y         | Y          | Y               | Y          | Y          | Y            | Y          | Y                     | Y                | Y            | Y               | Y                | Y                | Y              | Y                   | Y                  | Y                | Y          | Y            | Y                      |          |            |             |              |             0 |           0 |               0 |                    0 | mysql_native_password | *EE8F74E0AB3FCF9F5F967C00411ADC3166F86DE9 | N                | 2018-01-22 14:12:07   |              NULL | N              |
| localhost | mysql.session    | N           | N           | N           | N           | N           | N         | N           | N             | N            | N         | N          | N               | N          | N          | N            | Y          | N                     | N                | N            | N               | N                | N                | N              | N                   | N                  | N                | N          | N            | N                      |          |            |             |              |             0 |           0 |               0 |                    0 | mysql_native_password | *THISISNOTAVALIDPASSWORDTHATCANBEUSEDHERE | N                | 2018-01-22 14:12:02   |              NULL | Y              |
| localhost | mysql.sys        | N           | N           | N           | N           | N           | N         | N           | N             | N            | N         | N          | N               | N          | N          | N            | N          | N                     | N                | N            | N               | N                | N                | N              | N                   | N                  | N                | N          | N            | N                      |          |            |             |              |             0 |           0 |               0 |                    0 | mysql_native_password | *THISISNOTAVALIDPASSWORDTHATCANBEUSEDHERE | N                | 2018-01-22 14:12:02   |              NULL | Y              |
| localhost | debian-sys-maint | Y           | Y           | Y           | Y           | Y           | Y         | Y           | Y             | Y            | Y         | Y          | Y               | Y          | Y          | Y            | Y          | Y                     | Y                | Y            | Y               | Y                | Y                | Y              | Y                   | Y                  | Y                | Y          | Y            | Y                      |          |            |             |              |             0 |           0 |               0 |                    0 | mysql_native_password | *9458380FBFFCEC3A24B06ED488045F24E4CD55FE | N                | 2018-01-22 14:12:07   |              NULL | N              |
| localhost | deva             | Y           | Y           | Y           | Y           | Y           | Y         | Y           | Y             | Y            | Y         | N          | Y               | Y          | Y          | Y            | Y          | Y                     | Y                | Y            | Y               | Y                | Y                | Y              | Y                   | Y                  | Y                | Y          | Y            | Y                      |          |            |             |              |             0 |           0 |               0 |                    0 | mysql_native_password | *A4B6157319038724E3560894F7F932C8886EBFCF | N                | 2018-01-23 14:21:12   |              NULL | N              |
| localhost | user             | N           | N           | N           | N           | N           | N         | N           | N             | N            | N         | N          | N               | N          | N          | N            | N          | N                     | N                | N            | N               | N                | N                | N              | N                   | N                  | N                | N          | N            | N                      |          |            |             |              |             0 |           0 |               0 |                    0 | mysql_native_password | *23AE809DDACAF96AF0FD78ED04B6A265E05AA257 | N                | 2018-04-03 15:10:32   |              NULL | N              |
+-----------+------------------+-------------+-------------+-------------+-------------+-------------+-----------+-------------+---------------+--------------+-----------+------------+-----------------+------------+------------+--------------+------------+-----------------------+------------------+--------------+-----------------+------------------+------------------+----------------+---------------------+--------------------+------------------+------------+--------------+------------------------+----------+------------+-------------+--------------+---------------+-------------+-----------------+----------------------+-----------------------+-------------------------------------------+------------------+-----------------------+-------------------+----------------+
6 rows in set (0.00 sec)

mysql> show schems;
ERROR 1064 (42000): You have an error in your SQL syntax; check the manual that corresponds to your MySQL server version for the right syntax to use near 'schems' at line 1
mysql> show schemas;
+--------------------+
| Database           |
+--------------------+
| information_schema |
| COMPANY            |
| Flight             |
| INSTITUTE          |
| mysql              |
| performance_schema |
| suppliers          |
| sys                |
| university         |
+--------------------+
9 rows in set (0.01 sec)

mysql> use information_schema;
Reading table information for completion of table and column names
You can turn off this feature to get a quicker startup with -A

Database changed
mysql> show tables;
+---------------------------------------+
| Tables_in_information_schema          |
+---------------------------------------+
| CHARACTER_SETS                        |
| COLLATIONS                            |
| COLLATION_CHARACTER_SET_APPLICABILITY |
| COLUMNS                               |
| COLUMN_PRIVILEGES                     |
| ENGINES                               |
| EVENTS                                |
| FILES                                 |
| GLOBAL_STATUS                         |
| GLOBAL_VARIABLES                      |
| KEY_COLUMN_USAGE                      |
| OPTIMIZER_TRACE                       |
| PARAMETERS                            |
| PARTITIONS                            |
| PLUGINS                               |
| PROCESSLIST                           |
| PROFILING                             |
| REFERENTIAL_CONSTRAINTS               |
| ROUTINES                              |
| SCHEMATA                              |
| SCHEMA_PRIVILEGES                     |
| SESSION_STATUS                        |
| SESSION_VARIABLES                     |
| STATISTICS                            |
| TABLES                                |
| TABLESPACES                           |
| TABLE_CONSTRAINTS                     |
| TABLE_PRIVILEGES                      |
| TRIGGERS                              |
| USER_PRIVILEGES                       |
| VIEWS                                 |
| INNODB_LOCKS                          |
| INNODB_TRX                            |
| INNODB_SYS_DATAFILES                  |
| INNODB_FT_CONFIG                      |
| INNODB_SYS_VIRTUAL                    |
| INNODB_CMP                            |
| INNODB_FT_BEING_DELETED               |
| INNODB_CMP_RESET                      |
| INNODB_CMP_PER_INDEX                  |
| INNODB_CMPMEM_RESET                   |
| INNODB_FT_DELETED                     |
| INNODB_BUFFER_PAGE_LRU                |
| INNODB_LOCK_WAITS                     |
| INNODB_TEMP_TABLE_INFO                |
| INNODB_SYS_INDEXES                    |
| INNODB_SYS_TABLES                     |
| INNODB_SYS_FIELDS                     |
| INNODB_CMP_PER_INDEX_RESET            |
| INNODB_BUFFER_PAGE                    |
| INNODB_FT_DEFAULT_STOPWORD            |
| INNODB_FT_INDEX_TABLE                 |
| INNODB_FT_INDEX_CACHE                 |
| INNODB_SYS_TABLESPACES                |
| INNODB_METRICS                        |
| INNODB_SYS_FOREIGN_COLS               |
| INNODB_CMPMEM                         |
| INNODB_BUFFER_POOL_STATS              |
| INNODB_SYS_COLUMNS                    |
| INNODB_SYS_FOREIGN                    |
| INNODB_SYS_TABLESTATS                 |
+---------------------------------------+
61 rows in set (0.00 sec)

mysql> select 8 from TABLES:
    -> select * from TABLES;
ERROR 1064 (42000): You have an error in your SQL syntax; check the manual that corresponds to your MySQL server version for the right syntax to use near ':
select * from TABLES' at line 1
mysql> select * from TABLES;
+---------------+--------------------+------------------------------------------------------+-------------+--------------------+---------+------------+------------+----------------+-------------+--------------------+--------------+-----------+----------------+---------------------+---------------------+------------+-------------------+----------+--------------------+-----------------------------------------+
| TABLE_CATALOG | TABLE_SCHEMA       | TABLE_NAME                                           | TABLE_TYPE  | ENGINE             | VERSION | ROW_FORMAT | TABLE_ROWS | AVG_ROW_LENGTH | DATA_LENGTH | MAX_DATA_LENGTH    | INDEX_LENGTH | DATA_FREE | AUTO_INCREMENT | CREATE_TIME         | UPDATE_TIME         | CHECK_TIME | TABLE_COLLATION   | CHECKSUM | CREATE_OPTIONS     | TABLE_COMMENT                           |
+---------------+--------------------+------------------------------------------------------+-------------+--------------------+---------+------------+------------+----------------+-------------+--------------------+--------------+-----------+----------------+---------------------+---------------------+------------+-------------------+----------+--------------------+-----------------------------------------+
| def           | information_schema | CHARACTER_SETS                                       | SYSTEM VIEW | MEMORY             |      10 | Fixed      |       NULL |            384 |           0 |           16434816 |            0 |         0 |           NULL | 2018-04-03 17:10:05 | NULL                | NULL       | utf8_general_ci   |     NULL | max_rows=43690     |                                         |
| def           | information_schema | COLLATIONS                                           | SYSTEM VIEW | MEMORY             |      10 | Fixed      |       NULL |            231 |           0 |           16704765 |            0 |         0 |           NULL | 2018-04-03 17:10:05 | NULL                | NULL       | utf8_general_ci   |     NULL | max_rows=72628     |                                         |
| def           | information_schema | COLLATION_CHARACTER_SET_APPLICABILITY                | SYSTEM VIEW | MEMORY             |      10 | Fixed      |       NULL |            195 |           0 |           16357770 |            0 |         0 |           NULL | 2018-04-03 17:10:05 | NULL                | NULL       | utf8_general_ci   |     NULL | max_rows=86037     |                                         |
| def           | information_schema | COLUMNS                                              | SYSTEM VIEW | InnoDB             |      10 | Dynamic    |       NULL |              0 |       16384 |                  0 |            0 |   8388608 |           NULL | NULL                | NULL                | NULL       | utf8_general_ci   |     NULL | max_rows=2789      |                                         |
| def           | information_schema | COLUMN_PRIVILEGES                                    | SYSTEM VIEW | MEMORY             |      10 | Fixed      |       NULL |           2565 |           0 |           16757145 |            0 |         0 |           NULL | 2018-04-03 17:10:05 | NULL                | NULL       | utf8_general_ci   |     NULL | max_rows=6540      |                                         |
| def           | information_schema | ENGINES                                              | SYSTEM VIEW | MEMORY             |      10 | Fixed      |       NULL |            490 |           0 |           16574250 |            0 |         0 |           NULL | 2018-04-03 17:10:05 | NULL                | NULL       | utf8_general_ci   |     NULL | max_rows=34239     |                                         |
| def           | information_schema | EVENTS                                               | SYSTEM VIEW | InnoDB             |      10 | Dynamic    |       NULL |              0 |       16384 |                  0 |            0 |   8388608 |           NULL | NULL                | NULL                | NULL       | utf8_general_ci   |     NULL | max_rows=618       |                                         |
| def           | information_schema | FILES                                                | SYSTEM VIEW | MEMORY             |      10 | Fixed      |       NULL |          14468 |           0 |           16768412 |            0 |         0 |           NULL | 2018-04-03 17:10:05 | NULL                | NULL       | utf8_general_ci   |     NULL | max_rows=1159      |                                         |
| def           | information_schema | GLOBAL_STATUS                                        | SYSTEM VIEW | MEMORY             |      10 | Fixed      |       NULL |           3268 |           0 |           16755036 |            0 |         0 |           NULL | 2018-04-03 17:10:05 | NULL                | NULL       | utf8_general_ci   |     NULL | max_rows=5133      |                                         |
| def           | information_schema | GLOBAL_VARIABLES                                     | SYSTEM VIEW | MEMORY             |      10 | Fixed      |       NULL |           3268 |           0 |           16755036 |            0 |         0 |           NULL | 2018-04-03 17:10:05 | NULL                | NULL       | utf8_general_ci   |     NULL | max_rows=5133      |                                         |
| def           | information_schema | KEY_COLUMN_USAGE                                     | SYSTEM VIEW | MEMORY             |      10 | Fixed      |       NULL |           4637 |           0 |           16762755 |            0 |         0 |           NULL | 2018-04-03 17:10:05 | NULL                | NULL       | utf8_general_ci   |     NULL | max_rows=3618      |                                         |
| def           | information_schema | OPTIMIZER_TRACE                                      | SYSTEM VIEW | InnoDB             |      10 | Dynamic    |       NULL |              0 |       16384 |                  0 |            0 |   8388608 |           NULL | NULL                | NULL                | NULL       | utf8_general_ci   |     NULL | max_rows=578524    |                                         |
| def           | information_schema | PARAMETERS                                           | SYSTEM VIEW | InnoDB             |      10 | Dynamic    |       NULL |              0 |       16384 |                  0 |            0 |   8388608 |           NULL | NULL                | NULL                | NULL       | utf8_general_ci   |     NULL | max_rows=6021      |                                         |
| def           | information_schema | PARTITIONS                                           | SYSTEM VIEW | InnoDB             |      10 | Dynamic    |       NULL |              0 |       16384 |                  0 |            0 |   8388608 |           NULL | NULL                | NULL                | NULL       | utf8_general_ci   |     NULL | max_rows=5596      |                                         |
| def           | information_schema | PLUGINS                                              | SYSTEM VIEW | InnoDB             |      10 | Dynamic    |       NULL |              0 |       16384 |                  0 |            0 |   8388608 |           NULL | NULL                | NULL                | NULL       | utf8_general_ci   |     NULL | max_rows=11328     |                                         |
| def           | information_schema | PROCESSLIST                                          | SYSTEM VIEW | InnoDB             |      10 | Dynamic    |       NULL |              0 |       16384 |                  0 |            0 |   8388608 |           NULL | NULL                | NULL                | NULL       | utf8_general_ci   |     NULL | max_rows=22369     |                                         |
| def           | information_schema | PROFILING                                            | SYSTEM VIEW | MEMORY             |      10 | Fixed      |       NULL |            308 |           0 |           16562084 |            0 |         0 |           NULL | 2018-04-03 17:10:05 | NULL                | NULL       | utf8_general_ci   |     NULL | max_rows=54471     |                                         |
| def           | information_schema | REFERENTIAL_CONSTRAINTS                              | SYSTEM VIEW | MEMORY             |      10 | Fixed      |       NULL |           4814 |           0 |           16767162 |            0 |         0 |           NULL | 2018-04-03 17:10:05 | NULL                | NULL       | utf8_general_ci   |     NULL | max_rows=3485      |                                         |
| def           | information_schema | ROUTINES                                             | SYSTEM VIEW | InnoDB             |      10 | Dynamic    |       NULL |              0 |       16384 |                  0 |            0 |   8388608 |           NULL | NULL                | NULL                | NULL       | utf8_general_ci   |     NULL | max_rows=582       |                                         |
| def           | information_schema | SCHEMATA                                             | SYSTEM VIEW | MEMORY             |      10 | Fixed      |       NULL |           3464 |           0 |           16738048 |            0 |         0 |           NULL | 2018-04-03 17:10:05 | NULL                | NULL       | utf8_general_ci   |     NULL | max_rows=4843      |                                         |
| def           | information_schema | SCHEMA_PRIVILEGES                                    | SYSTEM VIEW | MEMORY             |      10 | Fixed      |       NULL |           2179 |           0 |           16736899 |            0 |         0 |           NULL | 2018-04-03 17:10:05 | NULL                | NULL       | utf8_general_ci   |     NULL | max_rows=7699      |                                         |
| def           | information_schema | SESSION_STATUS                                       | SYSTEM VIEW | MEMORY             |      10 | Fixed      |       NULL |           3268 |           0 |           16755036 |            0 |         0 |           NULL | 2018-04-03 17:10:05 | NULL                | NULL       | utf8_general_ci   |     NULL | max_rows=5133      |                                         |
| def           | information_schema | SESSION_VARIABLES                                    | SYSTEM VIEW | MEMORY             |      10 | Fixed      |       NULL |           3268 |           0 |           16755036 |            0 |         0 |           NULL | 2018-04-03 17:10:05 | NULL                | NULL       | utf8_general_ci   |     NULL | max_rows=5133      |                                         |
| def           | information_schema | STATISTICS                                           | SYSTEM VIEW | MEMORY             |      10 | Fixed      |       NULL |           5753 |           0 |           16752736 |            0 |         0 |           NULL | 2018-04-03 17:10:05 | NULL                | NULL       | utf8_general_ci   |     NULL | max_rows=2916      |                                         |
| def           | information_schema | TABLES                                               | SYSTEM VIEW | MEMORY             |      10 | Fixed      |       NULL |           9441 |           0 |           16757775 |            0 |         0 |           NULL | 2018-04-03 17:10:05 | NULL                | NULL       | utf8_general_ci   |     NULL | max_rows=1777      |                                         |
| def           | information_schema | TABLESPACES                                          | SYSTEM VIEW | MEMORY             |      10 | Fixed      |       NULL |           6951 |           0 |           16772763 |            0 |         0 |           NULL | 2018-04-03 17:10:05 | NULL                | NULL       | utf8_general_ci   |     NULL | max_rows=2413      |                                         |
| def           | information_schema | TABLE_CONSTRAINTS                                    | SYSTEM VIEW | MEMORY             |      10 | Fixed      |       NULL |           2504 |           0 |           16721712 |            0 |         0 |           NULL | 2018-04-03 17:10:05 | NULL                | NULL       | utf8_general_ci   |     NULL | max_rows=6700      |                                         |
| def           | information_schema | TABLE_PRIVILEGES                                     | SYSTEM VIEW | MEMORY             |      10 | Fixed      |       NULL |           2372 |           0 |           16748692 |            0 |         0 |           NULL | 2018-04-03 17:10:05 | NULL                | NULL       | utf8_general_ci   |     NULL | max_rows=7073      |                                         |
| def           | information_schema | TRIGGERS                                             | SYSTEM VIEW | InnoDB             |      10 | Dynamic    |       NULL |              0 |       16384 |                  0 |            0 |   8388608 |           NULL | NULL                | NULL                | NULL       | utf8_general_ci   |     NULL | max_rows=568       |                                         |
| def           | information_schema | USER_PRIVILEGES                                      | SYSTEM VIEW | MEMORY             |      10 | Fixed      |       NULL |           1986 |           0 |           16726092 |            0 |         0 |           NULL | 2018-04-03 17:10:05 | NULL                | NULL       | utf8_general_ci   |     NULL | max_rows=8447      |                                         |
| def           | information_schema | VIEWS                                                | SYSTEM VIEW | InnoDB             |      10 | Dynamic    |       NULL |              0 |       16384 |                  0 |            0 |   8388608 |           NULL | NULL                | NULL                | NULL       | utf8_general_ci   |     NULL | max_rows=6797      |                                         |
| def           | information_schema | INNODB_LOCKS                                         | SYSTEM VIEW | MEMORY             |      10 | Fixed      |       NULL |          31244 |           0 |           16746784 |            0 |         0 |           NULL | 2018-04-03 17:10:05 | NULL                | NULL       | utf8_general_ci   |     NULL | max_rows=536       |                                         |
| def           | information_schema | INNODB_TRX                                           | SYSTEM VIEW | MEMORY             |      10 | Fixed      |       NULL |           4536 |           0 |           16746912 |            0 |         0 |           NULL | 2018-04-03 17:10:05 | NULL                | NULL       | utf8_general_ci   |     NULL | max_rows=3698      |                                         |
| def           | information_schema | INNODB_SYS_DATAFILES                                 | SYSTEM VIEW | MEMORY             |      10 | Fixed      |       NULL |          12007 |           0 |           16773779 |            0 |         0 |           NULL | 2018-04-03 17:10:05 | NULL                | NULL       | utf8_general_ci   |     NULL | max_rows=1397      |                                         |
| def           | information_schema | INNODB_FT_CONFIG                                     | SYSTEM VIEW | MEMORY             |      10 | Fixed      |       NULL |           1163 |           0 |           16705332 |            0 |         0 |           NULL | 2018-04-03 17:10:05 | NULL                | NULL       | utf8_general_ci   |     NULL | max_rows=14425     |                                         |
| def           | information_schema | INNODB_SYS_VIRTUAL                                   | SYSTEM VIEW | MEMORY             |      10 | Fixed      |       NULL |             17 |           0 |           11883850 |            0 |         0 |           NULL | 2018-04-03 17:10:05 | NULL                | NULL       | utf8_general_ci   |     NULL | max_rows=986895    |                                         |
| def           | information_schema | INNODB_CMP                                           | SYSTEM VIEW | MEMORY             |      10 | Fixed      |       NULL |             25 |           0 |           13107200 |            0 |         0 |           NULL | 2018-04-03 17:10:05 | NULL                | NULL       | utf8_general_ci   |     NULL | max_rows=671088    |                                         |
| def           | information_schema | INNODB_FT_BEING_DELETED                              | SYSTEM VIEW | MEMORY             |      10 | Fixed      |       NULL |              9 |           0 |            9437184 |            0 |         0 |           NULL | 2018-04-03 17:10:05 | NULL                | NULL       | utf8_general_ci   |     NULL | max_rows=1864135   |                                         |
| def           | information_schema | INNODB_CMP_RESET                                     | SYSTEM VIEW | MEMORY             |      10 | Fixed      |       NULL |             25 |           0 |           13107200 |            0 |         0 |           NULL | 2018-04-03 17:10:05 | NULL                | NULL       | utf8_general_ci   |     NULL | max_rows=671088    |                                         |
| def           | information_schema | INNODB_CMP_PER_INDEX                                 | SYSTEM VIEW | MEMORY             |      10 | Fixed      |       NULL |           1755 |           0 |           16728660 |            0 |         0 |           NULL | 2018-04-03 17:10:05 | NULL                | NULL       | utf8_general_ci   |     NULL | max_rows=9559      |                                         |
| def           | information_schema | INNODB_CMPMEM_RESET                                  | SYSTEM VIEW | MEMORY             |      10 | Fixed      |       NULL |             29 |           0 |           15204352 |            0 |         0 |           NULL | 2018-04-03 17:10:05 | NULL                | NULL       | utf8_general_ci   |     NULL | max_rows=578524    |                                         |
| def           | information_schema | INNODB_FT_DELETED                                    | SYSTEM VIEW | MEMORY             |      10 | Fixed      |       NULL |              9 |           0 |            9437184 |            0 |         0 |           NULL | 2018-04-03 17:10:05 | NULL                | NULL       | utf8_general_ci   |     NULL | max_rows=1864135   |                                         |
| def           | information_schema | INNODB_BUFFER_PAGE_LRU                               | SYSTEM VIEW | MEMORY             |      10 | Fixed      |       NULL |           6669 |           0 |           16765866 |            0 |         0 |           NULL | 2018-04-03 17:10:05 | NULL                | NULL       | utf8_general_ci   |     NULL | max_rows=2515      |                                         |
| def           | information_schema | INNODB_LOCK_WAITS                                    | SYSTEM VIEW | MEMORY             |      10 | Fixed      |       NULL |            599 |           0 |           16749238 |            0 |         0 |           NULL | 2018-04-03 17:10:05 | NULL                | NULL       | utf8_general_ci   |     NULL | max_rows=28008     |                                         |
| def           | information_schema | INNODB_TEMP_TABLE_INFO                               | SYSTEM VIEW | MEMORY             |      10 | Fixed      |       NULL |           1011 |           0 |           16694643 |            0 |         0 |           NULL | 2018-04-03 17:10:05 | NULL                | NULL       | utf8_general_ci   |     NULL | max_rows=16594     |                                         |
| def           | information_schema | INNODB_SYS_INDEXES                                   | SYSTEM VIEW | MEMORY             |      10 | Fixed      |       NULL |            618 |           0 |           16615548 |            0 |         0 |           NULL | 2018-04-03 17:10:05 | NULL                | NULL       | utf8_general_ci   |     NULL | max_rows=27147     |                                         |
| def           | information_schema | INNODB_SYS_TABLES                                    | SYSTEM VIEW | MEMORY             |      10 | Fixed      |       NULL |           2091 |           0 |           16736364 |            0 |         0 |           NULL | 2018-04-03 17:10:05 | NULL                | NULL       | utf8_general_ci   |     NULL | max_rows=8023      |                                         |
| def           | information_schema | INNODB_SYS_FIELDS                                    | SYSTEM VIEW | MEMORY             |      10 | Fixed      |       NULL |            594 |           0 |           16609428 |            0 |         0 |           NULL | 2018-04-03 17:10:05 | NULL                | NULL       | utf8_general_ci   |     NULL | max_rows=28244     |                                         |
| def           | information_schema | INNODB_CMP_PER_INDEX_RESET                           | SYSTEM VIEW | MEMORY             |      10 | Fixed      |       NULL |           1755 |           0 |           16728660 |            0 |         0 |           NULL | 2018-04-03 17:10:05 | NULL                | NULL       | utf8_general_ci   |     NULL | max_rows=9559      |                                         |
| def           | information_schema | INNODB_BUFFER_PAGE                                   | SYSTEM VIEW | MEMORY             |      10 | Fixed      |       NULL |           6852 |           0 |           16766844 |            0 |         0 |           NULL | 2018-04-03 17:10:05 | NULL                | NULL       | utf8_general_ci   |     NULL | max_rows=2448      |                                         |
| def           | information_schema | INNODB_FT_DEFAULT_STOPWORD                           | SYSTEM VIEW | MEMORY             |      10 | Fixed      |       NULL |             56 |           0 |           14680064 |            0 |         0 |           NULL | 2018-04-03 17:10:05 | NULL                | NULL       | utf8_general_ci   |     NULL | max_rows=299593    |                                         |
| def           | information_schema | INNODB_FT_INDEX_TABLE                                | SYSTEM VIEW | MEMORY             |      10 | Fixed      |       NULL |           1054 |           0 |           16744898 |            0 |         0 |           NULL | 2018-04-03 17:10:05 | NULL                | NULL       | utf8_general_ci   |     NULL | max_rows=15917     |                                         |
| def           | information_schema | INNODB_FT_INDEX_CACHE                                | SYSTEM VIEW | MEMORY             |      10 | Fixed      |       NULL |           1054 |           0 |           16744898 |            0 |         0 |           NULL | 2018-04-03 17:10:05 | NULL                | NULL       | utf8_general_ci   |     NULL | max_rows=15917     |                                         |
| def           | information_schema | INNODB_SYS_TABLESPACES                               | SYSTEM VIEW | MEMORY             |      10 | Fixed      |       NULL |           2133 |           0 |           16752582 |            0 |         0 |           NULL | 2018-04-03 17:10:05 | NULL                | NULL       | utf8_general_ci   |     NULL | max_rows=7865      |                                         |
| def           | information_schema | INNODB_METRICS                                       | SYSTEM VIEW | MEMORY             |      10 | Fixed      |       NULL |           2994 |           0 |           16742448 |            0 |         0 |           NULL | 2018-04-03 17:10:05 | NULL                | NULL       | utf8_general_ci   |     NULL | max_rows=5603      |                                         |
| def           | information_schema | INNODB_SYS_FOREIGN_COLS                              | SYSTEM VIEW | MEMORY             |      10 | Fixed      |       NULL |           1748 |           0 |           16738848 |            0 |         0 |           NULL | 2018-04-03 17:10:05 | NULL                | NULL       | utf8_general_ci   |     NULL | max_rows=9597      |                                         |
| def           | information_schema | INNODB_CMPMEM                                        | SYSTEM VIEW | MEMORY             |      10 | Fixed      |       NULL |             29 |           0 |           15204352 |            0 |         0 |           NULL | 2018-04-03 17:10:05 | NULL                | NULL       | utf8_general_ci   |     NULL | max_rows=578524    |                                         |
| def           | information_schema | INNODB_BUFFER_POOL_STATS                             | SYSTEM VIEW | MEMORY             |      10 | Fixed      |       NULL |            257 |           0 |           16332350 |            0 |         0 |           NULL | 2018-04-03 17:10:05 | NULL                | NULL       | utf8_general_ci   |     NULL | max_rows=65280     |                                         |
| def           | information_schema | INNODB_SYS_COLUMNS                                   | SYSTEM VIEW | MEMORY             |      10 | Fixed      |       NULL |            610 |           0 |           16613350 |            0 |         0 |           NULL | 2018-04-03 17:10:05 | NULL                | NULL       | utf8_general_ci   |     NULL | max_rows=27503     |                                         |
| def           | information_schema | INNODB_SYS_FOREIGN                                   | SYSTEM VIEW | MEMORY             |      10 | Fixed      |       NULL |           1752 |           0 |           16700064 |            0 |         0 |           NULL | 2018-04-03 17:10:05 | NULL                | NULL       | utf8_general_ci   |     NULL | max_rows=9576      |                                         |
| def           | information_schema | INNODB_SYS_TABLESTATS                                | SYSTEM VIEW | MEMORY             |      10 | Fixed      |       NULL |           1215 |           0 |           16763355 |            0 |         0 |           NULL | 2018-04-03 17:10:05 | NULL                | NULL       | utf8_general_ci   |     NULL | max_rows=13808     |                                         |
| def           | COMPANY            | department                                           | BASE TABLE  | InnoDB             |      10 | Dynamic    |          4 |           4096 |       16384 |                  0 |        49152 |         0 |           NULL | 2018-01-29 14:48:43 | NULL                | NULL       | latin1_swedish_ci |     NULL |                    |                                         |
| def           | COMPANY            | dependent                                            | BASE TABLE  | InnoDB             |      10 | Dynamic    |          4 |           4096 |       16384 |                  0 |            0 |         0 |           NULL | 2018-01-29 19:35:27 | NULL                | NULL       | latin1_swedish_ci |     NULL |                    |                                         |
| def           | COMPANY            | dept_locations                                       | BASE TABLE  | InnoDB             |      10 | Dynamic    |          5 |           3276 |       16384 |                  0 |            0 |         0 |           NULL | 2018-01-29 18:29:23 | NULL                | NULL       | latin1_swedish_ci |     NULL |                    |                                         |
| def           | COMPANY            | dup                                                  | BASE TABLE  | InnoDB             |      10 | Dynamic    |          3 |           5461 |       16384 |                  0 |            0 |         0 |           NULL | 2018-04-03 16:57:09 | 2018-04-03 17:03:20 | NULL       | latin1_swedish_ci |     NULL |                    |                                         |
| def           | COMPANY            | dup2                                                 | BASE TABLE  | InnoDB             |      10 | Dynamic    |          2 |           8192 |       16384 |                  0 |            0 |         0 |           NULL | 2018-04-03 16:58:30 | 2018-04-03 16:59:51 | NULL       | latin1_swedish_ci |     NULL |                    |                                         |
| def           | COMPANY            | dup3                                                 | BASE TABLE  | InnoDB             |      10 | Dynamic    |          2 |           8192 |       16384 |                  0 |            0 |         0 |           NULL | 2018-04-03 16:59:17 | 2018-04-03 16:59:17 | NULL       | latin1_swedish_ci |     NULL |                    |                                         |
| def           | COMPANY            | employee                                             | BASE TABLE  | InnoDB             |      10 | Dynamic    |         10 |           1638 |       16384 |                  0 |        49152 |         0 |           NULL | 2018-04-03 16:45:54 | NULL                | NULL       | latin1_swedish_ci |     NULL |                    |                                         |
| def           | COMPANY            | employee_backup                                      | BASE TABLE  | InnoDB             |      10 | Dynamic    |         10 |           1638 |       16384 |                  0 |            0 |         0 |           NULL | 2018-02-26 15:14:59 | NULL                | NULL       | latin1_swedish_ci |     NULL |                    |                                         |
| def           | COMPANY            | emptem                                               | BASE TABLE  | InnoDB             |      10 | Dynamic    |         10 |           1638 |       16384 |                  0 |            0 |         0 |           NULL | 2018-04-03 15:23:14 | 2018-04-03 15:23:15 | NULL       | latin1_swedish_ci |     NULL |                    |                                         |
| def           | COMPANY            | project                                              | BASE TABLE  | InnoDB             |      10 | Dynamic    |          4 |           4096 |       16384 |                  0 |        32768 |         0 |           NULL | 2018-01-29 18:37:02 | NULL                | NULL       | latin1_swedish_ci |     NULL |                    |                                         |
| def           | COMPANY            | works_on                                             | BASE TABLE  | InnoDB             |      10 | Dynamic    |          8 |           2048 |       16384 |                  0 |            0 |         0 |           NULL | 2018-01-29 19:14:57 | NULL                | NULL       | latin1_swedish_ci |     NULL |                    |                                         |
| def           | COMPANY            | wovvv                                                | VIEW        | NULL               |    NULL | NULL       |       NULL |           NULL |        NULL |               NULL |         NULL |      NULL |           NULL | NULL                | NULL                | NULL       | NULL              |     NULL | NULL               | VIEW                                    |
| def           | Flight             | Aircraft                                             | BASE TABLE  | InnoDB             |      10 | Dynamic    |         10 |           1638 |       16384 |                  0 |            0 |         0 |           NULL | 2018-03-11 17:16:45 | NULL                | NULL       | latin1_swedish_ci |     NULL |                    |                                         |
| def           | Flight             | Certified                                            | BASE TABLE  | InnoDB             |      10 | Dynamic    |         19 |            862 |       16384 |                  0 |        16384 |         0 |           NULL | 2018-03-11 17:16:45 | NULL                | NULL       | latin1_swedish_ci |     NULL |                    |                                         |
| def           | Flight             | ECA                                                  | VIEW        | NULL               |    NULL | NULL       |       NULL |           NULL |        NULL |               NULL |         NULL |      NULL |           NULL | NULL                | NULL                | NULL       | NULL              |     NULL | NULL               | VIEW                                    |
| def           | Flight             | Employees                                            | BASE TABLE  | InnoDB             |      10 | Dynamic    |         12 |           1365 |       16384 |                  0 |            0 |         0 |           NULL | 2018-03-11 17:16:45 | NULL                | NULL       | latin1_swedish_ci |     NULL |                    |                                         |
| def           | Flight             | Flights                                              | BASE TABLE  | InnoDB             |      10 | Dynamic    |         10 |           1638 |       16384 |                  0 |            0 |         0 |           NULL | 2018-03-11 17:16:46 | NULL                | NULL       | latin1_swedish_ci |     NULL |                    |                                         |
| def           | Flight             | v1                                                   | VIEW        | NULL               |    NULL | NULL       |       NULL |           NULL |        NULL |               NULL |         NULL |      NULL |           NULL | NULL                | NULL                | NULL       | NULL              |     NULL | NULL               | VIEW                                    |
| def           | Flight             | v6                                                   | VIEW        | NULL               |    NULL | NULL       |       NULL |           NULL |        NULL |               NULL |         NULL |      NULL |           NULL | NULL                | NULL                | NULL       | NULL              |     NULL | NULL               | VIEW                                    |
| def           | Flight             | v7                                                   | VIEW        | NULL               |    NULL | NULL       |       NULL |           NULL |        NULL |               NULL |         NULL |      NULL |           NULL | NULL                | NULL                | NULL       | NULL              |     NULL | NULL               | VIEW                                    |
| def           | Flight             | view1                                                | VIEW        | NULL               |    NULL | NULL       |       NULL |           NULL |        NULL |               NULL |         NULL |      NULL |           NULL | NULL                | NULL                | NULL       | NULL              |     NULL | NULL               | VIEW                                    |
| def           | Flight             | view2                                                | VIEW        | NULL               |    NULL | NULL       |       NULL |           NULL |        NULL |               NULL |         NULL |      NULL |           NULL | NULL                | NULL                | NULL       | NULL              |     NULL | NULL               | VIEW                                    |
| def           | Flight             | view3                                                | VIEW        | NULL               |    NULL | NULL       |       NULL |           NULL |        NULL |               NULL |         NULL |      NULL |           NULL | NULL                | NULL                | NULL       | NULL              |     NULL | NULL               | VIEW                                    |
| def           | Flight             | view4                                                | VIEW        | NULL               |    NULL | NULL       |       NULL |           NULL |        NULL |               NULL |         NULL |      NULL |           NULL | NULL                | NULL                | NULL       | NULL              |     NULL | NULL               | VIEW                                    |
| def           | Flight             | view5                                                | VIEW        | NULL               |    NULL | NULL       |       NULL |           NULL |        NULL |               NULL |         NULL |      NULL |           NULL | NULL                | NULL                | NULL       | NULL              |     NULL | NULL               | VIEW                                    |
| def           | INSTITUTE          | booksadapted                                         | BASE TABLE  | InnoDB             |      10 | Dynamic    |          4 |           4096 |       16384 |                  0 |            0 |         0 |           NULL | 2018-01-22 21:19:04 | NULL                | NULL       | latin1_swedish_ci |     NULL |                    |                                         |
| def           | INSTITUTE          | course                                               | BASE TABLE  | InnoDB             |      10 | Dynamic    |          2 |           8192 |       16384 |                  0 |            0 |         0 |           NULL | 2018-01-23 14:50:06 | NULL                | NULL       | latin1_swedish_ci |     NULL |                    |                                         |
| def           | INSTITUTE          | enroll                                               | BASE TABLE  | InnoDB             |      10 | Dynamic    |          4 |           4096 |       16384 |                  0 |            0 |         0 |           NULL | 2018-01-22 15:35:47 | NULL                | NULL       | latin1_swedish_ci |     NULL |                    |                                         |
| def           | INSTITUTE          | student                                              | BASE TABLE  | InnoDB             |      10 | Dynamic    |          5 |           3276 |       16384 |                  0 |            0 |         0 |           NULL | 2018-01-30 14:39:20 | NULL                | NULL       | latin1_swedish_ci |     NULL |                    |                                         |
| def           | INSTITUTE          | textbook                                             | BASE TABLE  | InnoDB             |      10 | Dynamic    |          4 |           4096 |       16384 |                  0 |            0 |         0 |           NULL | 2018-01-22 21:30:42 | NULL                | NULL       | latin1_swedish_ci |     NULL |                    |                                         |
| def           | mysql              | columns_priv                                         | BASE TABLE  | MyISAM             |      10 | Fixed      |          0 |              0 |           0 | 241505530017742847 |         4096 |         0 |           NULL | 2018-01-22 14:11:50 | 2018-01-22 14:11:50 | NULL       | utf8_bin          |     NULL |                    | Column privileges                       |
| def           | mysql              | db                                                   | BASE TABLE  | MyISAM             |      10 | Fixed      |          2 |            488 |         976 | 137359788634800127 |         5120 |         0 |           NULL | 2018-01-22 14:11:50 | 2018-01-22 14:12:02 | NULL       | utf8_bin          |     NULL |                    | Database privileges                     |
| def           | mysql              | engine_cost                                          | BASE TABLE  | InnoDB             |      10 | Dynamic    |          2 |           8192 |       16384 |                  0 |            0 |         0 |           NULL | 2018-01-22 14:11:54 | NULL                | NULL       | utf8_general_ci   |     NULL | stats_persistent=0 |                                         |
| def           | mysql              | event                                                | BASE TABLE  | MyISAM             |      10 | Dynamic    |          0 |              0 |           0 |    281474976710655 |         2048 |         0 |           NULL | 2018-01-22 14:11:53 | 2018-01-22 14:11:53 | NULL       | utf8_general_ci   |     NULL |                    | Events                                  |
| def           | mysql              | func                                                 | BASE TABLE  | MyISAM             |      10 | Fixed      |          0 |              0 |           0 | 162974011515469823 |         1024 |         0 |           NULL | 2018-01-22 14:11:50 | 2018-01-22 14:11:50 | NULL       | utf8_bin          |     NULL |                    | User defined functions                  |
| def           | mysql              | general_log                                          | BASE TABLE  | CSV                |      10 | Dynamic    |          2 |              0 |           0 |                  0 |            0 |         0 |           NULL | NULL                | NULL                | NULL       | utf8_general_ci   |     NULL |                    | General log                             |
| def           | mysql              | gtid_executed                                        | BASE TABLE  | InnoDB             |      10 | Dynamic    |          0 |              0 |       16384 |                  0 |            0 |         0 |           NULL | 2018-01-22 14:11:54 | NULL                | NULL       | latin1_swedish_ci |     NULL |                    |                                         |
| def           | mysql              | help_category                                        | BASE TABLE  | InnoDB             |      10 | Dynamic    |         40 |            409 |       16384 |                  0 |        16384 |         0 |           NULL | 2018-01-22 14:11:51 | NULL                | NULL       | utf8_general_ci   |     NULL | stats_persistent=0 | help categories                         |
| def           | mysql              | help_keyword                                         | BASE TABLE  | InnoDB             |      10 | Dynamic    |        653 |            150 |       98304 |                  0 |        81920 |         0 |           NULL | 2018-01-22 14:11:51 | NULL                | NULL       | utf8_general_ci   |     NULL | stats_persistent=0 | help keywords                           |
| def           | mysql              | help_relation                                        | BASE TABLE  | InnoDB             |      10 | Dynamic    |        483 |            169 |       81920 |                  0 |            0 |         0 |           NULL | 2018-01-22 14:11:51 | NULL                | NULL       | utf8_general_ci   |     NULL | stats_persistent=0 | keyword-topic relation                  |
| def           | mysql              | help_topic                                           | BASE TABLE  | InnoDB             |      10 | Dynamic    |        451 |           3523 |     1589248 |                  0 |        81920 |   4194304 |           NULL | 2018-01-22 14:11:50 | NULL                | NULL       | utf8_general_ci   |     NULL | stats_persistent=0 | help topics                             |
| def           | mysql              | innodb_index_stats                                   | BASE TABLE  | InnoDB             |      10 | Dynamic    |        251 |            195 |       49152 |                  0 |            0 |         0 |           NULL | 2018-01-22 14:11:53 | 2018-04-03 17:03:20 | NULL       | utf8_bin          |     NULL | stats_persistent=0 |                                         |
| def           | mysql              | innodb_table_stats                                   | BASE TABLE  | InnoDB             |      10 | Dynamic    |         37 |            442 |       16384 |                  0 |            0 |         0 |           NULL | 2018-01-22 14:11:53 | 2018-04-03 17:03:20 | NULL       | utf8_bin          |     NULL | stats_persistent=0 |                                         |
| def           | mysql              | ndb_binlog_index                                     | BASE TABLE  | MyISAM             |      10 | Dynamic    |          0 |              0 |           0 |    281474976710655 |         1024 |         0 |           NULL | 2018-01-22 14:11:53 | 2018-01-22 14:11:53 | NULL       | latin1_swedish_ci |     NULL |                    |                                         |
| def           | mysql              | plugin                                               | BASE TABLE  | InnoDB             |      10 | Dynamic    |          0 |              0 |       16384 |                  0 |            0 |         0 |           NULL | 2018-01-22 14:11:50 | NULL                | NULL       | utf8_general_ci   |     NULL | stats_persistent=0 | MySQL plugins                           |
| def           | mysql              | proc                                                 | BASE TABLE  | MyISAM             |      10 | Dynamic    |         49 |           6154 |      301580 |    281474976710655 |         4096 |         0 |           NULL | 2018-01-22 14:11:52 | 2018-04-03 16:32:27 | NULL       | utf8_general_ci   |     NULL |                    | Stored Procedures                       |
| def           | mysql              | procs_priv                                           | BASE TABLE  | MyISAM             |      10 | Fixed      |          0 |              0 |           0 | 266275327968280575 |         4096 |         0 |           NULL | 2018-01-22 14:11:52 | 2018-01-22 14:11:52 | NULL       | utf8_bin          |     NULL |                    | Procedure privileges                    |
| def           | mysql              | proxies_priv                                         | BASE TABLE  | MyISAM             |      10 | Fixed      |          1 |            837 |         837 | 235594555506819071 |         9216 |         0 |           NULL | 2018-01-22 14:11:59 | 2018-01-22 14:11:59 | NULL       | utf8_bin          |     NULL |                    | User proxy privileges                   |
| def           | mysql              | server_cost                                          | BASE TABLE  | InnoDB             |      10 | Dynamic    |          6 |           2730 |       16384 |                  0 |            0 |         0 |           NULL | 2018-01-22 14:11:54 | NULL                | NULL       | utf8_general_ci   |     NULL | stats_persistent=0 |                                         |
| def           | mysql              | servers                                              | BASE TABLE  | InnoDB             |      10 | Dynamic    |          0 |              0 |       16384 |                  0 |            0 |         0 |           NULL | 2018-01-22 14:11:50 | NULL                | NULL       | utf8_general_ci   |     NULL | stats_persistent=0 | MySQL Foreign Servers table             |
| def           | mysql              | slave_master_info                                    | BASE TABLE  | InnoDB             |      10 | Dynamic    |          0 |              0 |       16384 |                  0 |            0 |         0 |           NULL | 2018-01-22 14:11:53 | NULL                | NULL       | utf8_general_ci   |     NULL | stats_persistent=0 | Master Information                      |
| def           | mysql              | slave_relay_log_info                                 | BASE TABLE  | InnoDB             |      10 | Dynamic    |          0 |              0 |       16384 |                  0 |            0 |         0 |           NULL | 2018-01-22 14:11:53 | NULL                | NULL       | utf8_general_ci   |     NULL | stats_persistent=0 | Relay Log Information                   |
| def           | mysql              | slave_worker_info                                    | BASE TABLE  | InnoDB             |      10 | Dynamic    |          0 |              0 |       16384 |                  0 |            0 |         0 |           NULL | 2018-01-22 14:11:53 | NULL                | NULL       | utf8_general_ci   |     NULL | stats_persistent=0 | Worker Information                      |
| def           | mysql              | slow_log                                             | BASE TABLE  | CSV                |      10 | Dynamic    |          2 |              0 |           0 |                  0 |            0 |         0 |           NULL | NULL                | NULL                | NULL       | utf8_general_ci   |     NULL |                    | Slow log                                |
| def           | mysql              | tables_priv                                          | BASE TABLE  | MyISAM             |      10 | Fixed      |          2 |            947 |        1894 | 266556802944991231 |         9216 |         0 |           NULL | 2018-01-22 14:11:50 | 2018-01-22 14:12:02 | NULL       | utf8_bin          |     NULL |                    | Table privileges                        |
| def           | mysql              | time_zone                                            | BASE TABLE  | InnoDB             |      10 | Dynamic    |          0 |              0 |       16384 |                  0 |            0 |         0 |              1 | 2018-01-22 14:11:52 | NULL                | NULL       | utf8_general_ci   |     NULL | stats_persistent=0 | Time zones                              |
| def           | mysql              | time_zone_leap_second                                | BASE TABLE  | InnoDB             |      10 | Dynamic    |          0 |              0 |       16384 |                  0 |            0 |         0 |           NULL | 2018-01-22 14:11:52 | NULL                | NULL       | utf8_general_ci   |     NULL | stats_persistent=0 | Leap seconds information for time zones |
| def           | mysql              | time_zone_name                                       | BASE TABLE  | InnoDB             |      10 | Dynamic    |          0 |              0 |       16384 |                  0 |            0 |         0 |           NULL | 2018-01-22 14:11:51 | NULL                | NULL       | utf8_general_ci   |     NULL | stats_persistent=0 | Time zone names                         |
| def           | mysql              | time_zone_transition                                 | BASE TABLE  | InnoDB             |      10 | Dynamic    |          0 |              0 |       16384 |                  0 |            0 |         0 |           NULL | 2018-01-22 14:11:52 | NULL                | NULL       | utf8_general_ci   |     NULL | stats_persistent=0 | Time zone transitions                   |
| def           | mysql              | time_zone_transition_type                            | BASE TABLE  | InnoDB             |      10 | Dynamic    |          0 |              0 |       16384 |                  0 |            0 |         0 |           NULL | 2018-01-22 14:11:52 | NULL                | NULL       | utf8_general_ci   |     NULL | stats_persistent=0 | Time zone transition types              |
| def           | mysql              | user                                                 | BASE TABLE  | MyISAM             |      10 | Dynamic    |          6 |            130 |         780 |    281474976710655 |         4096 |         0 |           NULL | 2018-01-22 14:11:50 | 2018-04-03 15:10:32 | NULL       | utf8_bin          |     NULL |                    | Users and global privileges             |
| def           | performance_schema | accounts                                             | BASE TABLE  | PERFORMANCE_SCHEMA |      10 | Fixed      |        128 |              0 |           0 |                  0 |            0 |         0 |           NULL | NULL                | NULL                | NULL       | utf8_general_ci   |     NULL |                    |                                         |
| def           | performance_schema | cond_instances                                       | BASE TABLE  | PERFORMANCE_SCHEMA |      10 | Dynamic    |        256 |              0 |           0 |                  0 |            0 |         0 |           NULL | NULL                | NULL                | NULL       | utf8_general_ci   |     NULL |                    |                                         |
| def           | performance_schema | events_stages_current                                | BASE TABLE  | PERFORMANCE_SCHEMA |      10 | Dynamic    |        256 |              0 |           0 |                  0 |            0 |         0 |           NULL | NULL                | NULL                | NULL       | utf8_general_ci   |     NULL |                    |                                         |
| def           | performance_schema | events_stages_history                                | BASE TABLE  | PERFORMANCE_SCHEMA |      10 | Dynamic    |       2560 |              0 |           0 |                  0 |            0 |         0 |           NULL | NULL                | NULL                | NULL       | utf8_general_ci   |     NULL |                    |                                         |
| def           | performance_schema | events_stages_history_long                           | BASE TABLE  | PERFORMANCE_SCHEMA |      10 | Dynamic    |       1000 |              0 |           0 |                  0 |            0 |         0 |           NULL | NULL                | NULL                | NULL       | utf8_general_ci   |     NULL |                    |                                         |
| def           | performance_schema | events_stages_summary_by_account_by_event_name       | BASE TABLE  | PERFORMANCE_SCHEMA |      10 | Dynamic    |      19200 |              0 |           0 |                  0 |            0 |         0 |           NULL | NULL                | NULL                | NULL       | utf8_general_ci   |     NULL |                    |                                         |
| def           | performance_schema | events_stages_summary_by_host_by_event_name          | BASE TABLE  | PERFORMANCE_SCHEMA |      10 | Dynamic    |      19200 |              0 |           0 |                  0 |            0 |         0 |           NULL | NULL                | NULL                | NULL       | utf8_general_ci   |     NULL |                    |                                         |
| def           | performance_schema | events_stages_summary_by_thread_by_event_name        | BASE TABLE  | PERFORMANCE_SCHEMA |      10 | Dynamic    |      38400 |              0 |           0 |                  0 |            0 |         0 |           NULL | NULL                | NULL                | NULL       | utf8_general_ci   |     NULL |                    |                                         |
| def           | performance_schema | events_stages_summary_by_user_by_event_name          | BASE TABLE  | PERFORMANCE_SCHEMA |      10 | Dynamic    |      19200 |              0 |           0 |                  0 |            0 |         0 |           NULL | NULL                | NULL                | NULL       | utf8_general_ci   |     NULL |                    |                                         |
| def           | performance_schema | events_stages_summary_global_by_event_name           | BASE TABLE  | PERFORMANCE_SCHEMA |      10 | Dynamic    |        150 |              0 |           0 |                  0 |            0 |         0 |           NULL | NULL                | NULL                | NULL       | utf8_general_ci   |     NULL |                    |                                         |
| def           | performance_schema | events_statements_current                            | BASE TABLE  | PERFORMANCE_SCHEMA |      10 | Dynamic    |       2560 |              0 |           0 |                  0 |            0 |         0 |           NULL | NULL                | NULL                | NULL       | utf8_general_ci   |     NULL |                    |                                         |
| def           | performance_schema | events_statements_history                            | BASE TABLE  | PERFORMANCE_SCHEMA |      10 | Dynamic    |       2560 |              0 |           0 |                  0 |            0 |         0 |           NULL | NULL                | NULL                | NULL       | utf8_general_ci   |     NULL |                    |                                         |
| def           | performance_schema | events_statements_history_long                       | BASE TABLE  | PERFORMANCE_SCHEMA |      10 | Dynamic    |       1000 |              0 |           0 |                  0 |            0 |         0 |           NULL | NULL                | NULL                | NULL       | utf8_general_ci   |     NULL |                    |                                         |
| def           | performance_schema | events_statements_summary_by_account_by_event_name   | BASE TABLE  | PERFORMANCE_SCHEMA |      10 | Dynamic    |      24704 |              0 |           0 |                  0 |            0 |         0 |           NULL | NULL                | NULL                | NULL       | utf8_general_ci   |     NULL |                    |                                         |
| def           | performance_schema | events_statements_summary_by_digest                  | BASE TABLE  | PERFORMANCE_SCHEMA |      10 | Dynamic    |       5000 |              0 |           0 |                  0 |            0 |         0 |           NULL | NULL                | NULL                | NULL       | utf8_general_ci   |     NULL |                    |                                         |
| def           | performance_schema | events_statements_summary_by_host_by_event_name      | BASE TABLE  | PERFORMANCE_SCHEMA |      10 | Dynamic    |      24704 |              0 |           0 |                  0 |            0 |         0 |           NULL | NULL                | NULL                | NULL       | utf8_general_ci   |     NULL |                    |                                         |
| def           | performance_schema | events_statements_summary_by_program                 | BASE TABLE  | PERFORMANCE_SCHEMA |      10 | Dynamic    |          0 |              0 |           0 |                  0 |            0 |         0 |           NULL | NULL                | NULL                | NULL       | utf8_general_ci   |     NULL |                    |                                         |
| def           | performance_schema | events_statements_summary_by_thread_by_event_name    | BASE TABLE  | PERFORMANCE_SCHEMA |      10 | Dynamic    |      49408 |              0 |           0 |                  0 |            0 |         0 |           NULL | NULL                | NULL                | NULL       | utf8_general_ci   |     NULL |                    |                                         |
| def           | performance_schema | events_statements_summary_by_user_by_event_name      | BASE TABLE  | PERFORMANCE_SCHEMA |      10 | Dynamic    |      24704 |              0 |           0 |                  0 |            0 |         0 |           NULL | NULL                | NULL                | NULL       | utf8_general_ci   |     NULL |                    |                                         |
| def           | performance_schema | events_statements_summary_global_by_event_name       | BASE TABLE  | PERFORMANCE_SCHEMA |      10 | Dynamic    |        193 |              0 |           0 |                  0 |            0 |         0 |           NULL | NULL                | NULL                | NULL       | utf8_general_ci   |     NULL |                    |                                         |
| def           | performance_schema | events_transactions_current                          | BASE TABLE  | PERFORMANCE_SCHEMA |      10 | Dynamic    |        256 |              0 |           0 |                  0 |            0 |         0 |           NULL | NULL                | NULL                | NULL       | utf8_general_ci   |     NULL |                    |                                         |
| def           | performance_schema | events_transactions_history                          | BASE TABLE  | PERFORMANCE_SCHEMA |      10 | Dynamic    |       2560 |              0 |           0 |                  0 |            0 |         0 |           NULL | NULL                | NULL                | NULL       | utf8_general_ci   |     NULL |                    |                                         |
| def           | performance_schema | events_transactions_history_long                     | BASE TABLE  | PERFORMANCE_SCHEMA |      10 | Dynamic    |       1000 |              0 |           0 |                  0 |            0 |         0 |           NULL | NULL                | NULL                | NULL       | utf8_general_ci   |     NULL |                    |                                         |
| def           | performance_schema | events_transactions_summary_by_account_by_event_name | BASE TABLE  | PERFORMANCE_SCHEMA |      10 | Dynamic    |        128 |              0 |           0 |                  0 |            0 |         0 |           NULL | NULL                | NULL                | NULL       | utf8_general_ci   |     NULL |                    |                                         |
| def           | performance_schema | events_transactions_summary_by_host_by_event_name    | BASE TABLE  | PERFORMANCE_SCHEMA |      10 | Dynamic    |        128 |              0 |           0 |                  0 |            0 |         0 |           NULL | NULL                | NULL                | NULL       | utf8_general_ci   |     NULL |                    |                                         |
| def           | performance_schema | events_transactions_summary_by_thread_by_event_name  | BASE TABLE  | PERFORMANCE_SCHEMA |      10 | Dynamic    |        256 |              0 |           0 |                  0 |            0 |         0 |           NULL | NULL                | NULL                | NULL       | utf8_general_ci   |     NULL |                    |                                         |
| def           | performance_schema | events_transactions_summary_by_user_by_event_name    | BASE TABLE  | PERFORMANCE_SCHEMA |      10 | Dynamic    |        128 |              0 |           0 |                  0 |            0 |         0 |           NULL | NULL                | NULL                | NULL       | utf8_general_ci   |     NULL |                    |                                         |
| def           | performance_schema | events_transactions_summary_global_by_event_name     | BASE TABLE  | PERFORMANCE_SCHEMA |      10 | Dynamic    |          1 |              0 |           0 |                  0 |            0 |         0 |           NULL | NULL                | NULL                | NULL       | utf8_general_ci   |     NULL |                    |                                         |
| def           | performance_schema | events_waits_current                                 | BASE TABLE  | PERFORMANCE_SCHEMA |      10 | Dynamic    |       1536 |              0 |           0 |                  0 |            0 |         0 |           NULL | NULL                | NULL                | NULL       | utf8_general_ci   |     NULL |                    |                                         |
| def           | performance_schema | events_waits_history                                 | BASE TABLE  | PERFORMANCE_SCHEMA |      10 | Dynamic    |       2560 |              0 |           0 |                  0 |            0 |         0 |           NULL | NULL                | NULL                | NULL       | utf8_general_ci   |     NULL |                    |                                         |
| def           | performance_schema | events_waits_history_long                            | BASE TABLE  | PERFORMANCE_SCHEMA |      10 | Dynamic    |       1000 |              0 |           0 |                  0 |            0 |         0 |           NULL | NULL                | NULL                | NULL       | utf8_general_ci   |     NULL |                    |                                         |
| def           | performance_schema | events_waits_summary_by_account_by_event_name        | BASE TABLE  | PERFORMANCE_SCHEMA |      10 | Dynamic    |      54272 |              0 |           0 |                  0 |            0 |         0 |           NULL | NULL                | NULL                | NULL       | utf8_general_ci   |     NULL |                    |                                         |
| def           | performance_schema | events_waits_summary_by_host_by_event_name           | BASE TABLE  | PERFORMANCE_SCHEMA |      10 | Dynamic    |      54272 |              0 |           0 |                  0 |            0 |         0 |           NULL | NULL                | NULL                | NULL       | utf8_general_ci   |     NULL |                    |                                         |
| def           | performance_schema | events_waits_summary_by_instance                     | BASE TABLE  | PERFORMANCE_SCHEMA |      10 | Dynamic    |       6656 |              0 |           0 |                  0 |            0 |         0 |           NULL | NULL                | NULL                | NULL       | utf8_general_ci   |     NULL |                    |                                         |
| def           | performance_schema | events_waits_summary_by_thread_by_event_name         | BASE TABLE  | PERFORMANCE_SCHEMA |      10 | Dynamic    |     108544 |              0 |           0 |                  0 |            0 |         0 |           NULL | NULL                | NULL                | NULL       | utf8_general_ci   |     NULL |                    |                                         |
| def           | performance_schema | events_waits_summary_by_user_by_event_name           | BASE TABLE  | PERFORMANCE_SCHEMA |      10 | Dynamic    |      54272 |              0 |           0 |                  0 |            0 |         0 |           NULL | NULL                | NULL                | NULL       | utf8_general_ci   |     NULL |                    |                                         |
| def           | performance_schema | events_waits_summary_global_by_event_name            | BASE TABLE  | PERFORMANCE_SCHEMA |      10 | Dynamic    |        424 |              0 |           0 |                  0 |            0 |         0 |           NULL | NULL                | NULL                | NULL       | utf8_general_ci   |     NULL |                    |                                         |
| def           | performance_schema | file_instances                                       | BASE TABLE  | PERFORMANCE_SCHEMA |      10 | Dynamic    |       4096 |              0 |           0 |                  0 |            0 |         0 |           NULL | NULL                | NULL                | NULL       | utf8_general_ci   |     NULL |                    |                                         |
| def           | performance_schema | file_summary_by_event_name                           | BASE TABLE  | PERFORMANCE_SCHEMA |      10 | Dynamic    |         80 |              0 |           0 |                  0 |            0 |         0 |           NULL | NULL                | NULL                | NULL       | utf8_general_ci   |     NULL |                    |                                         |
| def           | performance_schema | file_summary_by_instance                             | BASE TABLE  | PERFORMANCE_SCHEMA |      10 | Dynamic    |       4096 |              0 |           0 |                  0 |            0 |         0 |           NULL | NULL                | NULL                | NULL       | utf8_general_ci   |     NULL |                    |                                         |
| def           | performance_schema | global_status                                        | BASE TABLE  | PERFORMANCE_SCHEMA |      10 | Dynamic    |        165 |              0 |           0 |                  0 |            0 |         0 |           NULL | NULL                | NULL                | NULL       | utf8_general_ci   |     NULL |                    |                                         |
| def           | performance_schema | global_variables                                     | BASE TABLE  | PERFORMANCE_SCHEMA |      10 | Dynamic    |        527 |              0 |           0 |                  0 |            0 |         0 |           NULL | NULL                | NULL                | NULL       | utf8_general_ci   |     NULL |                    |                                         |
| def           | performance_schema | host_cache                                           | BASE TABLE  | PERFORMANCE_SCHEMA |      10 | Dynamic    |        279 |              0 |           0 |                  0 |            0 |         0 |           NULL | NULL                | NULL                | NULL       | utf8_general_ci   |     NULL |                    |                                         |
| def           | performance_schema | hosts                                                | BASE TABLE  | PERFORMANCE_SCHEMA |      10 | Fixed      |        128 |              0 |           0 |                  0 |            0 |         0 |           NULL | NULL                | NULL                | NULL       | utf8_general_ci   |     NULL |                    |                                         |
| def           | performance_schema | memory_summary_by_account_by_event_name              | BASE TABLE  | PERFORMANCE_SCHEMA |      10 | Dynamic    |      40960 |              0 |           0 |                  0 |            0 |         0 |           NULL | NULL                | NULL                | NULL       | utf8_general_ci   |     NULL |                    |                                         |
| def           | performance_schema | memory_summary_by_host_by_event_name                 | BASE TABLE  | PERFORMANCE_SCHEMA |      10 | Dynamic    |      40960 |              0 |           0 |                  0 |            0 |         0 |           NULL | NULL                | NULL                | NULL       | utf8_general_ci   |     NULL |                    |                                         |
| def           | performance_schema | memory_summary_by_thread_by_event_name               | BASE TABLE  | PERFORMANCE_SCHEMA |      10 | Dynamic    |      81920 |              0 |           0 |                  0 |            0 |         0 |           NULL | NULL                | NULL                | NULL       | utf8_general_ci   |     NULL |                    |                                         |
| def           | performance_schema | memory_summary_by_user_by_event_name                 | BASE TABLE  | PERFORMANCE_SCHEMA |      10 | Dynamic    |      40960 |              0 |           0 |                  0 |            0 |         0 |           NULL | NULL                | NULL                | NULL       | utf8_general_ci   |     NULL |                    |                                         |
| def           | performance_schema | memory_summary_global_by_event_name                  | BASE TABLE  | PERFORMANCE_SCHEMA |      10 | Dynamic    |        320 |              0 |           0 |                  0 |            0 |         0 |           NULL | NULL                | NULL                | NULL       | utf8_general_ci   |     NULL |                    |                                         |
| def           | performance_schema | metadata_locks                                       | BASE TABLE  | PERFORMANCE_SCHEMA |      10 | Dynamic    |          0 |              0 |           0 |                  0 |            0 |         0 |           NULL | NULL                | NULL                | NULL       | utf8_general_ci   |     NULL |                    |                                         |
| def           | performance_schema | mutex_instances                                      | BASE TABLE  | PERFORMANCE_SCHEMA |      10 | Dynamic    |       1024 |              0 |           0 |                  0 |            0 |         0 |           NULL | NULL                | NULL                | NULL       | utf8_general_ci   |     NULL |                    |                                         |
| def           | performance_schema | objects_summary_global_by_type                       | BASE TABLE  | PERFORMANCE_SCHEMA |      10 | Dynamic    |       4096 |              0 |           0 |                  0 |            0 |         0 |           NULL | NULL                | NULL                | NULL       | utf8_general_ci   |     NULL |                    |                                         |
| def           | performance_schema | performance_timers                                   | BASE TABLE  | PERFORMANCE_SCHEMA |      10 | Fixed      |          5 |              0 |           0 |                  0 |            0 |         0 |           NULL | NULL                | NULL                | NULL       | utf8_general_ci   |     NULL |                    |                                         |
| def           | performance_schema | prepared_statements_instances                        | BASE TABLE  | PERFORMANCE_SCHEMA |      10 | Dynamic    |          0 |              0 |           0 |                  0 |            0 |         0 |           NULL | NULL                | NULL                | NULL       | utf8_general_ci   |     NULL |                    |                                         |
| def           | performance_schema | replication_applier_configuration                    | BASE TABLE  | PERFORMANCE_SCHEMA |      10 | Fixed      |        256 |              0 |           0 |                  0 |            0 |         0 |           NULL | NULL                | NULL                | NULL       | utf8_general_ci   |     NULL |                    |                                         |
| def           | performance_schema | replication_applier_status                           | BASE TABLE  | PERFORMANCE_SCHEMA |      10 | Fixed      |        256 |              0 |           0 |                  0 |            0 |         0 |           NULL | NULL                | NULL                | NULL       | utf8_general_ci   |     NULL |                    |                                         |
| def           | performance_schema | replication_applier_status_by_coordinator            | BASE TABLE  | PERFORMANCE_SCHEMA |      10 | Dynamic    |        256 |              0 |           0 |                  0 |            0 |         0 |           NULL | NULL                | NULL                | NULL       | utf8_general_ci   |     NULL |                    |                                         |
| def           | performance_schema | replication_applier_status_by_worker                 | BASE TABLE  | PERFORMANCE_SCHEMA |      10 | Dynamic    |       8192 |              0 |           0 |                  0 |            0 |         0 |           NULL | NULL                | NULL                | NULL       | utf8_general_ci   |     NULL |                    |                                         |
| def           | performance_schema | replication_connection_configuration                 | BASE TABLE  | PERFORMANCE_SCHEMA |      10 | Dynamic    |        256 |              0 |           0 |                  0 |            0 |         0 |           NULL | NULL                | NULL                | NULL       | utf8_general_ci   |     NULL |                    |                                         |
| def           | performance_schema | replication_connection_status                        | BASE TABLE  | PERFORMANCE_SCHEMA |      10 | Dynamic    |        256 |              0 |           0 |                  0 |            0 |         0 |           NULL | NULL                | NULL                | NULL       | utf8_general_ci   |     NULL |                    |                                         |
| def           | performance_schema | replication_group_member_stats                       | BASE TABLE  | PERFORMANCE_SCHEMA |      10 | Dynamic    |          0 |              0 |           0 |                  0 |            0 |         0 |           NULL | NULL                | NULL                | NULL       | utf8_general_ci   |     NULL |                    |                                         |
| def           | performance_schema | replication_group_members                            | BASE TABLE  | PERFORMANCE_SCHEMA |      10 | Fixed      |          0 |              0 |           0 |                  0 |            0 |         0 |           NULL | NULL                | NULL                | NULL       | utf8_general_ci   |     NULL |                    |                                         |
| def           | performance_schema | rwlock_instances                                     | BASE TABLE  | PERFORMANCE_SCHEMA |      10 | Dynamic    |       1024 |              0 |           0 |                  0 |            0 |         0 |           NULL | NULL                | NULL                | NULL       | utf8_general_ci   |     NULL |                    |                                         |
| def           | performance_schema | session_account_connect_attrs                        | BASE TABLE  | PERFORMANCE_SCHEMA |      10 | Dynamic    |     131072 |              0 |           0 |                  0 |            0 |         0 |           NULL | NULL                | NULL                | NULL       | utf8_bin          |     NULL |                    |                                         |
| def           | performance_schema | session_connect_attrs                                | BASE TABLE  | PERFORMANCE_SCHEMA |      10 | Dynamic    |     131072 |              0 |           0 |                  0 |            0 |         0 |           NULL | NULL                | NULL                | NULL       | utf8_bin          |     NULL |                    |                                         |
| def           | performance_schema | session_status                                       | BASE TABLE  | PERFORMANCE_SCHEMA |      10 | Dynamic    |        165 |              0 |           0 |                  0 |            0 |         0 |           NULL | NULL                | NULL                | NULL       | utf8_general_ci   |     NULL |                    |                                         |
| def           | performance_schema | session_variables                                    | BASE TABLE  | PERFORMANCE_SCHEMA |      10 | Dynamic    |        527 |              0 |           0 |                  0 |            0 |         0 |           NULL | NULL                | NULL                | NULL       | utf8_general_ci   |     NULL |                    |                                         |
| def           | performance_schema | setup_actors                                         | BASE TABLE  | PERFORMANCE_SCHEMA |      10 | Fixed      |        128 |              0 |           0 |                  0 |            0 |         0 |           NULL | NULL                | NULL                | NULL       | utf8_general_ci   |     NULL |                    |                                         |
| def           | performance_schema | setup_consumers                                      | BASE TABLE  | PERFORMANCE_SCHEMA |      10 | Dynamic    |         15 |              0 |           0 |                  0 |            0 |         0 |           NULL | NULL                | NULL                | NULL       | utf8_general_ci   |     NULL |                    |                                         |
| def           | performance_schema | setup_instruments                                    | BASE TABLE  | PERFORMANCE_SCHEMA |      10 | Dynamic    |       1088 |              0 |           0 |                  0 |            0 |         0 |           NULL | NULL                | NULL                | NULL       | utf8_general_ci   |     NULL |                    |                                         |
| def           | performance_schema | setup_objects                                        | BASE TABLE  | PERFORMANCE_SCHEMA |      10 | Dynamic    |        128 |              0 |           0 |                  0 |            0 |         0 |           NULL | NULL                | NULL                | NULL       | utf8_general_ci   |     NULL |                    |                                         |
| def           | performance_schema | setup_timers                                         | BASE TABLE  | PERFORMANCE_SCHEMA |      10 | Dynamic    |          5 |              0 |           0 |                  0 |            0 |         0 |           NULL | NULL                | NULL                | NULL       | utf8_general_ci   |     NULL |                    |                                         |
| def           | performance_schema | socket_instances                                     | BASE TABLE  | PERFORMANCE_SCHEMA |      10 | Dynamic    |        256 |              0 |           0 |                  0 |            0 |         0 |           NULL | NULL                | NULL                | NULL       | utf8_general_ci   |     NULL |                    |                                         |
| def           | performance_schema | socket_summary_by_event_name                         | BASE TABLE  | PERFORMANCE_SCHEMA |      10 | Dynamic    |         10 |              0 |           0 |                  0 |            0 |         0 |           NULL | NULL                | NULL                | NULL       | utf8_general_ci   |     NULL |                    |                                         |
| def           | performance_schema | socket_summary_by_instance                           | BASE TABLE  | PERFORMANCE_SCHEMA |      10 | Dynamic    |        256 |              0 |           0 |                  0 |            0 |         0 |           NULL | NULL                | NULL                | NULL       | utf8_general_ci   |     NULL |                    |                                         |
| def           | performance_schema | status_by_account                                    | BASE TABLE  | PERFORMANCE_SCHEMA |      10 | Dynamic    |      21120 |              0 |           0 |                  0 |            0 |         0 |           NULL | NULL                | NULL                | NULL       | utf8_general_ci   |     NULL |                    |                                         |
| def           | performance_schema | status_by_host                                       | BASE TABLE  | PERFORMANCE_SCHEMA |      10 | Dynamic    |      21120 |              0 |           0 |                  0 |            0 |         0 |           NULL | NULL                | NULL                | NULL       | utf8_general_ci   |     NULL |                    |                                         |
| def           | performance_schema | status_by_thread                                     | BASE TABLE  | PERFORMANCE_SCHEMA |      10 | Dynamic    |      42240 |              0 |           0 |                  0 |            0 |         0 |           NULL | NULL                | NULL                | NULL       | utf8_general_ci   |     NULL |                    |                                         |
| def           | performance_schema | status_by_user                                       | BASE TABLE  | PERFORMANCE_SCHEMA |      10 | Dynamic    |      21120 |              0 |           0 |                  0 |            0 |         0 |           NULL | NULL                | NULL                | NULL       | utf8_general_ci   |     NULL |                    |                                         |
| def           | performance_schema | table_handles                                        | BASE TABLE  | PERFORMANCE_SCHEMA |      10 | Dynamic    |       1024 |              0 |           0 |                  0 |            0 |         0 |           NULL | NULL                | NULL                | NULL       | utf8_general_ci   |     NULL |                    |                                         |
| def           | performance_schema | table_io_waits_summary_by_index_usage                | BASE TABLE  | PERFORMANCE_SCHEMA |      10 | Dynamic    |       8192 |              0 |           0 |                  0 |            0 |         0 |           NULL | NULL                | NULL                | NULL       | utf8_general_ci   |     NULL |                    |                                         |
| def           | performance_schema | table_io_waits_summary_by_table                      | BASE TABLE  | PERFORMANCE_SCHEMA |      10 | Dynamic    |       4096 |              0 |           0 |                  0 |            0 |         0 |           NULL | NULL                | NULL                | NULL       | utf8_general_ci   |     NULL |                    |                                         |
| def           | performance_schema | table_lock_waits_summary_by_table                    | BASE TABLE  | PERFORMANCE_SCHEMA |      10 | Dynamic    |       4096 |              0 |           0 |                  0 |            0 |         0 |           NULL | NULL                | NULL                | NULL       | utf8_general_ci   |     NULL |                    |                                         |
| def           | performance_schema | threads                                              | BASE TABLE  | PERFORMANCE_SCHEMA |      10 | Dynamic    |        256 |              0 |           0 |                  0 |            0 |         0 |           NULL | NULL                | NULL                | NULL       | utf8_general_ci   |     NULL |                    |                                         |
| def           | performance_schema | user_variables_by_thread                             | BASE TABLE  | PERFORMANCE_SCHEMA |      10 | Dynamic    |       2560 |              0 |           0 |                  0 |            0 |         0 |           NULL | NULL                | NULL                | NULL       | utf8_general_ci   |     NULL |                    |                                         |
| def           | performance_schema | users                                                | BASE TABLE  | PERFORMANCE_SCHEMA |      10 | Fixed      |        128 |              0 |           0 |                  0 |            0 |         0 |           NULL | NULL                | NULL                | NULL       | utf8_general_ci   |     NULL |                    |                                         |
| def           | performance_schema | variables_by_thread                                  | BASE TABLE  | PERFORMANCE_SCHEMA |      10 | Dynamic    |     134912 |              0 |           0 |                  0 |            0 |         0 |           NULL | NULL                | NULL                | NULL       | utf8_general_ci   |     NULL |                    |                                         |
| def           | suppliers          | part                                                 | BASE TABLE  | InnoDB             |      10 | Dynamic    |          6 |           2730 |       16384 |                  0 |            0 |         0 |           NULL | 2018-02-27 14:48:10 | NULL                | NULL       | latin1_swedish_ci |     NULL |                    |                                         |
| def           | suppliers          | project                                              | BASE TABLE  | InnoDB             |      10 | Dynamic    |          5 |           3276 |       16384 |                  0 |            0 |         0 |           NULL | 2018-02-27 14:49:17 | NULL                | NULL       | latin1_swedish_ci |     NULL |                    |                                         |
| def           | suppliers          | s2                                                   | VIEW        | NULL               |    NULL | NULL       |       NULL |           NULL |        NULL |               NULL |         NULL |      NULL |           NULL | NULL                | NULL                | NULL       | NULL              |     NULL | NULL               | VIEW                                    |
| def           | suppliers          | spj                                                  | BASE TABLE  | InnoDB             |      10 | Dynamic    |         19 |            862 |       16384 |                  0 |        32768 |         0 |           NULL | 2018-03-09 11:06:16 | NULL                | NULL       | latin1_swedish_ci |     NULL |                    |                                         |
| def           | suppliers          | supplier                                             | BASE TABLE  | InnoDB             |      10 | Dynamic    |          7 |           2340 |       16384 |                  0 |            0 |         0 |           NULL | 2018-02-27 14:45:53 | NULL                | NULL       | latin1_swedish_ci |     NULL |                    |                                         |
| def           | suppliers          | v1                                                   | VIEW        | NULL               |    NULL | NULL       |       NULL |           NULL |        NULL |               NULL |         NULL |      NULL |           NULL | NULL                | NULL                | NULL       | NULL              |     NULL | NULL               | VIEW                                    |
| def           | suppliers          | v2                                                   | VIEW        | NULL               |    NULL | NULL       |       NULL |           NULL |        NULL |               NULL |         NULL |      NULL |           NULL | NULL                | NULL                | NULL       | NULL              |     NULL | NULL               | VIEW                                    |
| def           | suppliers          | v3                                                   | VIEW        | NULL               |    NULL | NULL       |       NULL |           NULL |        NULL |               NULL |         NULL |      NULL |           NULL | NULL                | NULL                | NULL       | NULL              |     NULL | NULL               | VIEW                                    |
| def           | sys                | host_summary                                         | VIEW        | NULL               |    NULL | NULL       |       NULL |           NULL |        NULL |               NULL |         NULL |      NULL |           NULL | NULL                | NULL                | NULL       | NULL              |     NULL | NULL               | VIEW                                    |
| def           | sys                | host_summary_by_file_io                              | VIEW        | NULL               |    NULL | NULL       |       NULL |           NULL |        NULL |               NULL |         NULL |      NULL |           NULL | NULL                | NULL                | NULL       | NULL              |     NULL | NULL               | VIEW                                    |
| def           | sys                | host_summary_by_file_io_type                         | VIEW        | NULL               |    NULL | NULL       |       NULL |           NULL |        NULL |               NULL |         NULL |      NULL |           NULL | NULL                | NULL                | NULL       | NULL              |     NULL | NULL               | VIEW                                    |
| def           | sys                | host_summary_by_stages                               | VIEW        | NULL               |    NULL | NULL       |       NULL |           NULL |        NULL |               NULL |         NULL |      NULL |           NULL | NULL                | NULL                | NULL       | NULL              |     NULL | NULL               | VIEW                                    |
| def           | sys                | host_summary_by_statement_latency                    | VIEW        | NULL               |    NULL | NULL       |       NULL |           NULL |        NULL |               NULL |         NULL |      NULL |           NULL | NULL                | NULL                | NULL       | NULL              |     NULL | NULL               | VIEW                                    |
| def           | sys                | host_summary_by_statement_type                       | VIEW        | NULL               |    NULL | NULL       |       NULL |           NULL |        NULL |               NULL |         NULL |      NULL |           NULL | NULL                | NULL                | NULL       | NULL              |     NULL | NULL               | VIEW                                    |
| def           | sys                | innodb_buffer_stats_by_schema                        | VIEW        | NULL               |    NULL | NULL       |       NULL |           NULL |        NULL |               NULL |         NULL |      NULL |           NULL | NULL                | NULL                | NULL       | NULL              |     NULL | NULL               | VIEW                                    |
| def           | sys                | innodb_buffer_stats_by_table                         | VIEW        | NULL               |    NULL | NULL       |       NULL |           NULL |        NULL |               NULL |         NULL |      NULL |           NULL | NULL                | NULL                | NULL       | NULL              |     NULL | NULL               | VIEW                                    |
| def           | sys                | innodb_lock_waits                                    | VIEW        | NULL               |    NULL | NULL       |       NULL |           NULL |        NULL |               NULL |         NULL |      NULL |           NULL | NULL                | NULL                | NULL       | NULL              |     NULL | NULL               | VIEW                                    |
| def           | sys                | io_by_thread_by_latency                              | VIEW        | NULL               |    NULL | NULL       |       NULL |           NULL |        NULL |               NULL |         NULL |      NULL |           NULL | NULL                | NULL                | NULL       | NULL              |     NULL | NULL               | VIEW                                    |
| def           | sys                | io_global_by_file_by_bytes                           | VIEW        | NULL               |    NULL | NULL       |       NULL |           NULL |        NULL |               NULL |         NULL |      NULL |           NULL | NULL                | NULL                | NULL       | NULL              |     NULL | NULL               | VIEW                                    |
| def           | sys                | io_global_by_file_by_latency                         | VIEW        | NULL               |    NULL | NULL       |       NULL |           NULL |        NULL |               NULL |         NULL |      NULL |           NULL | NULL                | NULL                | NULL       | NULL              |     NULL | NULL               | VIEW                                    |
| def           | sys                | io_global_by_wait_by_bytes                           | VIEW        | NULL               |    NULL | NULL       |       NULL |           NULL |        NULL |               NULL |         NULL |      NULL |           NULL | NULL                | NULL                | NULL       | NULL              |     NULL | NULL               | VIEW                                    |
| def           | sys                | io_global_by_wait_by_latency                         | VIEW        | NULL               |    NULL | NULL       |       NULL |           NULL |        NULL |               NULL |         NULL |      NULL |           NULL | NULL                | NULL                | NULL       | NULL              |     NULL | NULL               | VIEW                                    |
| def           | sys                | latest_file_io                                       | VIEW        | NULL               |    NULL | NULL       |       NULL |           NULL |        NULL |               NULL |         NULL |      NULL |           NULL | NULL                | NULL                | NULL       | NULL              |     NULL | NULL               | VIEW                                    |
| def           | sys                | memory_by_host_by_current_bytes                      | VIEW        | NULL               |    NULL | NULL       |       NULL |           NULL |        NULL |               NULL |         NULL |      NULL |           NULL | NULL                | NULL                | NULL       | NULL              |     NULL | NULL               | VIEW                                    |
| def           | sys                | memory_by_thread_by_current_bytes                    | VIEW        | NULL               |    NULL | NULL       |       NULL |           NULL |        NULL |               NULL |         NULL |      NULL |           NULL | NULL                | NULL                | NULL       | NULL              |     NULL | NULL               | VIEW                                    |
| def           | sys                | memory_by_user_by_current_bytes                      | VIEW        | NULL               |    NULL | NULL       |       NULL |           NULL |        NULL |               NULL |         NULL |      NULL |           NULL | NULL                | NULL                | NULL       | NULL              |     NULL | NULL               | VIEW                                    |
| def           | sys                | memory_global_by_current_bytes                       | VIEW        | NULL               |    NULL | NULL       |       NULL |           NULL |        NULL |               NULL |         NULL |      NULL |           NULL | NULL                | NULL                | NULL       | NULL              |     NULL | NULL               | VIEW                                    |
| def           | sys                | memory_global_total                                  | VIEW        | NULL               |    NULL | NULL       |       NULL |           NULL |        NULL |               NULL |         NULL |      NULL |           NULL | NULL                | NULL                | NULL       | NULL              |     NULL | NULL               | VIEW                                    |
| def           | sys                | metrics                                              | VIEW        | NULL               |    NULL | NULL       |       NULL |           NULL |        NULL |               NULL |         NULL |      NULL |           NULL | NULL                | NULL                | NULL       | NULL              |     NULL | NULL               | VIEW                                    |
| def           | sys                | processlist                                          | VIEW        | NULL               |    NULL | NULL       |       NULL |           NULL |        NULL |               NULL |         NULL |      NULL |           NULL | NULL                | NULL                | NULL       | NULL              |     NULL | NULL               | VIEW                                    |
| def           | sys                | ps_check_lost_instrumentation                        | VIEW        | NULL               |    NULL | NULL       |       NULL |           NULL |        NULL |               NULL |         NULL |      NULL |           NULL | NULL                | NULL                | NULL       | NULL              |     NULL | NULL               | VIEW                                    |
| def           | sys                | schema_auto_increment_columns                        | VIEW        | NULL               |    NULL | NULL       |       NULL |           NULL |        NULL |               NULL |         NULL |      NULL |           NULL | NULL                | NULL                | NULL       | NULL              |     NULL | NULL               | VIEW                                    |
| def           | sys                | schema_index_statistics                              | VIEW        | NULL               |    NULL | NULL       |       NULL |           NULL |        NULL |               NULL |         NULL |      NULL |           NULL | NULL                | NULL                | NULL       | NULL              |     NULL | NULL               | VIEW                                    |
| def           | sys                | schema_object_overview                               | VIEW        | NULL               |    NULL | NULL       |       NULL |           NULL |        NULL |               NULL |         NULL |      NULL |           NULL | NULL                | NULL                | NULL       | NULL              |     NULL | NULL               | VIEW                                    |
| def           | sys                | schema_redundant_indexes                             | VIEW        | NULL               |    NULL | NULL       |       NULL |           NULL |        NULL |               NULL |         NULL |      NULL |           NULL | NULL                | NULL                | NULL       | NULL              |     NULL | NULL               | VIEW                                    |
| def           | sys                | schema_table_lock_waits                              | VIEW        | NULL               |    NULL | NULL       |       NULL |           NULL |        NULL |               NULL |         NULL |      NULL |           NULL | NULL                | NULL                | NULL       | NULL              |     NULL | NULL               | VIEW                                    |
| def           | sys                | schema_table_statistics                              | VIEW        | NULL               |    NULL | NULL       |       NULL |           NULL |        NULL |               NULL |         NULL |      NULL |           NULL | NULL                | NULL                | NULL       | NULL              |     NULL | NULL               | VIEW                                    |
| def           | sys                | schema_table_statistics_with_buffer                  | VIEW        | NULL               |    NULL | NULL       |       NULL |           NULL |        NULL |               NULL |         NULL |      NULL |           NULL | NULL                | NULL                | NULL       | NULL              |     NULL | NULL               | VIEW                                    |
| def           | sys                | schema_tables_with_full_table_scans                  | VIEW        | NULL               |    NULL | NULL       |       NULL |           NULL |        NULL |               NULL |         NULL |      NULL |           NULL | NULL                | NULL                | NULL       | NULL              |     NULL | NULL               | VIEW                                    |
| def           | sys                | schema_unused_indexes                                | VIEW        | NULL               |    NULL | NULL       |       NULL |           NULL |        NULL |               NULL |         NULL |      NULL |           NULL | NULL                | NULL                | NULL       | NULL              |     NULL | NULL               | VIEW                                    |
| def           | sys                | session                                              | VIEW        | NULL               |    NULL | NULL       |       NULL |           NULL |        NULL |               NULL |         NULL |      NULL |           NULL | NULL                | NULL                | NULL       | NULL              |     NULL | NULL               | VIEW                                    |
| def           | sys                | session_ssl_status                                   | VIEW        | NULL               |    NULL | NULL       |       NULL |           NULL |        NULL |               NULL |         NULL |      NULL |           NULL | NULL                | NULL                | NULL       | NULL              |     NULL | NULL               | VIEW                                    |
| def           | sys                | statement_analysis                                   | VIEW        | NULL               |    NULL | NULL       |       NULL |           NULL |        NULL |               NULL |         NULL |      NULL |           NULL | NULL                | NULL                | NULL       | NULL              |     NULL | NULL               | VIEW                                    |
| def           | sys                | statements_with_errors_or_warnings                   | VIEW        | NULL               |    NULL | NULL       |       NULL |           NULL |        NULL |               NULL |         NULL |      NULL |           NULL | NULL                | NULL                | NULL       | NULL              |     NULL | NULL               | VIEW                                    |
| def           | sys                | statements_with_full_table_scans                     | VIEW        | NULL               |    NULL | NULL       |       NULL |           NULL |        NULL |               NULL |         NULL |      NULL |           NULL | NULL                | NULL                | NULL       | NULL              |     NULL | NULL               | VIEW                                    |
| def           | sys                | statements_with_runtimes_in_95th_percentile          | VIEW        | NULL               |    NULL | NULL       |       NULL |           NULL |        NULL |               NULL |         NULL |      NULL |           NULL | NULL                | NULL                | NULL       | NULL              |     NULL | NULL               | VIEW                                    |
| def           | sys                | statements_with_sorting                              | VIEW        | NULL               |    NULL | NULL       |       NULL |           NULL |        NULL |               NULL |         NULL |      NULL |           NULL | NULL                | NULL                | NULL       | NULL              |     NULL | NULL               | VIEW                                    |
| def           | sys                | statements_with_temp_tables                          | VIEW        | NULL               |    NULL | NULL       |       NULL |           NULL |        NULL |               NULL |         NULL |      NULL |           NULL | NULL                | NULL                | NULL       | NULL              |     NULL | NULL               | VIEW                                    |
| def           | sys                | sys_config                                           | BASE TABLE  | InnoDB             |      10 | Dynamic    |          6 |           2730 |       16384 |                  0 |            0 |         0 |           NULL | 2018-01-22 14:12:02 | NULL                | NULL       | utf8_general_ci   |     NULL |                    |                                         |
| def           | sys                | user_summary                                         | VIEW        | NULL               |    NULL | NULL       |       NULL |           NULL |        NULL |               NULL |         NULL |      NULL |           NULL | NULL                | NULL                | NULL       | NULL              |     NULL | NULL               | VIEW                                    |
| def           | sys                | user_summary_by_file_io                              | VIEW        | NULL               |    NULL | NULL       |       NULL |           NULL |        NULL |               NULL |         NULL |      NULL |           NULL | NULL                | NULL                | NULL       | NULL              |     NULL | NULL               | VIEW                                    |
| def           | sys                | user_summary_by_file_io_type                         | VIEW        | NULL               |    NULL | NULL       |       NULL |           NULL |        NULL |               NULL |         NULL |      NULL |           NULL | NULL                | NULL                | NULL       | NULL              |     NULL | NULL               | VIEW                                    |
| def           | sys                | user_summary_by_stages                               | VIEW        | NULL               |    NULL | NULL       |       NULL |           NULL |        NULL |               NULL |         NULL |      NULL |           NULL | NULL                | NULL                | NULL       | NULL              |     NULL | NULL               | VIEW                                    |
| def           | sys                | user_summary_by_statement_latency                    | VIEW        | NULL               |    NULL | NULL       |       NULL |           NULL |        NULL |               NULL |         NULL |      NULL |           NULL | NULL                | NULL                | NULL       | NULL              |     NULL | NULL               | VIEW                                    |
| def           | sys                | user_summary_by_statement_type                       | VIEW        | NULL               |    NULL | NULL       |       NULL |           NULL |        NULL |               NULL |         NULL |      NULL |           NULL | NULL                | NULL                | NULL       | NULL              |     NULL | NULL               | VIEW                                    |
| def           | sys                | version                                              | VIEW        | NULL               |    NULL | NULL       |       NULL |           NULL |        NULL |               NULL |         NULL |      NULL |           NULL | NULL                | NULL                | NULL       | NULL              |     NULL | NULL               | VIEW                                    |
| def           | sys                | wait_classes_global_by_avg_latency                   | VIEW        | NULL               |    NULL | NULL       |       NULL |           NULL |        NULL |               NULL |         NULL |      NULL |           NULL | NULL                | NULL                | NULL       | NULL              |     NULL | NULL               | VIEW                                    |
| def           | sys                | wait_classes_global_by_latency                       | VIEW        | NULL               |    NULL | NULL       |       NULL |           NULL |        NULL |               NULL |         NULL |      NULL |           NULL | NULL                | NULL                | NULL       | NULL              |     NULL | NULL               | VIEW                                    |
| def           | sys                | waits_by_host_by_latency                             | VIEW        | NULL               |    NULL | NULL       |       NULL |           NULL |        NULL |               NULL |         NULL |      NULL |           NULL | NULL                | NULL                | NULL       | NULL              |     NULL | NULL               | VIEW                                    |
| def           | sys                | waits_by_user_by_latency                             | VIEW        | NULL               |    NULL | NULL       |       NULL |           NULL |        NULL |               NULL |         NULL |      NULL |           NULL | NULL                | NULL                | NULL       | NULL              |     NULL | NULL               | VIEW                                    |
| def           | sys                | waits_global_by_latency                              | VIEW        | NULL               |    NULL | NULL       |       NULL |           NULL |        NULL |               NULL |         NULL |      NULL |           NULL | NULL                | NULL                | NULL       | NULL              |     NULL | NULL               | VIEW                                    |
| def           | sys                | x$host_summary                                       | VIEW        | NULL               |    NULL | NULL       |       NULL |           NULL |        NULL |               NULL |         NULL |      NULL |           NULL | NULL                | NULL                | NULL       | NULL              |     NULL | NULL               | VIEW                                    |
| def           | sys                | x$host_summary_by_file_io                            | VIEW        | NULL               |    NULL | NULL       |       NULL |           NULL |        NULL |               NULL |         NULL |      NULL |           NULL | NULL                | NULL                | NULL       | NULL              |     NULL | NULL               | VIEW                                    |
| def           | sys                | x$host_summary_by_file_io_type                       | VIEW        | NULL               |    NULL | NULL       |       NULL |           NULL |        NULL |               NULL |         NULL |      NULL |           NULL | NULL                | NULL                | NULL       | NULL              |     NULL | NULL               | VIEW                                    |
| def           | sys                | x$host_summary_by_stages                             | VIEW        | NULL               |    NULL | NULL       |       NULL |           NULL |        NULL |               NULL |         NULL |      NULL |           NULL | NULL                | NULL                | NULL       | NULL              |     NULL | NULL               | VIEW                                    |
| def           | sys                | x$host_summary_by_statement_latency                  | VIEW        | NULL               |    NULL | NULL       |       NULL |           NULL |        NULL |               NULL |         NULL |      NULL |           NULL | NULL                | NULL                | NULL       | NULL              |     NULL | NULL               | VIEW                                    |
| def           | sys                | x$host_summary_by_statement_type                     | VIEW        | NULL               |    NULL | NULL       |       NULL |           NULL |        NULL |               NULL |         NULL |      NULL |           NULL | NULL                | NULL                | NULL       | NULL              |     NULL | NULL               | VIEW                                    |
| def           | sys                | x$innodb_buffer_stats_by_schema                      | VIEW        | NULL               |    NULL | NULL       |       NULL |           NULL |        NULL |               NULL |         NULL |      NULL |           NULL | NULL                | NULL                | NULL       | NULL              |     NULL | NULL               | VIEW                                    |
| def           | sys                | x$innodb_buffer_stats_by_table                       | VIEW        | NULL               |    NULL | NULL       |       NULL |           NULL |        NULL |               NULL |         NULL |      NULL |           NULL | NULL                | NULL                | NULL       | NULL              |     NULL | NULL               | VIEW                                    |
| def           | sys                | x$innodb_lock_waits                                  | VIEW        | NULL               |    NULL | NULL       |       NULL |           NULL |        NULL |               NULL |         NULL |      NULL |           NULL | NULL                | NULL                | NULL       | NULL              |     NULL | NULL               | VIEW                                    |
| def           | sys                | x$io_by_thread_by_latency                            | VIEW        | NULL               |    NULL | NULL       |       NULL |           NULL |        NULL |               NULL |         NULL |      NULL |           NULL | NULL                | NULL                | NULL       | NULL              |     NULL | NULL               | VIEW                                    |
| def           | sys                | x$io_global_by_file_by_bytes                         | VIEW        | NULL               |    NULL | NULL       |       NULL |           NULL |        NULL |               NULL |         NULL |      NULL |           NULL | NULL                | NULL                | NULL       | NULL              |     NULL | NULL               | VIEW                                    |
| def           | sys                | x$io_global_by_file_by_latency                       | VIEW        | NULL               |    NULL | NULL       |       NULL |           NULL |        NULL |               NULL |         NULL |      NULL |           NULL | NULL                | NULL                | NULL       | NULL              |     NULL | NULL               | VIEW                                    |
| def           | sys                | x$io_global_by_wait_by_bytes                         | VIEW        | NULL               |    NULL | NULL       |       NULL |           NULL |        NULL |               NULL |         NULL |      NULL |           NULL | NULL                | NULL                | NULL       | NULL              |     NULL | NULL               | VIEW                                    |
| def           | sys                | x$io_global_by_wait_by_latency                       | VIEW        | NULL               |    NULL | NULL       |       NULL |           NULL |        NULL |               NULL |         NULL |      NULL |           NULL | NULL                | NULL                | NULL       | NULL              |     NULL | NULL               | VIEW                                    |
| def           | sys                | x$latest_file_io                                     | VIEW        | NULL               |    NULL | NULL       |       NULL |           NULL |        NULL |               NULL |         NULL |      NULL |           NULL | NULL                | NULL                | NULL       | NULL              |     NULL | NULL               | VIEW                                    |
| def           | sys                | x$memory_by_host_by_current_bytes                    | VIEW        | NULL               |    NULL | NULL       |       NULL |           NULL |        NULL |               NULL |         NULL |      NULL |           NULL | NULL                | NULL                | NULL       | NULL              |     NULL | NULL               | VIEW                                    |
| def           | sys                | x$memory_by_thread_by_current_bytes                  | VIEW        | NULL               |    NULL | NULL       |       NULL |           NULL |        NULL |               NULL |         NULL |      NULL |           NULL | NULL                | NULL                | NULL       | NULL              |     NULL | NULL               | VIEW                                    |
| def           | sys                | x$memory_by_user_by_current_bytes                    | VIEW        | NULL               |    NULL | NULL       |       NULL |           NULL |        NULL |               NULL |         NULL |      NULL |           NULL | NULL                | NULL                | NULL       | NULL              |     NULL | NULL               | VIEW                                    |
| def           | sys                | x$memory_global_by_current_bytes                     | VIEW        | NULL               |    NULL | NULL       |       NULL |           NULL |        NULL |               NULL |         NULL |      NULL |           NULL | NULL                | NULL                | NULL       | NULL              |     NULL | NULL               | VIEW                                    |
| def           | sys                | x$memory_global_total                                | VIEW        | NULL               |    NULL | NULL       |       NULL |           NULL |        NULL |               NULL |         NULL |      NULL |           NULL | NULL                | NULL                | NULL       | NULL              |     NULL | NULL               | VIEW                                    |
| def           | sys                | x$processlist                                        | VIEW        | NULL               |    NULL | NULL       |       NULL |           NULL |        NULL |               NULL |         NULL |      NULL |           NULL | NULL                | NULL                | NULL       | NULL              |     NULL | NULL               | VIEW                                    |
| def           | sys                | x$ps_digest_95th_percentile_by_avg_us                | VIEW        | NULL               |    NULL | NULL       |       NULL |           NULL |        NULL |               NULL |         NULL |      NULL |           NULL | NULL                | NULL                | NULL       | NULL              |     NULL | NULL               | VIEW                                    |
| def           | sys                | x$ps_digest_avg_latency_distribution                 | VIEW        | NULL               |    NULL | NULL       |       NULL |           NULL |        NULL |               NULL |         NULL |      NULL |           NULL | NULL                | NULL                | NULL       | NULL              |     NULL | NULL               | VIEW                                    |
| def           | sys                | x$ps_schema_table_statistics_io                      | VIEW        | NULL               |    NULL | NULL       |       NULL |           NULL |        NULL |               NULL |         NULL |      NULL |           NULL | NULL                | NULL                | NULL       | NULL              |     NULL | NULL               | VIEW                                    |
| def           | sys                | x$schema_flattened_keys                              | VIEW        | NULL               |    NULL | NULL       |       NULL |           NULL |        NULL |               NULL |         NULL |      NULL |           NULL | NULL                | NULL                | NULL       | NULL              |     NULL | NULL               | VIEW                                    |
| def           | sys                | x$schema_index_statistics                            | VIEW        | NULL               |    NULL | NULL       |       NULL |           NULL |        NULL |               NULL |         NULL |      NULL |           NULL | NULL                | NULL                | NULL       | NULL              |     NULL | NULL               | VIEW                                    |
| def           | sys                | x$schema_table_lock_waits                            | VIEW        | NULL               |    NULL | NULL       |       NULL |           NULL |        NULL |               NULL |         NULL |      NULL |           NULL | NULL                | NULL                | NULL       | NULL              |     NULL | NULL               | VIEW                                    |
| def           | sys                | x$schema_table_statistics                            | VIEW        | NULL               |    NULL | NULL       |       NULL |           NULL |        NULL |               NULL |         NULL |      NULL |           NULL | NULL                | NULL                | NULL       | NULL              |     NULL | NULL               | VIEW                                    |
| def           | sys                | x$schema_table_statistics_with_buffer                | VIEW        | NULL               |    NULL | NULL       |       NULL |           NULL |        NULL |               NULL |         NULL |      NULL |           NULL | NULL                | NULL                | NULL       | NULL              |     NULL | NULL               | VIEW                                    |
| def           | sys                | x$schema_tables_with_full_table_scans                | VIEW        | NULL               |    NULL | NULL       |       NULL |           NULL |        NULL |               NULL |         NULL |      NULL |           NULL | NULL                | NULL                | NULL       | NULL              |     NULL | NULL               | VIEW                                    |
| def           | sys                | x$session                                            | VIEW        | NULL               |    NULL | NULL       |       NULL |           NULL |        NULL |               NULL |         NULL |      NULL |           NULL | NULL                | NULL                | NULL       | NULL              |     NULL | NULL               | VIEW                                    |
| def           | sys                | x$statement_analysis                                 | VIEW        | NULL               |    NULL | NULL       |       NULL |           NULL |        NULL |               NULL |         NULL |      NULL |           NULL | NULL                | NULL                | NULL       | NULL              |     NULL | NULL               | VIEW                                    |
| def           | sys                | x$statements_with_errors_or_warnings                 | VIEW        | NULL               |    NULL | NULL       |       NULL |           NULL |        NULL |               NULL |         NULL |      NULL |           NULL | NULL                | NULL                | NULL       | NULL              |     NULL | NULL               | VIEW                                    |
| def           | sys                | x$statements_with_full_table_scans                   | VIEW        | NULL               |    NULL | NULL       |       NULL |           NULL |        NULL |               NULL |         NULL |      NULL |           NULL | NULL                | NULL                | NULL       | NULL              |     NULL | NULL               | VIEW                                    |
| def           | sys                | x$statements_with_runtimes_in_95th_percentile        | VIEW        | NULL               |    NULL | NULL       |       NULL |           NULL |        NULL |               NULL |         NULL |      NULL |           NULL | NULL                | NULL                | NULL       | NULL              |     NULL | NULL               | VIEW                                    |
| def           | sys                | x$statements_with_sorting                            | VIEW        | NULL               |    NULL | NULL       |       NULL |           NULL |        NULL |               NULL |         NULL |      NULL |           NULL | NULL                | NULL                | NULL       | NULL              |     NULL | NULL               | VIEW                                    |
| def           | sys                | x$statements_with_temp_tables                        | VIEW        | NULL               |    NULL | NULL       |       NULL |           NULL |        NULL |               NULL |         NULL |      NULL |           NULL | NULL                | NULL                | NULL       | NULL              |     NULL | NULL               | VIEW                                    |
| def           | sys                | x$user_summary                                       | VIEW        | NULL               |    NULL | NULL       |       NULL |           NULL |        NULL |               NULL |         NULL |      NULL |           NULL | NULL                | NULL                | NULL       | NULL              |     NULL | NULL               | VIEW                                    |
| def           | sys                | x$user_summary_by_file_io                            | VIEW        | NULL               |    NULL | NULL       |       NULL |           NULL |        NULL |               NULL |         NULL |      NULL |           NULL | NULL                | NULL                | NULL       | NULL              |     NULL | NULL               | VIEW                                    |
| def           | sys                | x$user_summary_by_file_io_type                       | VIEW        | NULL               |    NULL | NULL       |       NULL |           NULL |        NULL |               NULL |         NULL |      NULL |           NULL | NULL                | NULL                | NULL       | NULL              |     NULL | NULL               | VIEW                                    |
| def           | sys                | x$user_summary_by_stages                             | VIEW        | NULL               |    NULL | NULL       |       NULL |           NULL |        NULL |               NULL |         NULL |      NULL |           NULL | NULL                | NULL                | NULL       | NULL              |     NULL | NULL               | VIEW                                    |
| def           | sys                | x$user_summary_by_statement_latency                  | VIEW        | NULL               |    NULL | NULL       |       NULL |           NULL |        NULL |               NULL |         NULL |      NULL |           NULL | NULL                | NULL                | NULL       | NULL              |     NULL | NULL               | VIEW                                    |
| def           | sys                | x$user_summary_by_statement_type                     | VIEW        | NULL               |    NULL | NULL       |       NULL |           NULL |        NULL |               NULL |         NULL |      NULL |           NULL | NULL                | NULL                | NULL       | NULL              |     NULL | NULL               | VIEW                                    |
| def           | sys                | x$wait_classes_global_by_avg_latency                 | VIEW        | NULL               |    NULL | NULL       |       NULL |           NULL |        NULL |               NULL |         NULL |      NULL |           NULL | NULL                | NULL                | NULL       | NULL              |     NULL | NULL               | VIEW                                    |
| def           | sys                | x$wait_classes_global_by_latency                     | VIEW        | NULL               |    NULL | NULL       |       NULL |           NULL |        NULL |               NULL |         NULL |      NULL |           NULL | NULL                | NULL                | NULL       | NULL              |     NULL | NULL               | VIEW                                    |
| def           | sys                | x$waits_by_host_by_latency                           | VIEW        | NULL               |    NULL | NULL       |       NULL |           NULL |        NULL |               NULL |         NULL |      NULL |           NULL | NULL                | NULL                | NULL       | NULL              |     NULL | NULL               | VIEW                                    |
| def           | sys                | x$waits_by_user_by_latency                           | VIEW        | NULL               |    NULL | NULL       |       NULL |           NULL |        NULL |               NULL |         NULL |      NULL |           NULL | NULL                | NULL                | NULL       | NULL              |     NULL | NULL               | VIEW                                    |
| def           | sys                | x$waits_global_by_latency                            | VIEW        | NULL               |    NULL | NULL       |       NULL |           NULL |        NULL |               NULL |         NULL |      NULL |           NULL | NULL                | NULL                | NULL       | NULL              |     NULL | NULL               | VIEW                                    |
| def           | university         | advisor                                              | BASE TABLE  | InnoDB             |      10 | Dynamic    |          9 |           1820 |       16384 |                  0 |        16384 |         0 |           NULL | 2018-03-03 22:53:44 | NULL                | NULL       | latin1_swedish_ci |     NULL |                    |                                         |
| def           | university         | classroom                                            | BASE TABLE  | InnoDB             |      10 | Dynamic    |          5 |           3276 |       16384 |                  0 |            0 |         0 |           NULL | 2018-03-03 22:53:41 | NULL                | NULL       | latin1_swedish_ci |     NULL |                    |                                         |
| def           | university         | course                                               | BASE TABLE  | InnoDB             |      10 | Dynamic    |         13 |           1260 |       16384 |                  0 |        16384 |         0 |           NULL | 2018-03-03 22:53:42 | NULL                | NULL       | latin1_swedish_ci |     NULL |                    |                                         |
| def           | university         | department                                           | BASE TABLE  | InnoDB             |      10 | Dynamic    |          7 |           2340 |       16384 |                  0 |            0 |         0 |           NULL | 2018-03-03 22:53:42 | NULL                | NULL       | latin1_swedish_ci |     NULL |                    |                                         |
| def           | university         | instructor                                           | BASE TABLE  | InnoDB             |      10 | Dynamic    |         12 |           1365 |       16384 |                  0 |        16384 |         0 |           NULL | 2018-03-03 22:53:42 | NULL                | NULL       | latin1_swedish_ci |     NULL |                    |                                         |
| def           | university         | prereq                                               | BASE TABLE  | InnoDB             |      10 | Dynamic    |          7 |           2340 |       16384 |                  0 |        16384 |         0 |           NULL | 2018-03-03 22:53:44 | NULL                | NULL       | latin1_swedish_ci |     NULL |                    |                                         |
| def           | university         | section                                              | BASE TABLE  | InnoDB             |      10 | Dynamic    |         15 |           1092 |       16384 |                  0 |        16384 |         0 |           NULL | 2018-03-03 22:53:42 | NULL                | NULL       | latin1_swedish_ci |     NULL |                    |                                         |
| def           | university         | student                                              | BASE TABLE  | InnoDB             |      10 | Dynamic    |         13 |           1260 |       16384 |                  0 |        16384 |         0 |           NULL | 2018-03-03 22:53:43 | NULL                | NULL       | latin1_swedish_ci |     NULL |                    |                                         |
| def           | university         | takes                                                | BASE TABLE  | InnoDB             |      10 | Dynamic    |         22 |            744 |       16384 |                  0 |        16384 |         0 |           NULL | 2018-03-03 22:53:43 | NULL                | NULL       | latin1_swedish_ci |     NULL |                    |                                         |
| def           | university         | teaches                                              | BASE TABLE  | InnoDB             |      10 | Dynamic    |         15 |           1092 |       16384 |                  0 |        16384 |         0 |           NULL | 2018-03-03 22:53:43 | NULL                | NULL       | latin1_swedish_ci |     NULL |                    |                                         |
| def           | university         | time_slot                                            | BASE TABLE  | InnoDB             |      10 | Dynamic    |         20 |            819 |       16384 |                  0 |            0 |         0 |           NULL | 2018-03-03 22:53:44 | NULL                | NULL       | latin1_swedish_ci |     NULL |                    |                                         |
| def           | university         | view1                                                | VIEW        | NULL               |    NULL | NULL       |       NULL |           NULL |        NULL |               NULL |         NULL |      NULL |           NULL | NULL                | NULL                | NULL       | NULL              |     NULL | NULL               | VIEW                                    |
| def           | university         | view2                                                | VIEW        | NULL               |    NULL | NULL       |       NULL |           NULL |        NULL |               NULL |         NULL |      NULL |           NULL | NULL                | NULL                | NULL       | NULL              |     NULL | NULL               | VIEW                                    |
+---------------+--------------------+------------------------------------------------------+-------------+--------------------+---------+------------+------------+----------------+-------------+--------------------+--------------+-----------+----------------+---------------------+---------------------+------------+-------------------+----------+--------------------+-----------------------------------------+
331 rows in set (0.17 sec)

mysql> alter table EMPLOYEE add FULLTEXT(Fname,Lname,Address);
ERROR 1044 (42000): Access denied for user 'deva'@'localhost' to database 'information_schema'
mysql> use COMPANY;
Reading table information for completion of table and column names
You can turn off this feature to get a quicker startup with -A

Database changed
mysql> alter table EMPLOYEE add FULLTEXT(Fname,Lname,Address);
ERROR 1146 (42S02): Table 'COMPANY.EMPLOYEE' doesn't exist
mysql> alter table employee add FULLTEXT(Fname,Lname,Address);
Query OK, 0 rows affected (1.40 sec)
Records: 0  Duplicates: 0  Warnings: 0

mysql> select * from employee where MATCH(Fname,Lname,Address) against ("mysql oracle" IN BOOLEAN MODE);
Empty set (0.00 sec)

mysql> select * from employee;
+----------+-------+-----------+-----------+------------+-----------------------------+------+----------+-----------+-----+
| Fname    | Minit | Lname     | Ssn       | Bdate      | Address                     | Sex  | Salary   | Super_Ssn | Dno |
+----------+-------+-----------+-----------+------------+-----------------------------+------+----------+-----------+-----+
| John     | B     | Smith     | 123456789 | 1965-03-09 | 731 Fondren,Houseton,TX     | M    | 30000.00 | 333445555 |   6 |
| Franklin | T     | Wong      | 333445555 | 1955-12-08 | 678 Voss,Houseton,TX        | M    | 40000.00 | 888665555 |   6 |
| Cecilia  | F     | Kolonsky  | 345678912 | 1960-04-05 | 1978 Windy lane,Houseton,TX | F    | 43000.00 | 333445555 |   2 |
| Joyce    | A     | English   | 453453453 | 1972-12-31 | 6448 Rice,Houseton,TX       | M    | 25000.00 | 333445555 |   2 |
| Arun Roy | K     | Narayanan | 666884444 | 1962-01-15 | 112 Fire oak,Houseton,TX    | M    | 38000.00 | 333445555 |   5 |
| Deva     | D     | Sushmitha | 755016802 | 1975-01-09 | 197 Berry,Houseton,TX       | F    | 75000.00 | NULL      |   2 |
| James    | E     | Bong      | 888665555 | 1937-11-10 | 450 stone,Houseton,TX       | M    | 55000.00 | NULL      |   5 |
| Jennifer | S     | Wallace   | 987654321 | 1941-06-20 | 182 Berry,Houseton,TX       | F    | 43000.00 | 888665555 |   5 |
| Ahmed    | V     | Jabbar    | 987987987 | 1937-03-10 | 980 Dallas,Houseton,TX      | M    | 25000.00 | 987654321 |   6 |
| Alicia   | J     | Zelaya    | 999887777 | 1968-01-19 | 897 Castle,Houseton,TX      | F    | 27500.00 | 987654321 |   6 |
+----------+-------+-----------+-----------+------------+-----------------------------+------+----------+-----------+-----+
10 rows in set (0.00 sec)

mysql> update employee set Fname='oracle' where Fname='Alicia';
Query OK, 1 row affected (0.15 sec)
Rows matched: 1  Changed: 1  Warnings: 0

mysql> select * from employee where MATCH(Fname,Lname,Address) against ("mysql oracle" IN BOOLEAN MODE);
+--------+-------+--------+-----------+------------+------------------------+------+----------+-----------+-----+
| Fname  | Minit | Lname  | Ssn       | Bdate      | Address                | Sex  | Salary   | Super_Ssn | Dno |
+--------+-------+--------+-----------+------------+------------------------+------+----------+-----------+-----+
| oracle | J     | Zelaya | 999887777 | 1968-01-19 | 897 Castle,Houseton,TX | F    | 27500.00 | 987654321 |   6 |
+--------+-------+--------+-----------+------------+------------------------+------+----------+-----------+-----+
1 row in set (0.00 sec)

mysql> quit
